Archive member included to satisfy reference by file (symbol)

/media/adrian/129A6F639A6F41F9/N3lib/examples/tunnel/nflib/lib/libn3lib.a(n3_draw.o)
                              main.o (N3_TexturedQuad)
/media/adrian/129A6F639A6F41F9/N3lib/examples/tunnel/nflib/lib/libn3lib.a(n3_load.o)
                              main.o (N3_InitBuffers)
/media/adrian/129A6F639A6F41F9/N3lib/examples/tunnel/nflib/lib/libn3lib.a(n3_system.o)
                              main.o (N3_Set3D)
/media/adrian/129A6F639A6F41F9/N3lib/examples/tunnel/nflib/lib/libn3lib.a(n3_vram.o)
                              main.o (N3_VramTexture)
/media/adrian/129A6F639A6F41F9/N3lib/examples/tunnel/nflib/lib/libn3lib.a(n3_debug.o)
                              /media/adrian/129A6F639A6F41F9/N3lib/examples/tunnel/nflib/lib/libn3lib.a(n3_load.o) (N3_Error)
/media/adrian/129A6F639A6F41F9/N3lib/examples/tunnel/nflib/lib/libn3lib.a(n3_defines.o)
                              /media/adrian/129A6F639A6F41F9/N3lib/examples/tunnel/nflib/lib/libn3lib.a(n3_draw.o) (N3_PALETTE)
/opt/devkitpro/libnds/lib/libfilesystem.a(nitrofs.o)
                              /media/adrian/129A6F639A6F41F9/N3lib/examples/tunnel/nflib/lib/libn3lib.a(n3_load.o) (nitroFSInit)
/opt/devkitpro/libnds/lib/libfat.a(libfat.o)
                              /media/adrian/129A6F639A6F41F9/N3lib/examples/tunnel/nflib/lib/libn3lib.a(n3_load.o) (fatInitDefault)
/opt/devkitpro/libnds/lib/libfat.a(disc.o)
                              /opt/devkitpro/libnds/lib/libfat.a(libfat.o) (_FAT_disc_interfaces)
/opt/devkitpro/libnds/lib/libfat.a(fatfile.o)
                              /opt/devkitpro/libnds/lib/libfat.a(libfat.o) (_FAT_open_r)
/opt/devkitpro/libnds/lib/libfat.a(cache.o)
                              /opt/devkitpro/libnds/lib/libfat.a(fatfile.o) (_FAT_cache_readSectors)
/opt/devkitpro/libnds/lib/libfat.a(fatdir.o)
                              /opt/devkitpro/libnds/lib/libfat.a(libfat.o) (_FAT_stat_r)
/opt/devkitpro/libnds/lib/libfat.a(directory.o)
                              /opt/devkitpro/libnds/lib/libfat.a(fatfile.o) (_FAT_directory_entryGetCluster)
/opt/devkitpro/libnds/lib/libfat.a(partition.o)
                              /opt/devkitpro/libnds/lib/libfat.a(libfat.o) (_FAT_partition_destructor)
/opt/devkitpro/libnds/lib/libfat.a(lock.o)
                              /opt/devkitpro/libnds/lib/libfat.a(partition.o) (_FAT_lock_init)
/opt/devkitpro/libnds/lib/libfat.a(filetime.o)
                              /opt/devkitpro/libnds/lib/libfat.a(fatfile.o) (_FAT_filetime_getTimeFromRTC)
/opt/devkitpro/libnds/lib/libfat.a(file_allocation_table.o)
                              /opt/devkitpro/libnds/lib/libfat.a(fatfile.o) (_FAT_fat_nextCluster)
/opt/devkitpro/libnds/lib/libnds9.a(trig.o)
                              /media/adrian/129A6F639A6F41F9/N3lib/examples/tunnel/nflib/lib/libn3lib.a(n3_system.o) (tanLerp)
/opt/devkitpro/libnds/lib/libnds9.a(video.o)
                              /media/adrian/129A6F639A6F41F9/N3lib/examples/tunnel/nflib/lib/libn3lib.a(n3_debug.o) (setBrightness)
/opt/devkitpro/libnds/lib/libnds9.a(touch.o)
                              main.o (touchRead)
/opt/devkitpro/libnds/lib/libnds9.a(console.o)
                              main.o (consoleDemoInit)
/opt/devkitpro/libnds/lib/libnds9.a(videoGL.o)
                              /media/adrian/129A6F639A6F41F9/N3lib/examples/tunnel/nflib/lib/libn3lib.a(n3_system.o) (glInit_C)
/opt/devkitpro/libnds/lib/libnds9.a(keys.o)
                              main.o (scanKeys)
/opt/devkitpro/libnds/lib/libnds9.a(dldi.o)
                              /opt/devkitpro/libnds/lib/libfat.a(disc.o) (dldiGetInternal)
/opt/devkitpro/libnds/lib/libnds9.a(initSystem.o)
                              /opt/devkitpro/devkitARM/bin/../lib/gcc/arm-none-eabi/11.2.0/../../../../arm-none-eabi/lib/thumb/ds_arm9_crt0.o (initSystem)
/opt/devkitpro/libnds/lib/libnds9.a(securearea.o)
                              /opt/devkitpro/devkitARM/bin/../lib/gcc/arm-none-eabi/11.2.0/../../../../arm-none-eabi/lib/thumb/ds_arm9_crt0.o (__secure_area__)
/opt/devkitpro/libnds/lib/libnds9.a(interrupts.o)
                              /opt/devkitpro/libnds/lib/libnds9.a(initSystem.o) (irqInit)
/opt/devkitpro/libnds/lib/libnds9.a(libnds_exit.arm.o)
                              /opt/devkitpro/devkitARM/bin/../lib/gcc/arm-none-eabi/11.2.0/../../../../arm-none-eabi/lib/thumb/ds_arm9_crt0.o (__libnds_exit)
/opt/devkitpro/libnds/lib/libnds9.a(card.o)
                              /opt/devkitpro/libnds/lib/libfilesystem.a(nitrofs.o) (cardParamCommand)
/opt/devkitpro/libnds/lib/libnds9.a(fifosystem.o)
                              /opt/devkitpro/libnds/lib/libnds9.a(initSystem.o) (fifoSetValue32Handler)
/opt/devkitpro/libnds/lib/libnds9.a(dcache.o)
                              /media/adrian/129A6F639A6F41F9/N3lib/examples/tunnel/nflib/lib/libn3lib.a(n3_system.o) (DC_FlushRange)
/opt/devkitpro/libnds/lib/libnds9.a(dldi_stub.o)
[...]
Memory Configuration

Name             Origin             Length             Attributes
ewram            0x0000000002000000 0x0000000000380000
dtcm             0x0000000002ff0000 0x0000000000004000
vectors          0x0000000001000000 0x0000000000000100
itcm             0x0000000001000100 0x0000000000007f00
*default*        0x0000000000000000 0xffffffffffffffff

Linker script and memory map

                0x0000000002380000                __ewram_end = (ORIGIN (ewram) + LENGTH (ewram))
                0x0000000002380000                __eheap_end = (ORIGIN (ewram) + LENGTH (ewram))
                0x0000000002ff4000                __dtcm_top = (ORIGIN (dtcm) + LENGTH (dtcm))
                0x0000000002ff3ff8                __irq_flags = (__dtcm_top - 0x8)
                0x0000000002ff3ffc                __irq_vector = (__dtcm_top - 0x4)
                0x0000000002ff3f00                __sp_svc = (__dtcm_top - 0x100)
                0x0000000002ff3e00                __sp_irq = (__sp_svc - 0x100)
                0x0000000002ff3d00                __sp_usr = (__sp_irq - 0x100)

.secure         0x0000000002000000      0x800
 *(.secure)
 .secure        0x0000000002000000      0x800 /opt/devkitpro/libnds/lib/libnds9.a(securearea.o)
                0x0000000002000000                __secure_area__

.crt0           0x0000000002000800      0x300
                0x0000000002000800                __text_start = .
 *(.crt0)
 .crt0          0x0000000002000800      0x300 /opt/devkitpro/devkitARM/bin/../lib/gcc/arm-none-eabi/11.2.0/../../../../arm-none-eabi/lib/thumb/ds_arm9_crt0.o
                0x0000000002000800                _start
                0x0000000002000b00                . = ALIGN (0x4)

.plt
 *(.plt)

.init           0x0000000002000b00        0xc
 *(SORT_NONE(.init))
 .init          0x0000000002000b00        0x4 /opt/devkitpro/devkitARM/bin/../lib/gcc/arm-none-eabi/11.2.0/thumb/crti.o
                0x0000000002000b00                _init
 .init          0x0000000002000b04        0x8 /opt/devkitpro/devkitARM/bin/../lib/gcc/arm-none-eabi/11.2.0/thumb/crtn.o

.text           0x0000000002000b40    0x1ba48
 *(EXCLUDE_FILE(*.twl* *.vectors* *.itcm*) .text)
 .text          0x0000000002000b40      0x930 main.o
                0x0000000002000b40                Render3dWorld
 .text          0x0000000002001470      0x35c /media/adrian/129A6F639A6F41F9/N3lib/examples/tunnel/nflib/lib/libn3lib.a(n3_draw.o)
                0x0000000002001470                N3_SolidTriangle
                0x0000000002001520                N3_TexturedTriangle
                0x00000000020015e4                N3_SolidQuad
                0x00000000020016c8                N3_TexturedQuad
 .text          0x00000000020017cc      0x3e4 /media/adrian/129A6F639A6F41F9/N3lib/examples/tunnel/nflib/lib/libn3lib.a(n3_load.o)
                0x00000000020017cc                N3_InitBuffers
                0x000000000200180c                N3_ResetBuffers
                0x0000000002001844                N3_RootPath
                0x000000000200186c                N3_InitFilesystem
                0x000000000200193c                N3_LoadTexture
                0x0000000002001a3c                N3_UnloadTexture
                0x0000000002001a74                N3_LoadPal
                0x0000000002001b78                N3_UnloadPal
 .text          0x0000000002001bb0      0x808 /media/adrian/129A6F639A6F41F9/N3lib/examples/tunnel/nflib/lib/libn3lib.a(n3_system.o)
                0x0000000002001bb0                N3_Set3D
                0x0000000002001c08                N3_Init3dEngine
                0x0000000002002230                N3_GetTextureSize
                0x0000000002002280                N3_3dLayer
                0x0000000002002334                N3_DmaMemCopy
 .text          0x00000000020023b8      0x6c8 /media/adrian/129A6F639A6F41F9/N3lib/examples/tunnel/nflib/lib/libn3lib.a(n3_vram.o)
                0x00000000020023b8                N3_VramTexture
                0x0000000002002674                N3_VramTextureDefrag
                0x0000000002002800                N3_FreeTexture
                0x00000000020028d0                N3_VramPalette
                0x0000000002002970                N3_TextureFrame
                0x0000000002002a14                N3_UpdateTexturesVram
 .text          0x0000000002002a80      0x120 /media/adrian/129A6F639A6F41F9/N3lib/examples/tunnel/nflib/lib/libn3lib.a(n3_debug.o)
                0x0000000002002a80                N3_Error
 *fill*         0x0000000002002ba0       0x20 ff
 .text          0x0000000002002bc0     0x4000 /opt/devkitpro/libnds/lib/libnds9.a(dldi_stub.o)
                0x0000000002002bc0                _io_dldi_stub
 .text          0x0000000002006bc0      0x11c /opt/devkitpro/devkitARM/bin/../lib/gcc/arm-none-eabi/11.2.0/thumb/libgcc.a(_udivsi3.o)
                0x0000000002006bc0                __udivsi3
                0x0000000002006bc0                __aeabi_uidiv
                0x0000000002006cbc                __aeabi_uidivmod
 .text          0x0000000002006cdc      0x150 /opt/devkitpro/devkitARM/bin/../lib/gcc/arm-none-eabi/11.2.0/thumb/libgcc.a(_divsi3.o)
                0x0000000002006cdc                __aeabi_idiv
                0x0000000002006cdc                __divsi3
                0x0000000002006e0c                __aeabi_idivmod
 .text          0x0000000002006e2c        0x4 /opt/devkitpro/devkitARM/bin/../lib/gcc/arm-none-eabi/11.2.0/thumb/libgcc.a(_dvmd_tls.o)
                0x0000000002006e2c                __aeabi_ldiv0
                0x0000000002006e2c                __aeabi_idiv0
 .text          0x0000000002006e30       0xd4 /opt/devkitpro/devkitARM/bin/../lib/gcc/arm-none-eabi/11.2.0/thumb/libgcc.a(_aeabi_ldivmod.o)
                0x0000000002006e30                __aeabi_ldivmod
 .text          0x0000000002006f04       0x28 /opt/devkitpro/devkitARM/bin/../lib/gcc/arm-none-eabi/11.2.0/thumb/libgcc.a(_clzdi2.o)
                0x0000000002006f04                __clzdi2
 .text          0x0000000002006f2c       0x48 /opt/devkitpro/devkitARM/bin/../lib/gcc/arm-none-eabi/11.2.0/thumb/libgcc.a(_clzsi2.o)
                0x0000000002006f2c                __clzsi2
 .text          0x0000000002006f74      0x224 /opt/devkitpro/devkitARM/bin/../lib/gcc/arm-none-eabi/11.2.0/../../../../arm-none-eabi/lib/thumb/libg.a(lib_a-strcmp.o)
                0x0000000002006f74                strcmp
 .text          0x0000000002007198       0x14 /opt/devkitpro/devkitARM/bin/../lib/gcc/arm-none-eabi/11.2.0/thumb/libgcc.a(_thumb1_case_uqi.o)
                0x0000000002007198                __gnu_thumb1_case_uqi
 .text          0x00000000020071ac       0x14 /opt/devkitpro/devkitARM/bin/../lib/gcc/arm-none-eabi/11.2.0/thumb/libgcc.a(_thumb1_case_uhi.o)
                0x00000000020071ac                __gnu_thumb1_case_uhi
 .text          0x00000000020071c0      0x424 /opt/devkitpro/devkitARM/bin/../lib/gcc/arm-none-eabi/11.2.0/thumb/libgcc.a(_arm_addsubdf3.o)
                0x00000000020071c0                __aeabi_drsub
                0x00000000020071c8                __aeabi_dsub
                0x00000000020071c8                __subdf3
                0x00000000020071cc                __adddf3
                0x00000000020071cc                __aeabi_dadd
                0x00000000020074dc                __aeabi_ui2d
                0x00000000020074dc                __floatunsidf
                0x0000000002007500                __floatsidf
                0x0000000002007500                __aeabi_i2d
                0x0000000002007528                __extendsfdf2
                0x0000000002007528                __aeabi_f2d
                0x0000000002007570                __aeabi_ul2d
                0x0000000002007570                __floatundidf
                0x0000000002007584                __floatdidf
                0x0000000002007584                __aeabi_l2d
 .text          0x00000000020075e4      0x49c /opt/devkitpro/devkitARM/bin/../lib/gcc/arm-none-eabi/11.2.0/thumb/libgcc.a(_arm_muldivdf3.o)
                0x00000000020075e4                __aeabi_dmul
                0x00000000020075e4                __muldf3
                0x0000000002007874                __aeabi_ddiv
                0x0000000002007874                __divdf3
 .text          0x0000000002007a80      0x144 /opt/devkitpro/devkitARM/bin/../lib/gcc/arm-none-eabi/11.2.0/thumb/libgcc.a(_arm_cmpdf2.o)
                0x0000000002007a80                __gtdf2
                0x0000000002007a80                __gedf2
                0x0000000002007a88                __ltdf2
                0x0000000002007a88                __ledf2
                0x0000000002007a90                __cmpdf2
                0x0000000002007a90                __eqdf2
                0x0000000002007a90                __nedf2
                0x0000000002007b18                __aeabi_cdrcmple
                0x0000000002007b34                __aeabi_cdcmple
                0x0000000002007b34                __aeabi_cdcmpeq
                0x0000000002007b4c                __aeabi_dcmpeq
                0x0000000002007b64                __aeabi_dcmplt
                0x0000000002007b7c                __aeabi_dcmple
                0x0000000002007b94                __aeabi_dcmpge
                0x0000000002007bac                __aeabi_dcmpgt
 .text          0x0000000002007bc4       0x38 /opt/devkitpro/devkitARM/bin/../lib/gcc/arm-none-eabi/11.2.0/thumb/libgcc.a(_arm_unorddf2.o)
                0x0000000002007bc4                __aeabi_dcmpun
                0x0000000002007bc4                __unorddf2
 .text          0x0000000002007bfc       0x5c /opt/devkitpro/devkitARM/bin/../lib/gcc/arm-none-eabi/11.2.0/thumb/libgcc.a(_arm_fixdfsi.o)
                0x0000000002007bfc                __fixdfsi
                0x0000000002007bfc                __aeabi_d2iz
 .text          0x0000000002007c58       0x3c /opt/devkitpro/devkitARM/bin/../lib/gcc/arm-none-eabi/11.2.0/thumb/libgcc.a(_aeabi_uldivmod.o)
                0x0000000002007c58                __aeabi_uldivmod
 *(EXCLUDE_FILE(*.twl* *.vectors* *.itcm*) .stub)
 *(EXCLUDE_FILE(*.twl* *.vectors* *.itcm*) .text.*)
 .text.__do_global_dtors_aux
                0x0000000002007c94       0x2c /opt/devkitpro/devkitARM/bin/../lib/gcc/arm-none-eabi/11.2.0/thumb/crtbegin.o
 .text.frame_dummy
                0x0000000002007cc0       0x24 /opt/devkitpro/devkitARM/bin/../lib/gcc/arm-none-eabi/11.2.0/thumb/crtbegin.o
 .text.startup  0x0000000002007ce4      0x168 main.o
                0x0000000002007ce4                main
 .text.nitroFSDirClose
                0x0000000002007e4c        0x4 /opt/devkitpro/libnds/lib/libfilesystem.a(nitrofs.o)
 .text.nitroFSSeek
                0x0000000002007e50       0x78 /opt/devkitpro/libnds/lib/libfilesystem.a(nitrofs.o)
 .text.nitroFSFstat
                0x0000000002007ec8       0x10 /opt/devkitpro/libnds/lib/libfilesystem.a(nitrofs.o)
 .text.nitroSubReadBlock
                0x0000000002007ed8       0x54 /opt/devkitpro/libnds/lib/libfilesystem.a(nitrofs.o)
 .text.nitroSubReadCard
                0x0000000002007f2c       0xb0 /opt/devkitpro/libnds/lib/libfilesystem.a(nitrofs.o)
 .text.nitroFSClose
                0x0000000002007fdc        0x4 /opt/devkitpro/libnds/lib/libfilesystem.a(nitrofs.o)
 .text.nitroDirReset
                0x0000000002007fe0       0x9c /opt/devkitpro/libnds/lib/libfilesystem.a(nitrofs.o)
 .text.nitroFSRead
                0x000000000200807c       0xbc /opt/devkitpro/libnds/lib/libfilesystem.a(nitrofs.o)
 .text.nitroFSDirNext
                0x0000000002008138      0x30c /opt/devkitpro/libnds/lib/libfilesystem.a(nitrofs.o)
 .text.nitroFSDirOpen
                0x0000000002008444       0xe0 /opt/devkitpro/libnds/lib/libfilesystem.a(nitrofs.o)
 .text.nitroFSChdir
                0x0000000002008524       0x30 /opt/devkitpro/libnds/lib/libfilesystem.a(nitrofs.o)
 .text.nitroFSOpen
                0x0000000002008554       0xc4 /opt/devkitpro/libnds/lib/libfilesystem.a(nitrofs.o)
 .text.nitroFSstat
                0x0000000002008618       0x68 /opt/devkitpro/libnds/lib/libfilesystem.a(nitrofs.o)
 .text.nitroFSInit
                0x0000000002008680      0x12c /opt/devkitpro/libnds/lib/libfilesystem.a(nitrofs.o)
                0x0000000002008680                nitroFSInit
 .text.fatMount.part.0
                0x00000000020087ac       0xa0 /opt/devkitpro/libnds/lib/libfat.a(libfat.o)
 .text.fatMount
                0x000000000200884c       0x3c /opt/devkitpro/libnds/lib/libfat.a(libfat.o)
                0x000000000200884c                fatMount
 .text.fatInit  0x0000000002008888      0x130 /opt/devkitpro/libnds/lib/libfat.a(libfat.o)
                0x0000000002008888                fatInit
 .text.fatInitDefault
                0x00000000020089b8        0xc /opt/devkitpro/libnds/lib/libfat.a(libfat.o)
                0x00000000020089b8                fatInitDefault
 .text._FAT_check_position_for_next_cluster.part.0
                0x00000000020089c4       0x68 /opt/devkitpro/libnds/lib/libfat.a(fatfile.o)
 .text._FAT_syncToDisc.part.0
                0x0000000002008a2c       0xd4 /opt/devkitpro/libnds/lib/libfat.a(fatfile.o)
 .text._FAT_file_extend_r
                0x0000000002008b00      0x208 /opt/devkitpro/libnds/lib/libfat.a(fatfile.o)
 .text._FAT_open_r
                0x0000000002008d08      0x2d4 /opt/devkitpro/libnds/lib/libfat.a(fatfile.o)
                0x0000000002008d08                _FAT_open_r
 .text._FAT_close_r
                0x0000000002008fdc       0x74 /opt/devkitpro/libnds/lib/libfat.a(fatfile.o)
                0x0000000002008fdc                _FAT_close_r
 .text._FAT_read_r
                0x0000000002009050      0x398 /opt/devkitpro/libnds/lib/libfat.a(fatfile.o)
                0x0000000002009050                _FAT_read_r
 .text._FAT_write_r
                0x00000000020093e8      0x53c /opt/devkitpro/libnds/lib/libfat.a(fatfile.o)
                0x00000000020093e8                _FAT_write_r
 .text._FAT_seek_r
                0x0000000002009924      0x194 /opt/devkitpro/libnds/lib/libfat.a(fatfile.o)
                0x0000000002009924                _FAT_seek_r
 .text._FAT_fstat_r
                0x0000000002009ab8       0x8c /opt/devkitpro/libnds/lib/libfat.a(fatfile.o)
                0x0000000002009ab8                _FAT_fstat_r
 .text._FAT_ftruncate_r
                0x0000000002009b44      0x16c /opt/devkitpro/libnds/lib/libfat.a(fatfile.o)
                0x0000000002009b44                _FAT_ftruncate_r
 .text._FAT_fsync_r
                0x0000000002009cb0       0x44 /opt/devkitpro/libnds/lib/libfat.a(fatfile.o)
                0x0000000002009cb0                _FAT_fsync_r
 .text._FAT_cache_getPage
                0x0000000002009cf4       0xf0 /opt/devkitpro/libnds/lib/libfat.a(cache.o)
 .text._FAT_cache_constructor
                0x0000000002009de4       0x90 /opt/devkitpro/libnds/lib/libfat.a(cache.o)
                0x0000000002009de4                _FAT_cache_constructor
 .text._FAT_cache_readSectors
                0x0000000002009e74       0x60 /opt/devkitpro/libnds/lib/libfat.a(cache.o)
                0x0000000002009e74                _FAT_cache_readSectors
 .text._FAT_cache_readPartialSector
                0x0000000002009ed4       0x3c /opt/devkitpro/libnds/lib/libfat.a(cache.o)
                0x0000000002009ed4                _FAT_cache_readPartialSector
 .text._FAT_cache_readLittleEndianValue
                0x0000000002009f10       0x70 /opt/devkitpro/libnds/lib/libfat.a(cache.o)
                0x0000000002009f10                _FAT_cache_readLittleEndianValue
 .text._FAT_cache_writePartialSector
                0x0000000002009f80       0x4c /opt/devkitpro/libnds/lib/libfat.a(cache.o)
                0x0000000002009f80                _FAT_cache_writePartialSector
 .text._FAT_cache_writeLittleEndianValue
                0x0000000002009fcc       0x8c /opt/devkitpro/libnds/lib/libfat.a(cache.o)
                0x0000000002009fcc                _FAT_cache_writeLittleEndianValue
 .text._FAT_cache_eraseWritePartialSector
                0x000000000200a058       0x60 /opt/devkitpro/libnds/lib/libfat.a(cache.o)
                0x000000000200a058                _FAT_cache_eraseWritePartialSector
 .text._FAT_cache_writeSectors
                0x000000000200a0b8       0x80 /opt/devkitpro/libnds/lib/libfat.a(cache.o)
                0x000000000200a0b8                _FAT_cache_writeSectors
 .text._FAT_cache_flush
                0x000000000200a138       0x40 /opt/devkitpro/libnds/lib/libfat.a(cache.o)
                0x000000000200a138                _FAT_cache_flush
 .text._FAT_stat_r
                0x000000000200a178       0x90 /opt/devkitpro/libnds/lib/libfat.a(fatdir.o)
                0x000000000200a178                _FAT_stat_r
 .text._FAT_link_r
                0x000000000200a208        0xc /opt/devkitpro/libnds/lib/libfat.a(fatdir.o)
                0x000000000200a208                _FAT_link_r
 .text._FAT_unlink_r
                0x000000000200a214      0x184 /opt/devkitpro/libnds/lib/libfat.a(fatdir.o)
                0x000000000200a214                _FAT_unlink_r
 .text._FAT_chdir_r
                0x000000000200a398       0x70 /opt/devkitpro/libnds/lib/libfat.a(fatdir.o)
                0x000000000200a398                _FAT_chdir_r
 .text._FAT_rename_r
                0x000000000200a408      0x1c4 /opt/devkitpro/libnds/lib/libfat.a(fatdir.o)
                0x000000000200a408                _FAT_rename_r
 .text._FAT_mkdir_r
                0x000000000200a5cc      0x244 /opt/devkitpro/libnds/lib/libfat.a(fatdir.o)
                0x000000000200a5cc                _FAT_mkdir_r
 .text._FAT_statvfs_r
                0x000000000200a810       0x78 /opt/devkitpro/libnds/lib/libfat.a(fatdir.o)
                0x000000000200a810                _FAT_statvfs_r
 .text._FAT_diropen_r
                0x000000000200a888       0xb0 /opt/devkitpro/libnds/lib/libfat.a(fatdir.o)
                0x000000000200a888                _FAT_diropen_r
 .text._FAT_dirreset_r
                0x000000000200a938       0x4c /opt/devkitpro/libnds/lib/libfat.a(fatdir.o)
                0x000000000200a938                _FAT_dirreset_r
 .text._FAT_dirnext_r
                0x000000000200a984       0x7c /opt/devkitpro/libnds/lib/libfat.a(fatdir.o)
                0x000000000200a984                _FAT_dirnext_r
 .text._FAT_dirclose_r
                0x000000000200aa00       0x20 /opt/devkitpro/libnds/lib/libfat.a(fatdir.o)
                0x000000000200aa00                _FAT_dirclose_r
 .text._FAT_directory_entryGetAlias
                0x000000000200aa20       0xc8 /opt/devkitpro/libnds/lib/libfat.a(directory.o)
 .text._FAT_directory_incrementDirEntryPosition
                0x000000000200aae8       0x80 /opt/devkitpro/libnds/lib/libfat.a(directory.o)
 .text._FAT_directory_mbsncasecmp
                0x000000000200ab68       0xa8 /opt/devkitpro/libnds/lib/libfat.a(directory.o)
 .text._FAT_directory_ucs2tombs.constprop.0
                0x000000000200ac10       0x90 /opt/devkitpro/libnds/lib/libfat.a(directory.o)
 .text._FAT_directory_entryGetCluster
                0x000000000200aca0       0x20 /opt/devkitpro/libnds/lib/libfat.a(directory.o)
                0x000000000200aca0                _FAT_directory_entryGetCluster
 .text._FAT_directory_getNextEntry
                0x000000000200acc0      0x23c /opt/devkitpro/libnds/lib/libfat.a(directory.o)
                0x000000000200acc0                _FAT_directory_getNextEntry
 .text._FAT_directory_entryExists
                0x000000000200aefc       0x80 /opt/devkitpro/libnds/lib/libfat.a(directory.o)
 .text._FAT_directory_getFirstEntry
                0x000000000200af7c       0x20 /opt/devkitpro/libnds/lib/libfat.a(directory.o)
                0x000000000200af7c                _FAT_directory_getFirstEntry
 .text._FAT_directory_getRootEntry
                0x000000000200af9c       0x60 /opt/devkitpro/libnds/lib/libfat.a(directory.o)
                0x000000000200af9c                _FAT_directory_getRootEntry
 .text._FAT_directory_entryFromPosition
                0x000000000200affc      0x150 /opt/devkitpro/libnds/lib/libfat.a(directory.o)
                0x000000000200affc                _FAT_directory_entryFromPosition
 .text._FAT_directory_entryFromPath
                0x000000000200b14c      0x248 /opt/devkitpro/libnds/lib/libfat.a(directory.o)
                0x000000000200b14c                _FAT_directory_entryFromPath
 .text._FAT_directory_removeEntry
                0x000000000200b394       0xd8 /opt/devkitpro/libnds/lib/libfat.a(directory.o)
                0x000000000200b394                _FAT_directory_removeEntry
 .text._FAT_directory_addEntry
                0x000000000200b46c      0x808 /opt/devkitpro/libnds/lib/libfat.a(directory.o)
                0x000000000200b46c                _FAT_directory_addEntry
 .text._FAT_directory_chdir
                0x000000000200bc74       0x3c /opt/devkitpro/libnds/lib/libfat.a(directory.o)
                0x000000000200bc74                _FAT_directory_chdir
 .text._FAT_directory_entryStat
                0x000000000200bcb0       0xe4 /opt/devkitpro/libnds/lib/libfat.a(directory.o)
                0x000000000200bcb0                _FAT_directory_entryStat
 .text.isValidMBR
                0x000000000200bd94       0x5c /opt/devkitpro/libnds/lib/libfat.a(partition.o)
 .text._FAT_updateFS_INFO
                0x000000000200bdf0       0x54 /opt/devkitpro/libnds/lib/libfat.a(partition.o)
 .text.FindFirstValidPartition_buf.part.0
                0x000000000200be44      0x11c /opt/devkitpro/libnds/lib/libfat.a(partition.o)
 .text._FAT_partition_getPartitionFromPath
                0x000000000200bf60       0x10 /opt/devkitpro/libnds/lib/libfat.a(partition.o)
                0x000000000200bf60                _FAT_partition_getPartitionFromPath
 .text._FAT_partition_createFSinfo
                0x000000000200bf70       0x50 /opt/devkitpro/libnds/lib/libfat.a(partition.o)
                0x000000000200bf70                _FAT_partition_createFSinfo
 .text._FAT_partition_readFSinfo.part.0
                0x000000000200bfc0       0x74 /opt/devkitpro/libnds/lib/libfat.a(partition.o)
 .text._FAT_partition_constructor_buf
                0x000000000200c034      0x2e8 /opt/devkitpro/libnds/lib/libfat.a(partition.o)
                0x000000000200c034                _FAT_partition_constructor_buf
 .text._FAT_partition_constructor
                0x000000000200c31c       0x40 /opt/devkitpro/libnds/lib/libfat.a(partition.o)
                0x000000000200c31c                _FAT_partition_constructor
 .text._FAT_partition_readFSinfo
                0x000000000200c35c       0x10 /opt/devkitpro/libnds/lib/libfat.a(partition.o)
                0x000000000200c35c                _FAT_partition_readFSinfo
 .text._FAT_lock_init
                0x000000000200c36c        0x4 /opt/devkitpro/libnds/lib/libfat.a(lock.o)
                0x000000000200c36c                _FAT_lock_init
 .text._FAT_lock
                0x000000000200c370        0x4 /opt/devkitpro/libnds/lib/libfat.a(lock.o)
                0x000000000200c370                _FAT_lock
 .text._FAT_unlock
                0x000000000200c374        0x4 /opt/devkitpro/libnds/lib/libfat.a(lock.o)
                0x000000000200c374                _FAT_unlock
 .text._FAT_filetime_getTimeFromRTC
                0x000000000200c378       0x44 /opt/devkitpro/libnds/lib/libfat.a(filetime.o)
                0x000000000200c378                _FAT_filetime_getTimeFromRTC
 .text._FAT_filetime_getDateFromRTC
                0x000000000200c3bc       0x44 /opt/devkitpro/libnds/lib/libfat.a(filetime.o)
                0x000000000200c3bc                _FAT_filetime_getDateFromRTC
 .text._FAT_filetime_to_time_t
                0x000000000200c400       0x38 /opt/devkitpro/libnds/lib/libfat.a(filetime.o)
                0x000000000200c400                _FAT_filetime_to_time_t
 .text._FAT_fat_writeFatEntry.part.0.isra.0
                0x000000000200c438      0x12c /opt/devkitpro/libnds/lib/libfat.a(file_allocation_table.o)
 .text._FAT_fat_nextCluster
                0x000000000200c564      0x108 /opt/devkitpro/libnds/lib/libfat.a(file_allocation_table.o)
                0x000000000200c564                _FAT_fat_nextCluster
 .text._FAT_fat_linkFreeCluster
                0x000000000200c66c       0xac /opt/devkitpro/libnds/lib/libfat.a(file_allocation_table.o)
                0x000000000200c66c                _FAT_fat_linkFreeCluster
 .text._FAT_fat_linkFreeClusterCleared
                0x000000000200c718       0x68 /opt/devkitpro/libnds/lib/libfat.a(file_allocation_table.o)
                0x000000000200c718                _FAT_fat_linkFreeClusterCleared
 .text._FAT_fat_clearLinks
                0x000000000200c780       0x7c /opt/devkitpro/libnds/lib/libfat.a(file_allocation_table.o)
                0x000000000200c780                _FAT_fat_clearLinks
 .text._FAT_fat_trimChain
                0x000000000200c7fc       0x80 /opt/devkitpro/libnds/lib/libfat.a(file_allocation_table.o)
                0x000000000200c7fc                _FAT_fat_trimChain
 .text._FAT_fat_lastCluster
                0x000000000200c87c       0x34 /opt/devkitpro/libnds/lib/libfat.a(file_allocation_table.o)
                0x000000000200c87c                _FAT_fat_lastCluster
 .text._FAT_fat_freeClusterCount
                0x000000000200c8b0       0x2c /opt/devkitpro/libnds/lib/libfat.a(file_allocation_table.o)
                0x000000000200c8b0                _FAT_fat_freeClusterCount
 .text.sinLutLookup
                0x000000000200c8dc       0x4c /opt/devkitpro/libnds/lib/libnds9.a(trig.o)
                0x000000000200c8dc                sinLutLookup
 .text.sinLerp  0x000000000200c928       0x40 /opt/devkitpro/libnds/lib/libnds9.a(trig.o)
                0x000000000200c928                sinLerp
 .text.cosLerp  0x000000000200c968       0x4c /opt/devkitpro/libnds/lib/libnds9.a(trig.o)
                0x000000000200c968                cosLerp
 .text.tanLerp  0x000000000200c9b4       0xb0 /opt/devkitpro/libnds/lib/libnds9.a(trig.o)
                0x000000000200c9b4                tanLerp
 .text.setBrightness
                0x000000000200ca64       0x40 /opt/devkitpro/libnds/lib/libnds9.a(video.o)
                0x000000000200ca64                setBrightness
 .text.vramDefault
                0x000000000200caa4       0xd0 /opt/devkitpro/libnds/lib/libnds9.a(video.o)
                0x000000000200caa4                vramDefault
 .text.touchRead
                0x000000000200cb74       0x24 /opt/devkitpro/libnds/lib/libnds9.a(touch.o)
                0x000000000200cb74                touchRead
 .text.newRow   0x000000000200cb98       0xa8 /opt/devkitpro/libnds/lib/libnds9.a(console.o)
 .text.consolePrintChar
                0x000000000200cc40       0xe0 /opt/devkitpro/libnds/lib/libnds9.a(console.o)
                0x000000000200cc40                consolePrintChar
 .text.con_write
                0x000000000200cd20      0x36c /opt/devkitpro/libnds/lib/libnds9.a(console.o)
                0x000000000200cd20                con_write
 .text.consoleLoadFont
                0x000000000200d08c      0x2a0 /opt/devkitpro/libnds/lib/libnds9.a(console.o)
                0x000000000200d08c                consoleLoadFont
 .text.consoleInit
                0x000000000200d32c      0x18c /opt/devkitpro/libnds/lib/libnds9.a(console.o)
                0x000000000200d32c                consoleInit
 .text.consoleDemoInit
                0x000000000200d4b8       0x40 /opt/devkitpro/libnds/lib/libnds9.a(console.o)
                0x000000000200d4b8                consoleDemoInit
 .text.consoleClear
                0x000000000200d4f8       0x10 /opt/devkitpro/libnds/lib/libnds9.a(console.o)
                0x000000000200d4f8                consoleClear
 .text.vramBlock_init
                0x000000000200d508       0x5c /opt/devkitpro/libnds/lib/libnds9.a(videoGL.o)
                0x000000000200d508                vramBlock_init
 .text.glInit_C
                0x000000000200d564      0x1cc /opt/devkitpro/libnds/lib/libnds9.a(videoGL.o)
                0x000000000200d564                glInit_C
 .text.scanKeys
                0x000000000200d730       0x8c /opt/devkitpro/libnds/lib/libnds9.a(keys.o)
                0x000000000200d730                scanKeys
 .text.keysHeld
                0x000000000200d7bc        0xc /opt/devkitpro/libnds/lib/libnds9.a(keys.o)
                0x000000000200d7bc                keysHeld
 .text.dldiGetInternal
                0x000000000200d7c8       0x34 /opt/devkitpro/libnds/lib/libnds9.a(dldi.o)
                0x000000000200d7c8                dldiGetInternal
 .text.get_io_dsisd
                0x000000000200d7fc       0x24 /opt/devkitpro/libnds/lib/libnds9.a(dldi.o)
                0x000000000200d7fc                get_io_dsisd
 .text.__syscall_gettod_r
                0x000000000200d820       0x28 /opt/devkitpro/libnds/lib/libnds9.a(initSystem.o)
                0x000000000200d820                __syscall_gettod_r
 .text.__syscall_exit
                0x000000000200d848        0x8 /opt/devkitpro/libnds/lib/libnds9.a(initSystem.o)
                0x000000000200d848                __syscall_exit
 .text.initSystem
                0x000000000200d850      0x180 /opt/devkitpro/libnds/lib/libnds9.a(initSystem.o)
                0x000000000200d850                initSystem
 .text.irqDummy
                0x000000000200d9d0        0x4 /opt/devkitpro/libnds/lib/libnds9.a(interrupts.o)
                0x000000000200d9d0                irqDummy
 .text.irqSet   0x000000000200d9d4       0x6c /opt/devkitpro/libnds/lib/libnds9.a(interrupts.o)
                0x000000000200d9d4                irqSet
 .text.irqInit  0x000000000200da40       0x50 /opt/devkitpro/libnds/lib/libnds9.a(interrupts.o)
                0x000000000200da40                irqInit
 .text.irqEnable
                0x000000000200da90       0x64 /opt/devkitpro/libnds/lib/libnds9.a(interrupts.o)
                0x000000000200da90                irqEnable
 .text.systemErrorExit
                0x000000000200daf4        0x4 /opt/devkitpro/libnds/lib/libnds9.a(libnds_exit.arm.o)
                0x000000000200daf4                systemErrorExit
 .text.__libnds_exit
                0x000000000200daf8       0x5c /opt/devkitpro/libnds/lib/libnds9.a(libnds_exit.arm.o)
                0x000000000200daf8                __libnds_exit
 .text.cardPolledTransfer
                0x000000000200db54       0x54 /opt/devkitpro/libnds/lib/libnds9.a(card.o)
                0x000000000200db54                cardPolledTransfer
 .text.cardParamCommand
                0x000000000200dba8       0x34 /opt/devkitpro/libnds/lib/libnds9.a(card.o)
                0x000000000200dba8                cardParamCommand
 .text.fifo_queueBlock
                0x000000000200dbdc       0x44 /opt/devkitpro/libnds/lib/libnds9.a(fifosystem.o)
 .text.fifo_waitBlock
                0x000000000200dc20       0x80 /opt/devkitpro/libnds/lib/libnds9.a(fifosystem.o)
 .text.fifoInternalSend.part.0
                0x000000000200dca0       0xd4 /opt/devkitpro/libnds/lib/libnds9.a(fifosystem.o)
 .text.fifoInternalSendInterrupt
                0x000000000200dd74       0xb0 /opt/devkitpro/libnds/lib/libnds9.a(fifosystem.o)
 .text.fifoSetValue32Handler
                0x000000000200de24       0xd4 /opt/devkitpro/libnds/lib/libnds9.a(fifosystem.o)
                0x000000000200de24                fifoSetValue32Handler
 .text.fifoSendValue32
                0x000000000200def8       0x4c /opt/devkitpro/libnds/lib/libnds9.a(fifosystem.o)
                0x000000000200def8                fifoSendValue32
 .text.fifoSendDatamsg
                0x000000000200df44       0x90 /opt/devkitpro/libnds/lib/libnds9.a(fifosystem.o)
                0x000000000200df44                fifoSendDatamsg
 .text.fifoGetValue32
                0x000000000200dfd4       0x70 /opt/devkitpro/libnds/lib/libnds9.a(fifosystem.o)
                0x000000000200dfd4                fifoGetValue32
 .text.fifoGetDatamsg
                0x000000000200e044       0xf4 /opt/devkitpro/libnds/lib/libnds9.a(fifosystem.o)
                0x000000000200e044                fifoGetDatamsg
 .text.fifoInternalRecvInterrupt
                0x000000000200e138      0x37c /opt/devkitpro/libnds/lib/libnds9.a(fifosystem.o)
 .text.fifoSetDatamsgHandler
                0x000000000200e4b4       0x9c /opt/devkitpro/libnds/lib/libnds9.a(fifosystem.o)
                0x000000000200e4b4                fifoSetDatamsgHandler
 .text.fifoCheckValue32
                0x000000000200e550       0x24 /opt/devkitpro/libnds/lib/libnds9.a(fifosystem.o)
                0x000000000200e550                fifoCheckValue32
 .text.fifoInit
                0x000000000200e574      0x108 /opt/devkitpro/libnds/lib/libnds9.a(fifosystem.o)
                0x000000000200e574                fifoInit
 .text.DC_FlushRange
                0x000000000200e67c       0x24 /opt/devkitpro/libnds/lib/libnds9.a(dcache.o)
                0x000000000200e67c                DC_FlushRange
 .text.DC_InvalidateRange
                0x000000000200e6a0       0x2c /opt/devkitpro/libnds/lib/libnds9.a(dcache.o)
                0x000000000200e6a0                DC_InvalidateRange
 .text.__libnds_mpu_setup
                0x000000000200e6cc      0x174 /opt/devkitpro/libnds/lib/libnds9.a(mpu_setup.o)
                0x000000000200e6cc                __libnds_mpu_setup
 .text.memUncached
                0x000000000200e840       0x20 /opt/devkitpro/libnds/lib/libnds9.a(mpu_setup.o)
                0x000000000200e840                memUncached
 .text.swiWaitForVBlank
                0x000000000200e860        0x8 /opt/devkitpro/libnds/lib/libnds9.a(IntrWait.o)
                0x000000000200e860                swiWaitForVBlank
 .text.swiIntrWait
                0x000000000200e868       0x70 /opt/devkitpro/libnds/lib/libnds9.a(IntrWait.o)
                0x000000000200e868                swiIntrWait
 .text.setCpuClock
                0x000000000200e8d8       0x50 /opt/devkitpro/libnds/lib/libnds9.a(cpu_clock.o)
                0x000000000200e8d8                setCpuClock
 .text.swiDelay
                0x000000000200e928        0x4 /opt/devkitpro/libnds/lib/libnds9.a(biosCalls.o)
                0x000000000200e928                swiDelay
 .text.swiSoftReset
                0x000000000200e92c       0x2c /opt/devkitpro/libnds/lib/libnds9.a(swiSoftReset.o)
                0x000000000200e92c                swiSoftReset
 .text.checkIfText
                0x000000000200e958       0x5c /opt/devkitpro/libnds/lib/libnds9.a(background.o)
                0x000000000200e958                checkIfText
 .text.bgUpdate
                0x000000000200e9b4       0xf4 /opt/devkitpro/libnds/lib/libnds9.a(background.o)
                0x000000000200e9b4                bgUpdate
 .text.bgInit_call
                0x000000000200eaa8       0xc4 /opt/devkitpro/libnds/lib/libnds9.a(background.o)
                0x000000000200eaa8                bgInit_call
 .text.bgInitSub_call
                0x000000000200eb6c       0xcc /opt/devkitpro/libnds/lib/libnds9.a(background.o)
                0x000000000200eb6c                bgInitSub_call
 .text.DynamicArrayInit
                0x000000000200ec38       0x18 /opt/devkitpro/libnds/lib/libnds9.a(dynamicArray.o)
                0x000000000200ec38                DynamicArrayInit
 .text.DynamicArraySet
                0x000000000200ec50       0x48 /opt/devkitpro/libnds/lib/libnds9.a(dynamicArray.o)
                0x000000000200ec50                DynamicArraySet
 .text.systemValueHandler
                0x000000000200ec98       0x48 /opt/devkitpro/libnds/lib/libnds9.a(system.o)
                0x000000000200ec98                systemValueHandler
 .text.systemMsgHandler
                0x000000000200ece0       0x60 /opt/devkitpro/libnds/lib/libnds9.a(system.o)
                0x000000000200ece0                systemMsgHandler
 .text.powerOn  0x000000000200ed40       0x2c /opt/devkitpro/libnds/lib/libnds9.a(system.o)
                0x000000000200ed40                powerOn
 .text.__muldi3
                0x000000000200ed6c       0x54 /opt/devkitpro/devkitARM/bin/../lib/gcc/arm-none-eabi/11.2.0/thumb/libgcc.a(_muldi3.o)
                0x000000000200ed6c                __aeabi_lmul
                0x000000000200ed6c                __muldi3
 .text.__udivmoddi4
                0x000000000200edc0      0x19c /opt/devkitpro/devkitARM/bin/../lib/gcc/arm-none-eabi/11.2.0/thumb/libgcc.a(_udivmoddi4.o)
                0x000000000200edc0                __udivmoddi4
 .text.calloc   0x000000000200ef5c       0x18 /opt/devkitpro/devkitARM/bin/../lib/gcc/arm-none-eabi/11.2.0/../../../../arm-none-eabi/lib/thumb/libg.a(lib_a-calloc.o)
                0x000000000200ef5c                calloc
 .text._calloc_r
                0x000000000200ef74       0xb0 /opt/devkitpro/devkitARM/bin/../lib/gcc/arm-none-eabi/11.2.0/../../../../arm-none-eabi/lib/thumb/libg.a(lib_a-callocr.o)
                0x000000000200ef74                _calloc_r
 .text.__errno  0x000000000200f024        0xc /opt/devkitpro/devkitARM/bin/../lib/gcc/arm-none-eabi/11.2.0/../../../../arm-none-eabi/lib/thumb/libg.a(lib_a-errno.o)
                0x000000000200f024                __errno
 .text._fclose_r
                0x000000000200f030       0xe8 /opt/devkitpro/devkitARM/bin/../lib/gcc/arm-none-eabi/11.2.0/../../../../arm-none-eabi/lib/thumb/libg.a(lib_a-fclose.o)
                0x000000000200f030                _fclose_r
 .text.fclose   0x000000000200f118       0x14 /opt/devkitpro/devkitARM/bin/../lib/gcc/arm-none-eabi/11.2.0/../../../../arm-none-eabi/lib/thumb/libg.a(lib_a-fclose.o)
                0x000000000200f118                fclose
 .text.__sflush_r
                0x000000000200f12c      0x1c0 /opt/devkitpro/devkitARM/bin/../lib/gcc/arm-none-eabi/11.2.0/../../../../arm-none-eabi/lib/thumb/libg.a(lib_a-fflush.o)
                0x000000000200f12c                __sflush_r
 .text._fflush_r
                0x000000000200f2ec       0x70 /opt/devkitpro/devkitARM/bin/../lib/gcc/arm-none-eabi/11.2.0/../../../../arm-none-eabi/lib/thumb/libg.a(lib_a-fflush.o)
                0x000000000200f2ec                _fflush_r
 .text.fflush   0x000000000200f35c       0x2c /opt/devkitpro/devkitARM/bin/../lib/gcc/arm-none-eabi/11.2.0/../../../../arm-none-eabi/lib/thumb/libg.a(lib_a-fflush.o)
                0x000000000200f35c                fflush
 .text._cleanup_r
                0x000000000200f388       0x14 /opt/devkitpro/devkitARM/bin/../lib/gcc/arm-none-eabi/11.2.0/../../../../arm-none-eabi/lib/thumb/libg.a(lib_a-findfp.o)
                0x000000000200f388                _cleanup_r
 .text.__sinit  0x000000000200f39c      0x124 /opt/devkitpro/devkitARM/bin/../lib/gcc/arm-none-eabi/11.2.0/../../../../arm-none-eabi/lib/thumb/libg.a(lib_a-findfp.o)
                0x000000000200f39c                __sinit
 .text.__sfp    0x000000000200f4c0       0xdc /opt/devkitpro/devkitARM/bin/../lib/gcc/arm-none-eabi/11.2.0/../../../../arm-none-eabi/lib/thumb/libg.a(lib_a-findfp.o)
                0x000000000200f4c0                __sfp
 .text.__sfp_lock_acquire
                0x000000000200f59c       0x14 /opt/devkitpro/devkitARM/bin/../lib/gcc/arm-none-eabi/11.2.0/../../../../arm-none-eabi/lib/thumb/libg.a(lib_a-findfp.o)
                0x000000000200f59c                __sfp_lock_acquire
 .text.__sfp_lock_release
                0x000000000200f5b0       0x14 /opt/devkitpro/devkitARM/bin/../lib/gcc/arm-none-eabi/11.2.0/../../../../arm-none-eabi/lib/thumb/libg.a(lib_a-findfp.o)
                0x000000000200f5b0                __sfp_lock_release
 .text._fopen_r
                0x000000000200f5c4       0xb8 /opt/devkitpro/devkitARM/bin/../lib/gcc/arm-none-eabi/11.2.0/../../../../arm-none-eabi/lib/thumb/libg.a(lib_a-fopen.o)
                0x000000000200f5c4                _fopen_r
 .text.fopen    0x000000000200f67c       0x18 /opt/devkitpro/devkitARM/bin/../lib/gcc/arm-none-eabi/11.2.0/../../../../arm-none-eabi/lib/thumb/libg.a(lib_a-fopen.o)
                0x000000000200f67c                fopen
 .text._fread_r
                0x000000000200f694      0x1f4 /opt/devkitpro/devkitARM/bin/../lib/gcc/arm-none-eabi/11.2.0/../../../../arm-none-eabi/lib/thumb/libg.a(lib_a-fread.o)
                0x000000000200f694                _fread_r
 .text.fread    0x000000000200f888       0x24 /opt/devkitpro/devkitARM/bin/../lib/gcc/arm-none-eabi/11.2.0/../../../../arm-none-eabi/lib/thumb/libg.a(lib_a-fread.o)
                0x000000000200f888                fread
 .text._malloc_trim_r
                0x000000000200f8ac       0xa0 /opt/devkitpro/devkitARM/bin/../lib/gcc/arm-none-eabi/11.2.0/../../../../arm-none-eabi/lib/thumb/libg.a(lib_a-freer.o)
                0x000000000200f8ac                _malloc_trim_r
 .text._free_r  0x000000000200f94c      0x1d8 /opt/devkitpro/devkitARM/bin/../lib/gcc/arm-none-eabi/11.2.0/../../../../arm-none-eabi/lib/thumb/libg.a(lib_a-freer.o)
                0x000000000200f94c                _free_r
 .text._fseek_r
                0x000000000200fb24       0x18 /opt/devkitpro/devkitARM/bin/../lib/gcc/arm-none-eabi/11.2.0/../../../../arm-none-eabi/lib/thumb/libg.a(lib_a-fseek.o)
                0x000000000200fb24                _fseek_r
 .text.fseek    0x000000000200fb3c       0x24 /opt/devkitpro/devkitARM/bin/../lib/gcc/arm-none-eabi/11.2.0/../../../../arm-none-eabi/lib/thumb/libg.a(lib_a-fseek.o)
                0x000000000200fb3c                fseek
 .text._fseeko_r
                0x000000000200fb60      0x41c /opt/devkitpro/devkitARM/bin/../lib/gcc/arm-none-eabi/11.2.0/../../../../arm-none-eabi/lib/thumb/libg.a(lib_a-fseeko.o)
                0x000000000200fb60                _fseeko_r
 .text.ftell    0x000000000200ff7c       0x24 /opt/devkitpro/devkitARM/bin/../lib/gcc/arm-none-eabi/11.2.0/../../../../arm-none-eabi/lib/thumb/libg.a(lib_a-ftell.o)
                0x000000000200ff7c                ftell
 .text._ftello_r
                0x000000000200ffa0      0x11c /opt/devkitpro/devkitARM/bin/../lib/gcc/arm-none-eabi/11.2.0/../../../../arm-none-eabi/lib/thumb/libg.a(lib_a-ftello.o)
                0x000000000200ffa0                _ftello_r
 .text._fwalk   0x00000000020100bc       0x48 /opt/devkitpro/devkitARM/bin/../lib/gcc/arm-none-eabi/11.2.0/../../../../arm-none-eabi/lib/thumb/libg.a(lib_a-fwalk.o)
                0x00000000020100bc                _fwalk
 .text._fwalk_reent
                0x0000000002010104       0x50 /opt/devkitpro/devkitARM/bin/../lib/gcc/arm-none-eabi/11.2.0/../../../../arm-none-eabi/lib/thumb/libg.a(lib_a-fwalk.o)
                0x0000000002010104                _fwalk_reent
 .text.__libc_init_array
                0x0000000002010154       0x50 /opt/devkitpro/devkitARM/bin/../lib/gcc/arm-none-eabi/11.2.0/../../../../arm-none-eabi/lib/thumb/libg.a(lib_a-init.o)
                0x0000000002010154                __libc_init_array
 .text.iprintf  0x00000000020101a4       0x24 /opt/devkitpro/devkitARM/bin/../lib/gcc/arm-none-eabi/11.2.0/../../../../arm-none-eabi/lib/thumb/libg.a(lib_a-iprintf.o)
                0x00000000020101a4                iprintf
 .text.localtime_r
                0x00000000020101c8      0x244 /opt/devkitpro/devkitARM/bin/../lib/gcc/arm-none-eabi/11.2.0/../../../../arm-none-eabi/lib/thumb/libg.a(lib_a-lcltime_r.o)
                0x00000000020101c8                localtime_r
 .text.__locale_mb_cur_max
                0x000000000201040c       0x10 /opt/devkitpro/devkitARM/bin/../lib/gcc/arm-none-eabi/11.2.0/../../../../arm-none-eabi/lib/thumb/libg.a(lib_a-locale.o)
                0x000000000201040c                __locale_mb_cur_max
 .text.__smakebuf_r
                0x000000000201041c       0xec /opt/devkitpro/devkitARM/bin/../lib/gcc/arm-none-eabi/11.2.0/../../../../arm-none-eabi/lib/thumb/libg.a(lib_a-makebuf.o)
                0x000000000201041c                __smakebuf_r
 .text.__swhatbuf_r
                0x0000000002010508       0x5c /opt/devkitpro/devkitARM/bin/../lib/gcc/arm-none-eabi/11.2.0/../../../../arm-none-eabi/lib/thumb/libg.a(lib_a-makebuf.o)
                0x0000000002010508                __swhatbuf_r
 .text.malloc   0x0000000002010564       0x14 /opt/devkitpro/devkitARM/bin/../lib/gcc/arm-none-eabi/11.2.0/../../../../arm-none-eabi/lib/thumb/libg.a(lib_a-malloc.o)
                0x0000000002010564                malloc
 .text.free     0x0000000002010578       0x14 /opt/devkitpro/devkitARM/bin/../lib/gcc/arm-none-eabi/11.2.0/../../../../arm-none-eabi/lib/thumb/libg.a(lib_a-malloc.o)
                0x0000000002010578                free
 .text._malloc_r
                0x000000000201058c      0x58c /opt/devkitpro/devkitARM/bin/../lib/gcc/arm-none-eabi/11.2.0/../../../../arm-none-eabi/lib/thumb/libg.a(lib_a-mallocr.o)
                0x000000000201058c                _malloc_r
 .text._mbrtowc_r
                0x0000000002010b18       0x60 /opt/devkitpro/devkitARM/bin/../lib/gcc/arm-none-eabi/11.2.0/../../../../arm-none-eabi/lib/thumb/libg.a(lib_a-mbrtowc.o)
                0x0000000002010b18                _mbrtowc_r
 .text.mbrtowc  0x0000000002010b78       0x7c /opt/devkitpro/devkitARM/bin/../lib/gcc/arm-none-eabi/11.2.0/../../../../arm-none-eabi/lib/thumb/libg.a(lib_a-mbrtowc.o)
                0x0000000002010b78                mbrtowc
 .text.mbsrtowcs
                0x0000000002010bf4       0x28 /opt/devkitpro/devkitARM/bin/../lib/gcc/arm-none-eabi/11.2.0/../../../../arm-none-eabi/lib/thumb/libg.a(lib_a-mbsrtowcs.o)
                0x0000000002010bf4                mbsrtowcs
 .text.__utf8_mbtowc
                0x0000000002010c1c      0x294 /opt/devkitpro/devkitARM/bin/../lib/gcc/arm-none-eabi/11.2.0/../../../../arm-none-eabi/lib/thumb/libg.a(lib_a-mbtowc_r.o)
                0x0000000002010c1c                __utf8_mbtowc
 .text.memcmp   0x0000000002010eb0       0x4c /opt/devkitpro/devkitARM/bin/../lib/gcc/arm-none-eabi/11.2.0/../../../../arm-none-eabi/lib/thumb/libg.a(lib_a-memcmp.o)
                0x0000000002010eb0                memcmp
 .text.memcpy   0x0000000002010efc       0xa8 /opt/devkitpro/devkitARM/bin/../lib/gcc/arm-none-eabi/11.2.0/../../../../arm-none-eabi/lib/thumb/libg.a(lib_a-memcpy-stub.o)
                0x0000000002010efc                memcpy
 .text.memmove  0x0000000002010fa4       0xbc /opt/devkitpro/devkitARM/bin/../lib/gcc/arm-none-eabi/11.2.0/../../../../arm-none-eabi/lib/thumb/libg.a(lib_a-memmove.o)
                0x0000000002010fa4                memmove
 .text.memset   0x0000000002011060       0xb0 /opt/devkitpro/devkitARM/bin/../lib/gcc/arm-none-eabi/11.2.0/../../../../arm-none-eabi/lib/thumb/libg.a(lib_a-memset.o)
                0x0000000002011060                memset
 .text.validate_structure
                0x0000000002011110      0x1dc /opt/devkitpro/devkitARM/bin/../lib/gcc/arm-none-eabi/11.2.0/../../../../arm-none-eabi/lib/thumb/libg.a(lib_a-mktime.o)
 .text.mktime   0x00000000020112ec      0x450 /opt/devkitpro/devkitARM/bin/../lib/gcc/arm-none-eabi/11.2.0/../../../../arm-none-eabi/lib/thumb/libg.a(lib_a-mktime.o)
                0x00000000020112ec                mktime
 .text.__malloc_lock
                0x000000000201173c       0x14 /opt/devkitpro/devkitARM/bin/../lib/gcc/arm-none-eabi/11.2.0/../../../../arm-none-eabi/lib/thumb/libg.a(lib_a-mlock.o)
                0x000000000201173c                __malloc_lock
 .text.__malloc_unlock
                0x0000000002011750       0x14 /opt/devkitpro/devkitARM/bin/../lib/gcc/arm-none-eabi/11.2.0/../../../../arm-none-eabi/lib/thumb/libg.a(lib_a-mlock.o)
                0x0000000002011750                __malloc_unlock
 .text.realloc  0x0000000002011764       0x18 /opt/devkitpro/devkitARM/bin/../lib/gcc/arm-none-eabi/11.2.0/../../../../arm-none-eabi/lib/thumb/libg.a(lib_a-realloc.o)
                0x0000000002011764                realloc
 .text._realloc_r
                0x000000000201177c      0x380 /opt/devkitpro/devkitARM/bin/../lib/gcc/arm-none-eabi/11.2.0/../../../../arm-none-eabi/lib/thumb/libg.a(lib_a-reallocr.o)
                0x000000000201177c                _realloc_r
 .text.lflush   0x0000000002011afc       0x20 /opt/devkitpro/devkitARM/bin/../lib/gcc/arm-none-eabi/11.2.0/../../../../arm-none-eabi/lib/thumb/libg.a(lib_a-refill.o)
 .text.__srefill_r
                0x0000000002011b1c      0x118 /opt/devkitpro/devkitARM/bin/../lib/gcc/arm-none-eabi/11.2.0/../../../../arm-none-eabi/lib/thumb/libg.a(lib_a-refill.o)
                0x0000000002011b1c                __srefill_r
 .text.rewind   0x0000000002011c34       0x20 /opt/devkitpro/devkitARM/bin/../lib/gcc/arm-none-eabi/11.2.0/../../../../arm-none-eabi/lib/thumb/libg.a(lib_a-rewind.o)
                0x0000000002011c34                rewind
 .text.setvbuf  0x0000000002011c54      0x1ac /opt/devkitpro/devkitARM/bin/../lib/gcc/arm-none-eabi/11.2.0/../../../../arm-none-eabi/lib/thumb/libg.a(lib_a-setvbuf.o)
                0x0000000002011c54                setvbuf
 .text.siscanf  0x0000000002011e00       0x4c /opt/devkitpro/devkitARM/bin/../lib/gcc/arm-none-eabi/11.2.0/../../../../arm-none-eabi/lib/thumb/libg.a(lib_a-siscanf.o)
                0x0000000002011e00                siscanf
 .text.sprintf  0x0000000002011e4c       0x40 /opt/devkitpro/devkitARM/bin/../lib/gcc/arm-none-eabi/11.2.0/../../../../arm-none-eabi/lib/thumb/libg.a(lib_a-sprintf.o)
                0x0000000002011e4c                sprintf
 .text.__sread  0x0000000002011e8c       0x34 /opt/devkitpro/devkitARM/bin/../lib/gcc/arm-none-eabi/11.2.0/../../../../arm-none-eabi/lib/thumb/libg.a(lib_a-stdio.o)
                0x0000000002011e8c                __sread
 .text.__seofread
                0x0000000002011ec0        0x4 /opt/devkitpro/devkitARM/bin/../lib/gcc/arm-none-eabi/11.2.0/../../../../arm-none-eabi/lib/thumb/libg.a(lib_a-stdio.o)
                0x0000000002011ec0                __seofread
 .text.__swrite
                0x0000000002011ec4       0x4c /opt/devkitpro/devkitARM/bin/../lib/gcc/arm-none-eabi/11.2.0/../../../../arm-none-eabi/lib/thumb/libg.a(lib_a-stdio.o)
                0x0000000002011ec4                __swrite
 .text.__sseek  0x0000000002011f10       0x40 /opt/devkitpro/devkitARM/bin/../lib/gcc/arm-none-eabi/11.2.0/../../../../arm-none-eabi/lib/thumb/libg.a(lib_a-stdio.o)
                0x0000000002011f10                __sseek
 .text.__sclose
                0x0000000002011f50       0x10 /opt/devkitpro/devkitARM/bin/../lib/gcc/arm-none-eabi/11.2.0/../../../../arm-none-eabi/lib/thumb/libg.a(lib_a-stdio.o)
                0x0000000002011f50                __sclose
 .text.stpcpy   0x0000000002011f60       0x50 /opt/devkitpro/devkitARM/bin/../lib/gcc/arm-none-eabi/11.2.0/../../../../arm-none-eabi/lib/thumb/libg.a(lib_a-stpcpy.o)
                0x0000000002011f60                stpcpy
 .text.strcasecmp
                0x0000000002011fb0       0x48 /opt/devkitpro/devkitARM/bin/../lib/gcc/arm-none-eabi/11.2.0/../../../../arm-none-eabi/lib/thumb/libg.a(lib_a-strcasecmp.o)
                0x0000000002011fb0                strcasecmp
 .text.strchr   0x0000000002011ff8       0xc8 /opt/devkitpro/devkitARM/bin/../lib/gcc/arm-none-eabi/11.2.0/../../../../arm-none-eabi/lib/thumb/libg.a(lib_a-strchr.o)
                0x0000000002011ff8                strchr
 .text.strcpy   0x00000000020120c0       0x10 /opt/devkitpro/devkitARM/bin/../lib/gcc/arm-none-eabi/11.2.0/../../../../arm-none-eabi/lib/thumb/libg.a(lib_a-strcpy.o)
                0x00000000020120c0                strcpy
 .text.strdup   0x00000000020120d0       0x14 /opt/devkitpro/devkitARM/bin/../lib/gcc/arm-none-eabi/11.2.0/../../../../arm-none-eabi/lib/thumb/libg.a(lib_a-strdup.o)
                0x00000000020120d0                strdup
 .text._strdup_r
                0x00000000020120e4       0x2c /opt/devkitpro/devkitARM/bin/../lib/gcc/arm-none-eabi/11.2.0/../../../../arm-none-eabi/lib/thumb/libg.a(lib_a-strdup_r.o)
                0x00000000020120e4                _strdup_r
 .text.strlen   0x0000000002012110       0x60 /opt/devkitpro/devkitARM/bin/../lib/gcc/arm-none-eabi/11.2.0/../../../../arm-none-eabi/lib/thumb/libg.a(lib_a-strlen-stub.o)
                0x0000000002012110                strlen
 .text.strncasecmp
                0x0000000002012170       0x54 /opt/devkitpro/devkitARM/bin/../lib/gcc/arm-none-eabi/11.2.0/../../../../arm-none-eabi/lib/thumb/libg.a(lib_a-strncasecmp.o)
                0x0000000002012170                strncasecmp
 .text.strncmp  0x00000000020121c4       0x78 /opt/devkitpro/devkitARM/bin/../lib/gcc/arm-none-eabi/11.2.0/../../../../arm-none-eabi/lib/thumb/libg.a(lib_a-strncmp.o)
                0x00000000020121c4                strncmp
 .text.strncpy  0x000000000201223c       0x74 /opt/devkitpro/devkitARM/bin/../lib/gcc/arm-none-eabi/11.2.0/../../../../arm-none-eabi/lib/thumb/libg.a(lib_a-strncpy.o)
                0x000000000201223c                strncpy
 .text.strnlen  0x00000000020122b0       0x28 /opt/devkitpro/devkitARM/bin/../lib/gcc/arm-none-eabi/11.2.0/../../../../arm-none-eabi/lib/thumb/libg.a(lib_a-strnlen.o)
                0x00000000020122b0                strnlen
 .text.strpbrk  0x00000000020122d8       0x3c /opt/devkitpro/devkitARM/bin/../lib/gcc/arm-none-eabi/11.2.0/../../../../arm-none-eabi/lib/thumb/libg.a(lib_a-strpbrk.o)
                0x00000000020122d8                strpbrk
 .text.strrchr  0x0000000002012314       0x2c /opt/devkitpro/devkitARM/bin/../lib/gcc/arm-none-eabi/11.2.0/../../../../arm-none-eabi/lib/thumb/libg.a(lib_a-strrchr.o)
                0x0000000002012314                strrchr
 .text._strtol_l.part.0
                0x0000000002012340      0x144 /opt/devkitpro/devkitARM/bin/../lib/gcc/arm-none-eabi/11.2.0/../../../../arm-none-eabi/lib/thumb/libg.a(lib_a-strtol.o)
 .text._strtol_r
                0x0000000002012484       0x20 /opt/devkitpro/devkitARM/bin/../lib/gcc/arm-none-eabi/11.2.0/../../../../arm-none-eabi/lib/thumb/libg.a(lib_a-strtol.o)
                0x0000000002012484                _strtol_r
 .text.get_arg  0x00000000020124a4       0x32 /opt/devkitpro/devkitARM/bin/../lib/gcc/arm-none-eabi/11.2.0/../../../../arm-none-eabi/lib/thumb/libg.a(lib_a-svfiscanf.o)
 .text._sungetc_r
                0x00000000020124d6       0x7e /opt/devkitpro/devkitARM/bin/../lib/gcc/arm-none-eabi/11.2.0/../../../../arm-none-eabi/lib/thumb/libg.a(lib_a-svfiscanf.o)
                0x00000000020124d6                _sungetc_r
 .text.__ssrefill_r
                0x0000000002012554       0x42 /opt/devkitpro/devkitARM/bin/../lib/gcc/arm-none-eabi/11.2.0/../../../../arm-none-eabi/lib/thumb/libg.a(lib_a-svfiscanf.o)
                0x0000000002012554                __ssrefill_r
 .text._sfread_r
                0x0000000002012596       0x88 /opt/devkitpro/devkitARM/bin/../lib/gcc/arm-none-eabi/11.2.0/../../../../arm-none-eabi/lib/thumb/libg.a(lib_a-svfiscanf.o)
                0x0000000002012596                _sfread_r
 *fill*         0x000000000201261e        0x2 ff
 .text.__ssvfiscanf_r
                0x0000000002012620     0x1a04 /opt/devkitpro/devkitARM/bin/../lib/gcc/arm-none-eabi/11.2.0/../../../../arm-none-eabi/lib/thumb/libg.a(lib_a-svfiscanf.o)
                0x0000000002012620                __ssvfiscanf_r
 .text.get_arg  0x0000000002014024      0x400 /opt/devkitpro/devkitARM/bin/../lib/gcc/arm-none-eabi/11.2.0/../../../../arm-none-eabi/lib/thumb/libg.a(lib_a-svfprintf.o)
 .text._svfprintf_r
                0x0000000002014424     0x22fc /opt/devkitpro/devkitARM/bin/../lib/gcc/arm-none-eabi/11.2.0/../../../../arm-none-eabi/lib/thumb/libg.a(lib_a-svfprintf.o)
                0x0000000002014424                _svfprintf_r
 .text.lseek    0x0000000002016720       0x24 /opt/devkitpro/devkitARM/bin/../lib/gcc/arm-none-eabi/11.2.0/../../../../arm-none-eabi/lib/thumb/libg.a(lib_a-syslseek.o)
                0x0000000002016720                lseek
 .text.open     0x0000000002016744       0x28 /opt/devkitpro/devkitARM/bin/../lib/gcc/arm-none-eabi/11.2.0/../../../../arm-none-eabi/lib/thumb/libg.a(lib_a-sysopen.o)
                0x0000000002016744                open
 .text.read     0x000000000201676c       0x1c /opt/devkitpro/devkitARM/bin/../lib/gcc/arm-none-eabi/11.2.0/../../../../arm-none-eabi/lib/thumb/libg.a(lib_a-sysread.o)
                0x000000000201676c                read
 .text.time     0x0000000002016788       0x34 /opt/devkitpro/devkitARM/bin/../lib/gcc/arm-none-eabi/11.2.0/../../../../arm-none-eabi/lib/thumb/libg.a(lib_a-time.o)
                0x0000000002016788                time
 .text.towlower
                0x00000000020167bc       0x10 /opt/devkitpro/devkitARM/bin/../lib/gcc/arm-none-eabi/11.2.0/../../../../arm-none-eabi/lib/thumb/libg.a(lib_a-towlower.o)
                0x00000000020167bc                towlower
 .text.towupper
                0x00000000020167cc       0x10 /opt/devkitpro/devkitARM/bin/../lib/gcc/arm-none-eabi/11.2.0/../../../../arm-none-eabi/lib/thumb/libg.a(lib_a-towupper.o)
                0x00000000020167cc                towupper
 .text.__tzcalc_limits
                0x00000000020167dc      0x1b4 /opt/devkitpro/devkitARM/bin/../lib/gcc/arm-none-eabi/11.2.0/../../../../arm-none-eabi/lib/thumb/libg.a(lib_a-tzcalc_limits.o)
                0x00000000020167dc                __tzcalc_limits
 .text.__tz_lock
                0x0000000002016990       0x14 /opt/devkitpro/devkitARM/bin/../lib/gcc/arm-none-eabi/11.2.0/../../../../arm-none-eabi/lib/thumb/libg.a(lib_a-tzlock.o)
                0x0000000002016990                __tz_lock
 .text.__tz_unlock
                0x00000000020169a4       0x14 /opt/devkitpro/devkitARM/bin/../lib/gcc/arm-none-eabi/11.2.0/../../../../arm-none-eabi/lib/thumb/libg.a(lib_a-tzlock.o)
                0x00000000020169a4                __tz_unlock
 .text._tzset_unlocked
                0x00000000020169b8       0x10 /opt/devkitpro/devkitARM/bin/../lib/gcc/arm-none-eabi/11.2.0/../../../../arm-none-eabi/lib/thumb/libg.a(lib_a-tzset.o)
                0x00000000020169b8                _tzset_unlocked
 .text._tzset_unlocked_r
                0x00000000020169c8      0x370 /opt/devkitpro/devkitARM/bin/../lib/gcc/arm-none-eabi/11.2.0/../../../../arm-none-eabi/lib/thumb/libg.a(lib_a-tzset_r.o)
                0x00000000020169c8                _tzset_unlocked_r
 .text.__submore
                0x0000000002016d38       0x88 /opt/devkitpro/devkitARM/bin/../lib/gcc/arm-none-eabi/11.2.0/../../../../arm-none-eabi/lib/thumb/libg.a(lib_a-ungetc.o)
                0x0000000002016d38                __submore
 .text.get_arg  0x0000000002016dc0      0x400 /opt/devkitpro/devkitARM/bin/../lib/gcc/arm-none-eabi/11.2.0/../../../../arm-none-eabi/lib/thumb/libg.a(lib_a-vfiprintf.o)
 .text.__sprint_r
                0x00000000020171c0       0x24 /opt/devkitpro/devkitARM/bin/../lib/gcc/arm-none-eabi/11.2.0/../../../../arm-none-eabi/lib/thumb/libg.a(lib_a-vfiprintf.o)
                0x00000000020171c0                __sprint_r
 .text._vfiprintf_r
                0x00000000020171e4     0x1710 /opt/devkitpro/devkitARM/bin/../lib/gcc/arm-none-eabi/11.2.0/../../../../arm-none-eabi/lib/thumb/libg.a(lib_a-vfiprintf.o)
                0x00000000020171e4                _vfiprintf_r
 .text.__sbprintf
                0x00000000020188f4       0x8c /opt/devkitpro/devkitARM/bin/../lib/gcc/arm-none-eabi/11.2.0/../../../../arm-none-eabi/lib/thumb/libg.a(lib_a-vfiprintf.o)
 .text._wcrtomb_r
                0x0000000002018980       0x5c /opt/devkitpro/devkitARM/bin/../lib/gcc/arm-none-eabi/11.2.0/../../../../arm-none-eabi/lib/thumb/libg.a(lib_a-wcrtomb.o)
                0x0000000002018980                _wcrtomb_r
 .text.wcrtomb  0x00000000020189dc       0x74 /opt/devkitpro/devkitARM/bin/../lib/gcc/arm-none-eabi/11.2.0/../../../../arm-none-eabi/lib/thumb/libg.a(lib_a-wcrtomb.o)
                0x00000000020189dc                wcrtomb
 .text._wcsrtombs_r
                0x0000000002018a50       0x1c /opt/devkitpro/devkitARM/bin/../lib/gcc/arm-none-eabi/11.2.0/../../../../arm-none-eabi/lib/thumb/libg.a(lib_a-wcsrtombs.o)
                0x0000000002018a50                _wcsrtombs_r
 .text.wctob    0x0000000002018a6c       0x48 /opt/devkitpro/devkitARM/bin/../lib/gcc/arm-none-eabi/11.2.0/../../../../arm-none-eabi/lib/thumb/libg.a(lib_a-wctob.o)
                0x0000000002018a6c                wctob
 .text.__utf8_wctomb
                0x0000000002018ab4       0xb4 /opt/devkitpro/devkitARM/bin/../lib/gcc/arm-none-eabi/11.2.0/../../../../arm-none-eabi/lib/thumb/libg.a(lib_a-wctomb_r.o)
                0x0000000002018ab4                __utf8_wctomb
 .text.__swsetup_r
                0x0000000002018b68       0xe4 /opt/devkitpro/devkitARM/bin/../lib/gcc/arm-none-eabi/11.2.0/../../../../arm-none-eabi/lib/thumb/libg.a(lib_a-wsetup.o)
                0x0000000002018b68                __swsetup_r
 .text.div      0x0000000002018c4c       0x34 /opt/devkitpro/devkitARM/bin/../lib/gcc/arm-none-eabi/11.2.0/../../../../arm-none-eabi/lib/thumb/libg.a(lib_a-div.o)
                0x0000000002018c4c                div
 .text.quorem   0x0000000002018c80      0x148 /opt/devkitpro/devkitARM/bin/../lib/gcc/arm-none-eabi/11.2.0/../../../../arm-none-eabi/lib/thumb/libg.a(lib_a-dtoa.o)
 .text._dtoa_r  0x0000000002018dc8      0xfc4 /opt/devkitpro/devkitARM/bin/../lib/gcc/arm-none-eabi/11.2.0/../../../../arm-none-eabi/lib/thumb/libg.a(lib_a-dtoa.o)
                0x0000000002018dc8                _dtoa_r
 .text.__sflags
                0x0000000002019d8c       0xa4 /opt/devkitpro/devkitARM/bin/../lib/gcc/arm-none-eabi/11.2.0/../../../../arm-none-eabi/lib/thumb/libg.a(lib_a-flags.o)
                0x0000000002019d8c                __sflags
 .text.__sfvwrite_r
                0x0000000002019e30      0x34c /opt/devkitpro/devkitARM/bin/../lib/gcc/arm-none-eabi/11.2.0/../../../../arm-none-eabi/lib/thumb/libg.a(lib_a-fvwrite.o)
                0x0000000002019e30                __sfvwrite_r
 .text._findenv_r
                0x000000000201a17c       0x94 /opt/devkitpro/devkitARM/bin/../lib/gcc/arm-none-eabi/11.2.0/../../../../arm-none-eabi/lib/thumb/libg.a(lib_a-getenv_r.o)
                0x000000000201a17c                _findenv_r
 .text._getenv_r
                0x000000000201a210       0x10 /opt/devkitpro/devkitARM/bin/../lib/gcc/arm-none-eabi/11.2.0/../../../../arm-none-eabi/lib/thumb/libg.a(lib_a-getenv_r.o)
                0x000000000201a210                _getenv_r
 .text.__gettzinfo
                0x000000000201a220        0x8 /opt/devkitpro/devkitARM/bin/../lib/gcc/arm-none-eabi/11.2.0/../../../../arm-none-eabi/lib/thumb/libg.a(lib_a-gettzinfo.o)
                0x000000000201a220                __gettzinfo
 .text.gmtime_r
                0x000000000201a228      0x1c8 /opt/devkitpro/devkitARM/bin/../lib/gcc/arm-none-eabi/11.2.0/../../../../arm-none-eabi/lib/thumb/libg.a(lib_a-gmtime_r.o)
                0x000000000201a228                gmtime_r
 .text.iswspace
                0x000000000201a3f0       0x10 /opt/devkitpro/devkitARM/bin/../lib/gcc/arm-none-eabi/11.2.0/../../../../arm-none-eabi/lib/thumb/libg.a(lib_a-iswspace.o)
                0x000000000201a3f0                iswspace
 .text._localeconv_r
                0x000000000201a400        0x8 /opt/devkitpro/devkitARM/bin/../lib/gcc/arm-none-eabi/11.2.0/../../../../arm-none-eabi/lib/thumb/libg.a(lib_a-localeconv.o)
                0x000000000201a400                _localeconv_r
 .text._mbsnrtowcs_r
                0x000000000201a408       0xbc /opt/devkitpro/devkitARM/bin/../lib/gcc/arm-none-eabi/11.2.0/../../../../arm-none-eabi/lib/thumb/libg.a(lib_a-mbsnrtowcs.o)
                0x000000000201a408                _mbsnrtowcs_r
 .text.memchr   0x000000000201a4c4       0x78 /opt/devkitpro/devkitARM/bin/../lib/gcc/arm-none-eabi/11.2.0/../../../../arm-none-eabi/lib/thumb/libg.a(lib_a-memchr-stub.o)
                0x000000000201a4c4                memchr
 .text._Balloc  0x000000000201a53c       0x54 /opt/devkitpro/devkitARM/bin/../lib/gcc/arm-none-eabi/11.2.0/../../../../arm-none-eabi/lib/thumb/libg.a(lib_a-mprec.o)
                0x000000000201a53c                _Balloc
 .text._Bfree   0x000000000201a590       0x14 /opt/devkitpro/devkitARM/bin/../lib/gcc/arm-none-eabi/11.2.0/../../../../arm-none-eabi/lib/thumb/libg.a(lib_a-mprec.o)
                0x000000000201a590                _Bfree
 .text.__multadd
                0x000000000201a5a4       0xac /opt/devkitpro/devkitARM/bin/../lib/gcc/arm-none-eabi/11.2.0/../../../../arm-none-eabi/lib/thumb/libg.a(lib_a-mprec.o)
                0x000000000201a5a4                __multadd
 .text.__hi0bits
                0x000000000201a650       0x38 /opt/devkitpro/devkitARM/bin/../lib/gcc/arm-none-eabi/11.2.0/../../../../arm-none-eabi/lib/thumb/libg.a(lib_a-mprec.o)
                0x000000000201a650                __hi0bits
 .text.__lo0bits
                0x000000000201a688       0x5c /opt/devkitpro/devkitARM/bin/../lib/gcc/arm-none-eabi/11.2.0/../../../../arm-none-eabi/lib/thumb/libg.a(lib_a-mprec.o)
                0x000000000201a688                __lo0bits
 .text.__i2b    0x000000000201a6e4       0x64 /opt/devkitpro/devkitARM/bin/../lib/gcc/arm-none-eabi/11.2.0/../../../../arm-none-eabi/lib/thumb/libg.a(lib_a-mprec.o)
                0x000000000201a6e4                __i2b
 .text.__multiply
                0x000000000201a748      0x1a8 /opt/devkitpro/devkitARM/bin/../lib/gcc/arm-none-eabi/11.2.0/../../../../arm-none-eabi/lib/thumb/libg.a(lib_a-mprec.o)
                0x000000000201a748                __multiply
 .text.__pow5mult
                0x000000000201a8f0       0xd8 /opt/devkitpro/devkitARM/bin/../lib/gcc/arm-none-eabi/11.2.0/../../../../arm-none-eabi/lib/thumb/libg.a(lib_a-mprec.o)
                0x000000000201a8f0                __pow5mult
 .text.__lshift
                0x000000000201a9c8      0x104 /opt/devkitpro/devkitARM/bin/../lib/gcc/arm-none-eabi/11.2.0/../../../../arm-none-eabi/lib/thumb/libg.a(lib_a-mprec.o)
                0x000000000201a9c8                __lshift
 .text.__mcmp   0x000000000201aacc       0x38 /opt/devkitpro/devkitARM/bin/../lib/gcc/arm-none-eabi/11.2.0/../../../../arm-none-eabi/lib/thumb/libg.a(lib_a-mprec.o)
                0x000000000201aacc                __mcmp
 .text.__mdiff  0x000000000201ab04      0x198 /opt/devkitpro/devkitARM/bin/../lib/gcc/arm-none-eabi/11.2.0/../../../../arm-none-eabi/lib/thumb/libg.a(lib_a-mprec.o)
                0x000000000201ab04                __mdiff
 .text.__d2b    0x000000000201ac9c       0xd0 /opt/devkitpro/devkitARM/bin/../lib/gcc/arm-none-eabi/11.2.0/../../../../arm-none-eabi/lib/thumb/libg.a(lib_a-mprec.o)
                0x000000000201ac9c                __d2b
 .text.__sccl   0x000000000201ad6c       0x90 /opt/devkitpro/devkitARM/bin/../lib/gcc/arm-none-eabi/11.2.0/../../../../arm-none-eabi/lib/thumb/libg.a(lib_a-sccl.o)
                0x000000000201ad6c                __sccl
 .text.frexp    0x000000000201adfc       0x68 /opt/devkitpro/devkitARM/bin/../lib/gcc/arm-none-eabi/11.2.0/../../../../arm-none-eabi/lib/thumb/libg.a(lib_a-s_frexp.o)
                0x000000000201adfc                frexp
 .text._strtoll_l.constprop.0
                0x000000000201ae64      0x1a4 /opt/devkitpro/devkitARM/bin/../lib/gcc/arm-none-eabi/11.2.0/../../../../arm-none-eabi/lib/thumb/libg.a(lib_a-strtoll.o)
 .text._strtoll_r
                0x000000000201b008        0xc /opt/devkitpro/devkitARM/bin/../lib/gcc/arm-none-eabi/11.2.0/../../../../arm-none-eabi/lib/thumb/libg.a(lib_a-strtoll.o)
                0x000000000201b008                _strtoll_r
 .text._strtoull_l.constprop.0
                0x000000000201b014      0x1c0 /opt/devkitpro/devkitARM/bin/../lib/gcc/arm-none-eabi/11.2.0/../../../../arm-none-eabi/lib/thumb/libg.a(lib_a-strtoull.o)
 .text._strtoull_r
                0x000000000201b1d4        0xc /opt/devkitpro/devkitARM/bin/../lib/gcc/arm-none-eabi/11.2.0/../../../../arm-none-eabi/lib/thumb/libg.a(lib_a-strtoull.o)
                0x000000000201b1d4                _strtoull_r
 .text._strtoul_l.constprop.0
                0x000000000201b1e0      0x148 /opt/devkitpro/devkitARM/bin/../lib/gcc/arm-none-eabi/11.2.0/../../../../arm-none-eabi/lib/thumb/libg.a(lib_a-strtoul.o)
 .text._strtoul_r
                0x000000000201b328        0xc /opt/devkitpro/devkitARM/bin/../lib/gcc/arm-none-eabi/11.2.0/../../../../arm-none-eabi/lib/thumb/libg.a(lib_a-strtoul.o)
                0x000000000201b328                _strtoul_r
 .text.strtoul  0x000000000201b334       0x1c /opt/devkitpro/devkitARM/bin/../lib/gcc/arm-none-eabi/11.2.0/../../../../arm-none-eabi/lib/thumb/libg.a(lib_a-strtoul.o)
                0x000000000201b334                strtoul
 .text.__ssprint_r
                0x000000000201b350      0x124 /opt/devkitpro/devkitARM/bin/../lib/gcc/arm-none-eabi/11.2.0/../../../../arm-none-eabi/lib/thumb/libg.a(lib_a-svfiprintf.o)
                0x000000000201b350                __ssprint_r
 .text.towctrans
                0x000000000201b474       0x28 /opt/devkitpro/devkitARM/bin/../lib/gcc/arm-none-eabi/11.2.0/../../../../arm-none-eabi/lib/thumb/libg.a(lib_a-towctrans.o)
                0x000000000201b474                towctrans
 .text._wcsnrtombs_l
                0x000000000201b49c      0x110 /opt/devkitpro/devkitARM/bin/../lib/gcc/arm-none-eabi/11.2.0/../../../../arm-none-eabi/lib/thumb/libg.a(lib_a-wcsnrtombs.o)
                0x000000000201b49c                _wcsnrtombs_l
 .text._wcsnrtombs_r
                0x000000000201b5ac       0x30 /opt/devkitpro/devkitARM/bin/../lib/gcc/arm-none-eabi/11.2.0/../../../../arm-none-eabi/lib/thumb/libg.a(lib_a-wcsnrtombs.o)
                0x000000000201b5ac                _wcsnrtombs_r
 .text.__assert_func
                0x000000000201b5dc       0x40 /opt/devkitpro/devkitARM/bin/../lib/gcc/arm-none-eabi/11.2.0/../../../../arm-none-eabi/lib/thumb/libg.a(lib_a-assert.o)
                0x000000000201b5dc                __assert_func
 .text.__env_lock
                0x000000000201b61c       0x14 /opt/devkitpro/devkitARM/bin/../lib/gcc/arm-none-eabi/11.2.0/../../../../arm-none-eabi/lib/thumb/libg.a(lib_a-envlock.o)
                0x000000000201b61c                __env_lock
 .text.__env_unlock
                0x000000000201b630       0x14 /opt/devkitpro/devkitARM/bin/../lib/gcc/arm-none-eabi/11.2.0/../../../../arm-none-eabi/lib/thumb/libg.a(lib_a-envlock.o)
                0x000000000201b630                __env_unlock
 .text.fiprintf
                0x000000000201b644       0x28 /opt/devkitpro/devkitARM/bin/../lib/gcc/arm-none-eabi/11.2.0/../../../../arm-none-eabi/lib/thumb/libg.a(lib_a-fiprintf.o)
                0x000000000201b644                fiprintf
 .text.iswspace_l
                0x000000000201b66c       0x2c /opt/devkitpro/devkitARM/bin/../lib/gcc/arm-none-eabi/11.2.0/../../../../arm-none-eabi/lib/thumb/libg.a(lib_a-iswspace_l.o)
                0x000000000201b66c                iswspace_l
 .text.__jp2uc  0x000000000201b698      0x154 /opt/devkitpro/devkitARM/bin/../lib/gcc/arm-none-eabi/11.2.0/../../../../arm-none-eabi/lib/thumb/libg.a(lib_a-jp2uc.o)
 .text._jp2uc_l
                0x000000000201b7ec       0x6c /opt/devkitpro/devkitARM/bin/../lib/gcc/arm-none-eabi/11.2.0/../../../../arm-none-eabi/lib/thumb/libg.a(lib_a-jp2uc.o)
                0x000000000201b7ec                _jp2uc_l
 .text._uc2jp_l
                0x000000000201b858       0x4c /opt/devkitpro/devkitARM/bin/../lib/gcc/arm-none-eabi/11.2.0/../../../../arm-none-eabi/lib/thumb/libg.a(lib_a-jp2uc.o)
                0x000000000201b858                _uc2jp_l
 .text.towctrans_l
                0x000000000201b8a4      0x1b4 /opt/devkitpro/devkitARM/bin/../lib/gcc/arm-none-eabi/11.2.0/../../../../arm-none-eabi/lib/thumb/libg.a(lib_a-towctrans_l.o)
                0x000000000201b8a4                towctrans_l
 .text.abort    0x000000000201ba58       0x10 /opt/devkitpro/devkitARM/bin/../lib/gcc/arm-none-eabi/11.2.0/../../../../arm-none-eabi/lib/thumb/libg.a(lib_a-abort.o)
                0x000000000201ba58                abort
 .text.category
                0x000000000201ba68       0x54 /opt/devkitpro/devkitARM/bin/../lib/gcc/arm-none-eabi/11.2.0/../../../../arm-none-eabi/lib/thumb/libg.a(lib_a-categories.o)
                0x000000000201ba68                category
 .text._raise_r
                0x000000000201babc       0x64 /opt/devkitpro/devkitARM/bin/../lib/gcc/arm-none-eabi/11.2.0/../../../../arm-none-eabi/lib/thumb/libg.a(lib_a-signal.o)
                0x000000000201babc                _raise_r
 .text.raise    0x000000000201bb20       0x14 /opt/devkitpro/devkitARM/bin/../lib/gcc/arm-none-eabi/11.2.0/../../../../arm-none-eabi/lib/thumb/libg.a(lib_a-signal.o)
                0x000000000201bb20                raise
 .text.null_write
                0x000000000201bb34        0x4 /opt/devkitpro/devkitARM/bin/../lib/gcc/arm-none-eabi/11.2.0/../../../../arm-none-eabi/lib/thumb/libsysbase.a(iosupport.o)
 .text.setDefaultDevice
                0x000000000201bb38       0x10 /opt/devkitpro/devkitARM/bin/../lib/gcc/arm-none-eabi/11.2.0/../../../../arm-none-eabi/lib/thumb/libsysbase.a(iosupport.o)
                0x000000000201bb38                setDefaultDevice
 .text.FindDevice
                0x000000000201bb48       0x98 /opt/devkitpro/devkitARM/bin/../lib/gcc/arm-none-eabi/11.2.0/../../../../arm-none-eabi/lib/thumb/libsysbase.a(iosupport.o)
                0x000000000201bb48                FindDevice
 .text.AddDevice
                0x000000000201bbe0       0x78 /opt/devkitpro/devkitARM/bin/../lib/gcc/arm-none-eabi/11.2.0/../../../../arm-none-eabi/lib/thumb/libsysbase.a(iosupport.o)
                0x000000000201bbe0                AddDevice
 .text.GetDeviceOpTab
                0x000000000201bc58       0x20 /opt/devkitpro/devkitARM/bin/../lib/gcc/arm-none-eabi/11.2.0/../../../../arm-none-eabi/lib/thumb/libsysbase.a(iosupport.o)
                0x000000000201bc58                GetDeviceOpTab
 .text._fstat_r
                0x000000000201bc78       0x4c /opt/devkitpro/devkitARM/bin/../lib/gcc/arm-none-eabi/11.2.0/../../../../arm-none-eabi/lib/thumb/libsysbase.a(fstat.o)
                0x000000000201bc78                _fstat_r
 .text._getpid_r
                0x000000000201bcc4        0xc /opt/devkitpro/devkitARM/bin/../lib/gcc/arm-none-eabi/11.2.0/../../../../arm-none-eabi/lib/thumb/libsysbase.a(getpid.o)
                0x000000000201bcc4                _getpid_r
 .text._gettimeofday_r
                0x000000000201bcd0       0x20 /opt/devkitpro/devkitARM/bin/../lib/gcc/arm-none-eabi/11.2.0/../../../../arm-none-eabi/lib/thumb/libsysbase.a(gettod.o)
                0x000000000201bcd0                _gettimeofday_r
 .text._isatty_r
                0x000000000201bcf0        0x4 /opt/devkitpro/devkitARM/bin/../lib/gcc/arm-none-eabi/11.2.0/../../../../arm-none-eabi/lib/thumb/libsysbase.a(isatty.o)
                0x000000000201bcf0                _isatty_r
 .text._kill_r  0x000000000201bcf4        0xc /opt/devkitpro/devkitARM/bin/../lib/gcc/arm-none-eabi/11.2.0/../../../../arm-none-eabi/lib/thumb/libsysbase.a(kill.o)
                0x000000000201bcf4                _kill_r
 .text._lseek_r
                0x000000000201bd00       0x5c /opt/devkitpro/devkitARM/bin/../lib/gcc/arm-none-eabi/11.2.0/../../../../arm-none-eabi/lib/thumb/libsysbase.a(lseek.o)
                0x000000000201bd00                _lseek_r
 .text._open_r  0x000000000201bd5c       0x9c /opt/devkitpro/devkitARM/bin/../lib/gcc/arm-none-eabi/11.2.0/../../../../arm-none-eabi/lib/thumb/libsysbase.a(open.o)
                0x000000000201bd5c                _open_r
 .text._read_r  0x000000000201bdf8       0x50 /opt/devkitpro/devkitARM/bin/../lib/gcc/arm-none-eabi/11.2.0/../../../../arm-none-eabi/lib/thumb/libsysbase.a(read.o)
                0x000000000201bdf8                _read_r
 .text._sbrk_r  0x000000000201be48       0x54 /opt/devkitpro/devkitARM/bin/../lib/gcc/arm-none-eabi/11.2.0/../../../../arm-none-eabi/lib/thumb/libsysbase.a(sbrk.o)
                0x000000000201be48                _sbrk_r
 .text._write_r
                0x000000000201be9c       0x50 /opt/devkitpro/devkitARM/bin/../lib/gcc/arm-none-eabi/11.2.0/../../../../arm-none-eabi/lib/thumb/libsysbase.a(write.o)
                0x000000000201be9c                _write_r
 .text._exit    0x000000000201beec       0x14 /opt/devkitpro/devkitARM/bin/../lib/gcc/arm-none-eabi/11.2.0/../../../../arm-none-eabi/lib/thumb/libsysbase.a(_exit.o)
                0x000000000201beec                _exit
 .text._concatenate_path
                0x000000000201bf00      0x128 /opt/devkitpro/devkitARM/bin/../lib/gcc/arm-none-eabi/11.2.0/../../../../arm-none-eabi/lib/thumb/libsysbase.a(chdir.o)
                0x000000000201bf00                _concatenate_path
 .text.chdir    0x000000000201c028       0xf0 /opt/devkitpro/devkitARM/bin/../lib/gcc/arm-none-eabi/11.2.0/../../../../arm-none-eabi/lib/thumb/libsysbase.a(chdir.o)
                0x000000000201c028                chdir
 .text.getcwd   0x000000000201c118       0x60 /opt/devkitpro/devkitARM/bin/../lib/gcc/arm-none-eabi/11.2.0/../../../../arm-none-eabi/lib/thumb/libsysbase.a(chdir.o)
                0x000000000201c118                getcwd
 .text.build_argv
                0x000000000201c178       0x4c /opt/devkitpro/devkitARM/bin/../lib/gcc/arm-none-eabi/11.2.0/../../../../arm-none-eabi/lib/thumb/libsysbase.a(build_argv.o)
                0x000000000201c178                build_argv
 .text.__flockfile
                0x000000000201c1c4       0x10 /opt/devkitpro/devkitARM/bin/../lib/gcc/arm-none-eabi/11.2.0/../../../../arm-none-eabi/lib/thumb/libsysbase.a(flock.o)
                0x000000000201c1c4                __flockfile
 .text.__funlockfile
                0x000000000201c1d4       0x10 /opt/devkitpro/devkitARM/bin/../lib/gcc/arm-none-eabi/11.2.0/../../../../arm-none-eabi/lib/thumb/libsysbase.a(flock.o)
                0x000000000201c1d4                __funlockfile
 .text.__release_handle
                0x000000000201c1e4       0x68 /opt/devkitpro/devkitARM/bin/../lib/gcc/arm-none-eabi/11.2.0/../../../../arm-none-eabi/lib/thumb/libsysbase.a(handle_manager.o)
                0x000000000201c1e4                __release_handle
 .text.__alloc_handle
                0x000000000201c24c       0x80 /opt/devkitpro/devkitARM/bin/../lib/gcc/arm-none-eabi/11.2.0/../../../../arm-none-eabi/lib/thumb/libsysbase.a(handle_manager.o)
                0x000000000201c24c                __alloc_handle
 .text.__get_handle
                0x000000000201c2cc       0x34 /opt/devkitpro/devkitARM/bin/../lib/gcc/arm-none-eabi/11.2.0/../../../../arm-none-eabi/lib/thumb/libsysbase.a(handle_manager.o)
                0x000000000201c2cc                __get_handle
 .text._close_r
                0x000000000201c300       0xb8 /opt/devkitpro/devkitARM/bin/../lib/gcc/arm-none-eabi/11.2.0/../../../../arm-none-eabi/lib/thumb/libsysbase.a(handle_manager.o)
                0x000000000201c300                _close_r
 .text.__getreent
                0x000000000201c3b8       0x20 /opt/devkitpro/devkitARM/bin/../lib/gcc/arm-none-eabi/11.2.0/../../../../arm-none-eabi/lib/thumb/libsysbase.a(getreent.o)
                0x000000000201c3b8                __getreent
 .text.__libc_lock_acquire
                0x000000000201c3d8       0x18 /opt/devkitpro/devkitARM/bin/../lib/gcc/arm-none-eabi/11.2.0/../../../../arm-none-eabi/lib/thumb/libsysbase.a(syscall_support.o)
                0x000000000201c3d8                __libc_lock_acquire
 .text.__libc_lock_release
                0x000000000201c3f0       0x18 /opt/devkitpro/devkitARM/bin/../lib/gcc/arm-none-eabi/11.2.0/../../../../arm-none-eabi/lib/thumb/libsysbase.a(syscall_support.o)
                0x000000000201c3f0                __libc_lock_release
 .text.__libc_lock_init_recursive
                0x000000000201c408       0x18 /opt/devkitpro/devkitARM/bin/../lib/gcc/arm-none-eabi/11.2.0/../../../../arm-none-eabi/lib/thumb/libsysbase.a(syscall_support.o)
                0x000000000201c408                __libc_lock_init_recursive
 .text.__libc_lock_acquire_recursive
                0x000000000201c420       0x18 /opt/devkitpro/devkitARM/bin/../lib/gcc/arm-none-eabi/11.2.0/../../../../arm-none-eabi/lib/thumb/libsysbase.a(syscall_support.o)
                0x000000000201c420                __libc_lock_acquire_recursive
 .text.__libc_lock_release_recursive
                0x000000000201c438       0x18 /opt/devkitpro/devkitARM/bin/../lib/gcc/arm-none-eabi/11.2.0/../../../../arm-none-eabi/lib/thumb/libsysbase.a(syscall_support.o)
                0x000000000201c438                __libc_lock_release_recursive
 .text.__libc_lock_close_recursive
                0x000000000201c450       0x18 /opt/devkitpro/devkitARM/bin/../lib/gcc/arm-none-eabi/11.2.0/../../../../arm-none-eabi/lib/thumb/libsysbase.a(syscall_support.o)
                0x000000000201c450                __libc_lock_close_recursive
 .text.__libc_lock_close_recursive.__stub
                0x000000000201c468      0x110 linker stubs
 *(EXCLUDE_FILE(*.twl*) .gnu.warning)
 *(EXCLUDE_FILE(*.twl*) .gnu.linkonce.t*)
 *(.glue_7)
 .glue_7        0x000000000201c588        0x0 linker stubs
 *(.glue_7t)
 .glue_7t       0x000000000201c588        0x0 linker stubs
                0x000000000201c588                . = ALIGN (0x4)

.vfp11_veneer   0x000000000201c588        0x0
 .vfp11_veneer  0x000000000201c588        0x0 linker stubs

.v4_bx          0x000000000201c588        0x0
 .v4_bx         0x000000000201c588        0x0 linker stubs

.iplt           0x000000000201c588        0x0
 .iplt          0x000000000201c588        0x0 /opt/devkitpro/devkitARM/bin/../lib/gcc/arm-none-eabi/11.2.0/../../../../arm-none-eabi/lib/thumb/ds_arm9_crt0.o

.fini           0x000000000201c588        0xc
 *(.fini)
 .fini          0x000000000201c588        0x4 /opt/devkitpro/devkitARM/bin/../lib/gcc/arm-none-eabi/11.2.0/thumb/crti.o
                0x000000000201c588                _fini
 .fini          0x000000000201c58c        0x8 /opt/devkitpro/devkitARM/bin/../lib/gcc/arm-none-eabi/11.2.0/thumb/crtn.o
                0x000000000201c594                __text_end = .

.rodata         0x000000000201c598     0x9730
 *(EXCLUDE_FILE(*.twl*) .rodata)
 .rodata        0x000000000201c598       0x20 /media/adrian/129A6F639A6F41F9/N3lib/examples/tunnel/nflib/lib/libn3lib.a(n3_debug.o)
 *all.rodata*(*)
 *(EXCLUDE_FILE(*.twl*) .roda)
 *(EXCLUDE_FILE(*.twl*) .rodata.*)
 .rodata.str1.4
                0x000000000201c5b8       0x68 main.o
 .rodata.str1.4
                0x000000000201c620      0x176 /media/adrian/129A6F639A6F41F9/N3lib/examples/tunnel/nflib/lib/libn3lib.a(n3_load.o)
                                        0x180 (size before relaxing)
 *fill*         0x000000000201c796        0x2 ff
 .rodata.str1.4
                0x000000000201c798       0x5a /media/adrian/129A6F639A6F41F9/N3lib/examples/tunnel/nflib/lib/libn3lib.a(n3_vram.o)
                                         0x84 (size before relaxing)
 *fill*         0x000000000201c7f2        0x2 ff
 .rodata.str1.4
                0x000000000201c7f4      0x118 /media/adrian/129A6F639A6F41F9/N3lib/examples/tunnel/nflib/lib/libn3lib.a(n3_debug.o)
 .rodata.nitroFSInit.str1.4
                0x000000000201c90c        0x8 /opt/devkitpro/libnds/lib/libfilesystem.a(nitrofs.o)
 .rodata.str1.4
                0x000000000201c90c        0xe /opt/devkitpro/libnds/lib/libfilesystem.a(nitrofs.o)
 *fill*         0x000000000201c91a        0x2 ff
 .rodata.fatMount.part.0.str1.4
                0x000000000201c91c        0x2 /opt/devkitpro/libnds/lib/libfat.a(libfat.o)
 *fill*         0x000000000201c91e        0x2 ff
 .rodata.fatInit.str1.4
                0x000000000201c920        0x3 /opt/devkitpro/libnds/lib/libfat.a(libfat.o)
 *fill*         0x000000000201c923        0x1 ff
 .rodata.str1.4
                0x000000000201c924        0x4 /opt/devkitpro/libnds/lib/libfat.a(libfat.o)
 .rodata.dotab_fat
                0x000000000201c928       0x70 /opt/devkitpro/libnds/lib/libfat.a(libfat.o)
 .rodata.str1.4
                0x000000000201c998        0x3 /opt/devkitpro/libnds/lib/libfat.a(disc.o)
                                          0x8 (size before relaxing)
 *fill*         0x000000000201c99b        0x1 ff
 .rodata._FAT_disc_interfaces
                0x000000000201c99c       0x18 /opt/devkitpro/libnds/lib/libfat.a(disc.o)
                0x000000000201c99c                _FAT_disc_interfaces
 .rodata._FAT_directory_entryFromPath.str1.4
                0x000000000201c9b4        0x7 /opt/devkitpro/libnds/lib/libfat.a(directory.o)
 .rodata.ILLEGAL_ALIAS_CHARACTERS
                0x000000000201c9b4       0x12 /opt/devkitpro/libnds/lib/libfat.a(directory.o)
 *fill*         0x000000000201c9c6        0x2 ff
 .rodata.ILLEGAL_LFN_CHARACTERS
                0x000000000201c9c8        0xa /opt/devkitpro/libnds/lib/libfat.a(directory.o)
 *fill*         0x000000000201c9d2        0x2 ff
 .rodata.LFN_offset_table
                0x000000000201c9d4       0x34 /opt/devkitpro/libnds/lib/libfat.a(directory.o)
 .rodata.FAT_SIG
                0x000000000201ca08        0x3 /opt/devkitpro/libnds/lib/libfat.a(partition.o)
 *fill*         0x000000000201ca0b        0x1 ff
 .rodata.FS_TWL_SIG
                0x000000000201ca0c        0x8 /opt/devkitpro/libnds/lib/libfat.a(partition.o)
 .rodata.SIN_LUT
                0x000000000201ca14      0x102 /opt/devkitpro/libnds/lib/libnds9.a(trig.o)
                0x000000000201ca14                SIN_LUT
 *fill*         0x000000000201cb16        0x2 ff
 .rodata.TAN_LUT
                0x000000000201cb18      0x204 /opt/devkitpro/libnds/lib/libnds9.a(trig.o)
                0x000000000201cb18                TAN_LUT
 .rodata.con_write.str1.4
                0x000000000201cd1c       0x30 /opt/devkitpro/libnds/lib/libnds9.a(console.o)
 .rodata.con_write
                0x000000000201cd4c       0xd4 /opt/devkitpro/libnds/lib/libnds9.a(console.o)
 .rodata.consoleClear.str1.4
                0x000000000201ce20        0x5 /opt/devkitpro/libnds/lib/libnds9.a(console.o)
 *fill*         0x000000000201ce25        0x3 ff
 .rodata.str1.4
                0x000000000201ce28       0x14 /opt/devkitpro/libnds/lib/libnds9.a(console.o)
 .rodata.dotab_stdout
                0x000000000201ce3c       0x70 /opt/devkitpro/libnds/lib/libnds9.a(console.o)
 .rodata.default_font_bin
                0x000000000201ceac     0x2000 /opt/devkitpro/libnds/lib/libnds9.a(default_font.bin.o)
                0x000000000201ceac                default_font_bin
                0x000000000201eeac                default_font_bin_end
 .rodata._ctype_
                0x000000000201eeac      0x101 /opt/devkitpro/devkitARM/bin/../lib/gcc/arm-none-eabi/11.2.0/../../../../arm-none-eabi/lib/thumb/libg.a(lib_a-ctype_.o)
                0x000000000201eeac                _ctype_
 *fill*         0x000000000201efad        0x3 ff
 .rodata._global_impure_ptr
                0x000000000201efb0        0x4 /opt/devkitpro/devkitARM/bin/../lib/gcc/arm-none-eabi/11.2.0/../../../../arm-none-eabi/lib/thumb/libg.a(lib_a-impure.o)
                0x000000000201efb0                _global_impure_ptr
 .rodata.str1.4
                0x000000000201efb4       0x44 /opt/devkitpro/devkitARM/bin/../lib/gcc/arm-none-eabi/11.2.0/../../../../arm-none-eabi/lib/thumb/libg.a(lib_a-locale.o)
                                         0x4c (size before relaxing)
 .rodata._mbrtowc_r.str1.4
                0x000000000201eff8        0x1 /opt/devkitpro/devkitARM/bin/../lib/gcc/arm-none-eabi/11.2.0/../../../../arm-none-eabi/lib/thumb/libg.a(lib_a-mbrtowc.o)
 .rodata.DAYS_IN_MONTH
                0x000000000201eff8       0x30 /opt/devkitpro/devkitARM/bin/../lib/gcc/arm-none-eabi/11.2.0/../../../../arm-none-eabi/lib/thumb/libg.a(lib_a-mktime.o)
 .rodata._DAYS_BEFORE_MONTH
                0x000000000201f028       0x30 /opt/devkitpro/devkitARM/bin/../lib/gcc/arm-none-eabi/11.2.0/../../../../arm-none-eabi/lib/thumb/libg.a(lib_a-mktime.o)
 .rodata.__month_lengths
                0x000000000201f058       0x60 /opt/devkitpro/devkitARM/bin/../lib/gcc/arm-none-eabi/11.2.0/../../../../arm-none-eabi/lib/thumb/libg.a(lib_a-month_lengths.o)
                0x000000000201f058                __month_lengths
 .rodata.basefix.0
                0x000000000201f0b8       0x22 /opt/devkitpro/devkitARM/bin/../lib/gcc/arm-none-eabi/11.2.0/../../../../arm-none-eabi/lib/thumb/libg.a(lib_a-svfiscanf.o)
 .rodata._svfprintf_r.str1.1
                0x000000000201f0da       0x3b /opt/devkitpro/devkitARM/bin/../lib/gcc/arm-none-eabi/11.2.0/../../../../arm-none-eabi/lib/thumb/libg.a(lib_a-svfprintf.o)
 *fill*         0x000000000201f115        0x3 ff
 .rodata.blanks.1
                0x000000000201f118       0x10 /opt/devkitpro/devkitARM/bin/../lib/gcc/arm-none-eabi/11.2.0/../../../../arm-none-eabi/lib/thumb/libg.a(lib_a-svfprintf.o)
 .rodata.zeroes.0
                0x000000000201f128       0x10 /opt/devkitpro/devkitARM/bin/../lib/gcc/arm-none-eabi/11.2.0/../../../../arm-none-eabi/lib/thumb/libg.a(lib_a-svfprintf.o)
 .rodata._tzset_unlocked_r.str1.4
                0x000000000201f138       0x53 /opt/devkitpro/devkitARM/bin/../lib/gcc/arm-none-eabi/11.2.0/../../../../arm-none-eabi/lib/thumb/libg.a(lib_a-tzset_r.o)
 .rodata.str1.4
                0x000000000201f18b        0x4 /opt/devkitpro/devkitARM/bin/../lib/gcc/arm-none-eabi/11.2.0/../../../../arm-none-eabi/lib/thumb/libg.a(lib_a-tzvars.o)
 .rodata._vfiprintf_r.str1.1
                0x000000000201f18b       0x29 /opt/devkitpro/devkitARM/bin/../lib/gcc/arm-none-eabi/11.2.0/../../../../arm-none-eabi/lib/thumb/libg.a(lib_a-vfiprintf.o)
 *fill*         0x000000000201f18b        0x1 ff
 .rodata.blanks.1
                0x000000000201f18c       0x10 /opt/devkitpro/devkitARM/bin/../lib/gcc/arm-none-eabi/11.2.0/../../../../arm-none-eabi/lib/thumb/libg.a(lib_a-vfiprintf.o)
 .rodata.zeroes.0
                0x000000000201f19c       0x10 /opt/devkitpro/devkitARM/bin/../lib/gcc/arm-none-eabi/11.2.0/../../../../arm-none-eabi/lib/thumb/libg.a(lib_a-vfiprintf.o)
 .rodata._dtoa_r.str1.4
                0x000000000201f1ac       0x64 /opt/devkitpro/devkitARM/bin/../lib/gcc/arm-none-eabi/11.2.0/../../../../arm-none-eabi/lib/thumb/libg.a(lib_a-dtoa.o)
 .rodata.__multadd.str1.4
                0x000000000201f210       0x3d /opt/devkitpro/devkitARM/bin/../lib/gcc/arm-none-eabi/11.2.0/../../../../arm-none-eabi/lib/thumb/libg.a(lib_a-mprec.o)
                                         0x51 (size before relaxing)
 *fill*         0x000000000201f24d        0x3 ff
 .rodata.__mprec_bigtens
                0x000000000201f250       0x28 /opt/devkitpro/devkitARM/bin/../lib/gcc/arm-none-eabi/11.2.0/../../../../arm-none-eabi/lib/thumb/libg.a(lib_a-mprec.o)
                0x000000000201f250                __mprec_bigtens
 .rodata.__mprec_tens
                0x000000000201f278       0xc8 /opt/devkitpro/devkitARM/bin/../lib/gcc/arm-none-eabi/11.2.0/../../../../arm-none-eabi/lib/thumb/libg.a(lib_a-mprec.o)
                0x000000000201f278                __mprec_tens
 .rodata.p05.0  0x000000000201f340        0xc /opt/devkitpro/devkitARM/bin/../lib/gcc/arm-none-eabi/11.2.0/../../../../arm-none-eabi/lib/thumb/libg.a(lib_a-mprec.o)
 .rodata.__action_table
                0x000000000201f34c       0x6c /opt/devkitpro/devkitARM/bin/../lib/gcc/arm-none-eabi/11.2.0/../../../../arm-none-eabi/lib/thumb/libg.a(lib_a-svfiprintf.o)
                0x000000000201f34c                __action_table
 .rodata.__chclass
                0x000000000201f3b8      0x100 /opt/devkitpro/devkitARM/bin/../lib/gcc/arm-none-eabi/11.2.0/../../../../arm-none-eabi/lib/thumb/libg.a(lib_a-svfiprintf.o)
                0x000000000201f3b8                __chclass
 .rodata.__state_table
                0x000000000201f4b8       0x6c /opt/devkitpro/devkitARM/bin/../lib/gcc/arm-none-eabi/11.2.0/../../../../arm-none-eabi/lib/thumb/libg.a(lib_a-svfiprintf.o)
                0x000000000201f4b8                __state_table
 .rodata.__assert_func.str1.4
                0x000000000201f524       0x3f /opt/devkitpro/devkitARM/bin/../lib/gcc/arm-none-eabi/11.2.0/../../../../arm-none-eabi/lib/thumb/libg.a(lib_a-assert.o)
                                         0x43 (size before relaxing)
 *fill*         0x000000000201f563        0x1 ff
 .rodata.__jp2uc
                0x000000000201f564       0x20 /opt/devkitpro/devkitARM/bin/../lib/gcc/arm-none-eabi/11.2.0/../../../../arm-none-eabi/lib/thumb/libg.a(lib_a-jp2uc.o)
 .rodata._jp2uc_l.str1.4
                0x000000000201f584       0x12 /opt/devkitpro/devkitARM/bin/../lib/gcc/arm-none-eabi/11.2.0/../../../../arm-none-eabi/lib/thumb/libg.a(lib_a-jp2uc.o)
 *fill*         0x000000000201f596        0x2 ff
 .rodata.a1     0x000000000201f598       0xbc /opt/devkitpro/devkitARM/bin/../lib/gcc/arm-none-eabi/11.2.0/../../../../arm-none-eabi/lib/thumb/libg.a(lib_a-jp2uc.o)
 .rodata.a2     0x000000000201f654       0xbc /opt/devkitpro/devkitARM/bin/../lib/gcc/arm-none-eabi/11.2.0/../../../../arm-none-eabi/lib/thumb/libg.a(lib_a-jp2uc.o)
 .rodata.a3     0x000000000201f710       0x5b /opt/devkitpro/devkitARM/bin/../lib/gcc/arm-none-eabi/11.2.0/../../../../arm-none-eabi/lib/thumb/libg.a(lib_a-jp2uc.o)
 *fill*         0x000000000201f76b        0x1 ff
 .rodata.a6     0x000000000201f76c       0x70 /opt/devkitpro/devkitARM/bin/../lib/gcc/arm-none-eabi/11.2.0/../../../../arm-none-eabi/lib/thumb/libg.a(lib_a-jp2uc.o)
 .rodata.a7     0x000000000201f7dc       0xa2 /opt/devkitpro/devkitARM/bin/../lib/gcc/arm-none-eabi/11.2.0/../../../../arm-none-eabi/lib/thumb/libg.a(lib_a-jp2uc.o)
 *fill*         0x000000000201f87e        0x2 ff
 .rodata.a8     0x000000000201f880       0x40 /opt/devkitpro/devkitARM/bin/../lib/gcc/arm-none-eabi/11.2.0/../../../../arm-none-eabi/lib/thumb/libg.a(lib_a-jp2uc.o)
 .rodata.b02cf  0x000000000201f8c0     0x172a /opt/devkitpro/devkitARM/bin/../lib/gcc/arm-none-eabi/11.2.0/../../../../arm-none-eabi/lib/thumb/libg.a(lib_a-jp2uc.o)
 *fill*         0x0000000002020fea        0x2 ff
 .rodata.d02f4  0x0000000002020fec     0x1a7c /opt/devkitpro/devkitARM/bin/../lib/gcc/arm-none-eabi/11.2.0/../../../../arm-none-eabi/lib/thumb/libg.a(lib_a-jp2uc.o)
 .rodata.categories
                0x0000000002022a68     0x31e6 /opt/devkitpro/devkitARM/bin/../lib/gcc/arm-none-eabi/11.2.0/../../../../arm-none-eabi/lib/thumb/libg.a(lib_a-categories.o)
 *fill*         0x0000000002025c4e        0x2 ff
 .rodata.AddDevice.str1.4
                0x0000000002025c50        0x8 /opt/devkitpro/devkitARM/bin/../lib/gcc/arm-none-eabi/11.2.0/../../../../arm-none-eabi/lib/thumb/libsysbase.a(iosupport.o)
 .rodata.dotab_stdnull