Archive member included to satisfy reference by file (symbol)

/media/adrian/129A6F639A6F41F9/N3lib/examples/texcube/nflib/lib/libn3lib.a(n3_vram.o)
                              main.o (N3_VramTexture)
/media/adrian/129A6F639A6F41F9/N3lib/examples/texcube/nflib/lib/libn3lib.a(n3_system.o)
                              main.o (N3_Set3D)
/media/adrian/129A6F639A6F41F9/N3lib/examples/texcube/nflib/lib/libn3lib.a(n3_load.o)
                              main.o (N3_InitBuffers)
/media/adrian/129A6F639A6F41F9/N3lib/examples/texcube/nflib/lib/libn3lib.a(n3_draw.o)
                              main.o (N3_TexturedQuad)
/media/adrian/129A6F639A6F41F9/N3lib/examples/texcube/nflib/lib/libn3lib.a(n3_debug.o)
                              /media/adrian/129A6F639A6F41F9/N3lib/examples/texcube/nflib/lib/libn3lib.a(n3_vram.o) (N3_Error)
/media/adrian/129A6F639A6F41F9/N3lib/examples/texcube/nflib/lib/libn3lib.a(n3_defines.o)
                              /media/adrian/129A6F639A6F41F9/N3lib/examples/texcube/nflib/lib/libn3lib.a(n3_vram.o) (N3_PALETTE)
/opt/devkitpro/libnds/lib/libfilesystem.a(nitrofs.o)
                              /media/adrian/129A6F639A6F41F9/N3lib/examples/texcube/nflib/lib/libn3lib.a(n3_load.o) (nitroFSInit)
/opt/devkitpro/libnds/lib/libfat.a(libfat.o)
                              /media/adrian/129A6F639A6F41F9/N3lib/examples/texcube/nflib/lib/libn3lib.a(n3_load.o) (fatInitDefault)
/opt/devkitpro/libnds/lib/libfat.a(disc.o)
                              /opt/devkitpro/libnds/lib/libfat.a(libfat.o) (_FAT_disc_interfaces)
/opt/devkitpro/libnds/lib/libfat.a(fatfile.o)
                              /opt/devkitpro/libnds/lib/libfat.a(libfat.o) (_FAT_open_r)
/opt/devkitpro/libnds/lib/libfat.a(cache.o)
                              /opt/devkitpro/libnds/lib/libfat.a(fatfile.o) (_FAT_cache_readSectors)
/opt/devkitpro/libnds/lib/libfat.a(fatdir.o)
                              /opt/devkitpro/libnds/lib/libfat.a(libfat.o) (_FAT_stat_r)
/opt/devkitpro/libnds/lib/libfat.a(directory.o)
                              /opt/devkitpro/libnds/lib/libfat.a(fatfile.o) (_FAT_directory_entryGetCluster)
/opt/devkitpro/libnds/lib/libfat.a(partition.o)
                              /opt/devkitpro/libnds/lib/libfat.a(libfat.o) (_FAT_partition_destructor)
/opt/devkitpro/libnds/lib/libfat.a(lock.o)
                              /opt/devkitpro/libnds/lib/libfat.a(partition.o) (_FAT_lock_init)
/opt/devkitpro/libnds/lib/libfat.a(filetime.o)
                              /opt/devkitpro/libnds/lib/libfat.a(fatfile.o) (_FAT_filetime_getTimeFromRTC)
/opt/devkitpro/libnds/lib/libfat.a(file_allocation_table.o)
                              /opt/devkitpro/libnds/lib/libfat.a(fatfile.o) (_FAT_fat_nextCluster)
/opt/devkitpro/libnds/lib/libnds9.a(trig.o)
                              main.o (sinLerp)
/opt/devkitpro/libnds/lib/libnds9.a(video.o)
                              /media/adrian/129A6F639A6F41F9/N3lib/examples/texcube/nflib/lib/libn3lib.a(n3_debug.o) (setBrightness)
/opt/devkitpro/libnds/lib/libnds9.a(touch.o)
                              main.o (touchRead)
/opt/devkitpro/libnds/lib/libnds9.a(console.o)
                              main.o (consoleDemoInit)
/opt/devkitpro/libnds/lib/libnds9.a(videoGL.o)
                              /media/adrian/129A6F639A6F41F9/N3lib/examples/texcube/nflib/lib/libn3lib.a(n3_system.o) (glInit_C)
/opt/devkitpro/libnds/lib/libnds9.a(keys.o)
                              main.o (scanKeys)
/opt/devkitpro/libnds/lib/libnds9.a(dldi.o)
                              /opt/devkitpro/libnds/lib/libfat.a(disc.o) (dldiGetInternal)
/opt/devkitpro/libnds/lib/libnds9.a(initSystem.o)
                              /opt/devkitpro/devkitARM/bin/../lib/gcc/arm-none-eabi/11.2.0/../../../../arm-none-eabi/lib/thumb/ds_arm9_crt0.o (initSystem)
/opt/devkitpro/libnds/lib/libnds9.a(securearea.o)
                              /opt/devkitpro/devkitARM/bin/../lib/gcc/arm-none-eabi/11.2.0/../../../../arm-none-eabi/lib/thumb/ds_arm9_crt0.o (__secure_area__)
/opt/devkitpro/libnds/lib/libnds9.a(interrupts.o)
                              /opt/devkitpro/libnds/lib/libnds9.a(initSystem.o) (irqInit)
/opt/devkitpro/libnds/lib/libnds9.a(libnds_exit.arm.o)
                              /opt/devkitpro/devkitARM/bin/../lib/gcc/arm-none-eabi/11.2.0/../../../../arm-none-eabi/lib/thumb/ds_arm9_crt0.o (__libnds_exit)
/opt/devkitpro/libnds/lib/libnds9.a(card.o)
                              /opt/devkitpro/libnds/lib/libfilesystem.a(nitrofs.o) (cardParamCommand)
/opt/devkitpro/libnds/lib/libnds9.a(fifosystem.o)
                              /opt/devkitpro/libnds/lib/libnds9.a(initSystem.o) (fifoSetValue32Handler)
/opt/devkitpro/libnds/lib/libnds9.a(dcache.o)
                              /media/adrian/129A6F639A6F41F9/N3lib/examples/texcube/nflib/lib/libn3lib.a(n3_system.o) (DC_FlushRange)
/opt/devkitpro/libnds/lib/libnds9.a(dldi_stub.o)
                              /opt/devkitpro/libnds/lib/libnds9.a(dldi.o) (_io_dldi_stub)
[...]
Memory Configuration

Name             Origin             Length             Attributes
ewram            0x0000000002000000 0x0000000000380000
dtcm             0x0000000002ff0000 0x0000000000004000
vectors          0x0000000001000000 0x0000000000000100
itcm             0x0000000001000100 0x0000000000007f00
*default*        0x0000000000000000 0xffffffffffffffff

Linker script and memory map

                0x0000000002380000                __ewram_end = (ORIGIN (ewram) + LENGTH (ewram))
                0x0000000002380000                __eheap_end = (ORIGIN (ewram) + LENGTH (ewram))
                0x0000000002ff4000                __dtcm_top = (ORIGIN (dtcm) + LENGTH (dtcm))
                0x0000000002ff3ff8                __irq_flags = (__dtcm_top - 0x8)
                0x0000000002ff3ffc                __irq_vector = (__dtcm_top - 0x4)
                0x0000000002ff3f00                __sp_svc = (__dtcm_top - 0x100)
                0x0000000002ff3e00                __sp_irq = (__sp_svc - 0x100)
                0x0000000002ff3d00                __sp_usr = (__sp_irq - 0x100)

.secure         0x0000000002000000      0x800
 *(.secure)
 .secure        0x0000000002000000      0x800 /opt/devkitpro/libnds/lib/libnds9.a(securearea.o)
                0x0000000002000000                __secure_area__

.crt0           0x0000000002000800      0x300
                0x0000000002000800                __text_start = .
 *(.crt0)
 .crt0          0x0000000002000800      0x300 /opt/devkitpro/devkitARM/bin/../lib/gcc/arm-none-eabi/11.2.0/../../../../arm-none-eabi/lib/thumb/ds_arm9_crt0.o
                0x0000000002000800                _start
                0x0000000002000b00                . = ALIGN (0x4)

.plt
 *(.plt)

.init           0x0000000002000b00        0xc
 *(SORT_NONE(.init))
 .init          0x0000000002000b00        0x4 /opt/devkitpro/devkitARM/bin/../lib/gcc/arm-none-eabi/11.2.0/thumb/crti.o
                0x0000000002000b00                _init
 .init          0x0000000002000b04        0x8 /opt/devkitpro/devkitARM/bin/../lib/gcc/arm-none-eabi/11.2.0/thumb/crtn.o

.text           0x0000000002000b40    0x1b7b0
 *(EXCLUDE_FILE(*.twl* *.vectors* *.itcm*) .text)
 .text          0x0000000002000b40      0x12c main.o
                0x0000000002000b40                DrawCube
 .text          0x0000000002000c6c      0x690 /media/adrian/129A6F639A6F41F9/N3lib/examples/texcube/nflib/lib/libn3lib.a(n3_vram.o)
                0x0000000002000c6c                N3_VramTexture
                0x0000000002000ef8                N3_VramTextureDefrag
                0x000000000200108c                N3_FreeTexture
                0x0000000002001148                N3_VramPalette
                0x00000000020011e8                N3_TextureFrame
                0x0000000002001290                N3_UpdateTexturesVram
 .text          0x00000000020012fc      0x7dc /media/adrian/129A6F639A6F41F9/N3lib/examples/texcube/nflib/lib/libn3lib.a(n3_system.o)
                0x00000000020012fc                N3_Set3D
                0x0000000002001354                N3_Init3dEngine
                0x0000000002001944                N3_GetTextureSize
                0x00000000020019a8                N3_3dLayer
                0x0000000002001a54                N3_DmaMemCopy
 .text          0x0000000002001ad8      0x400 /media/adrian/129A6F639A6F41F9/N3lib/examples/texcube/nflib/lib/libn3lib.a(n3_load.o)
                0x0000000002001ad8                N3_InitBuffers
                0x0000000002001b18                N3_ResetBuffers
                0x0000000002001b50                N3_RootPath
                0x0000000002001b78                N3_InitFilesystem
                0x0000000002001c48                N3_LoadTexture
                0x0000000002001d5c                N3_UnloadTexture
                0x0000000002001d94                N3_LoadPal
                0x0000000002001e9c                N3_UnloadPal
 .text          0x0000000002001ed8      0x37c /media/adrian/129A6F639A6F41F9/N3lib/examples/texcube/nflib/lib/libn3lib.a(n3_draw.o)
                0x0000000002001ed8                N3_SolidTriangle
                0x0000000002001f94                N3_TexturedTriangle
                0x0000000002002074                N3_SolidQuad
                0x0000000002002154                N3_TexturedQuad
 .text          0x0000000002002254      0x120 /media/adrian/129A6F639A6F41F9/N3lib/examples/texcube/nflib/lib/libn3lib.a(n3_debug.o)
                0x0000000002002254                N3_Error
 *fill*         0x0000000002002374        0xc ff
 .text          0x0000000002002380     0x4000 /opt/devkitpro/libnds/lib/libnds9.a(dldi_stub.o)
                0x0000000002002380                _io_dldi_stub
 .text          0x0000000002006380      0x11c /opt/devkitpro/devkitARM/bin/../lib/gcc/arm-none-eabi/11.2.0/thumb/libgcc.a(_udivsi3.o)
                0x0000000002006380                __udivsi3
                0x0000000002006380                __aeabi_uidiv
                0x000000000200647c                __aeabi_uidivmod
 .text          0x000000000200649c      0x150 /opt/devkitpro/devkitARM/bin/../lib/gcc/arm-none-eabi/11.2.0/thumb/libgcc.a(_divsi3.o)
                0x000000000200649c                __aeabi_idiv
                0x000000000200649c                __divsi3
                0x00000000020065cc                __aeabi_idivmod
 .text          0x00000000020065ec        0x4 /opt/devkitpro/devkitARM/bin/../lib/gcc/arm-none-eabi/11.2.0/thumb/libgcc.a(_dvmd_tls.o)
                0x00000000020065ec                __aeabi_ldiv0
                0x00000000020065ec                __aeabi_idiv0
 .text          0x00000000020065f0       0xd4 /opt/devkitpro/devkitARM/bin/../lib/gcc/arm-none-eabi/11.2.0/thumb/libgcc.a(_aeabi_ldivmod.o)
                0x00000000020065f0                __aeabi_ldivmod
 .text          0x00000000020066c4       0x28 /opt/devkitpro/devkitARM/bin/../lib/gcc/arm-none-eabi/11.2.0/thumb/libgcc.a(_clzdi2.o)
                0x00000000020066c4                __clzdi2
 .text          0x00000000020066ec       0x48 /opt/devkitpro/devkitARM/bin/../lib/gcc/arm-none-eabi/11.2.0/thumb/libgcc.a(_clzsi2.o)
                0x00000000020066ec                __clzsi2
 .text          0x0000000002006734      0x224 /opt/devkitpro/devkitARM/bin/../lib/gcc/arm-none-eabi/11.2.0/../../../../arm-none-eabi/lib/thumb/libg.a(lib_a-strcmp.o)
                0x0000000002006734                strcmp
 .text          0x0000000002006958       0x14 /opt/devkitpro/devkitARM/bin/../lib/gcc/arm-none-eabi/11.2.0/thumb/libgcc.a(_thumb1_case_uqi.o)
                0x0000000002006958                __gnu_thumb1_case_uqi
 .text          0x000000000200696c       0x14 /opt/devkitpro/devkitARM/bin/../lib/gcc/arm-none-eabi/11.2.0/thumb/libgcc.a(_thumb1_case_uhi.o)
                0x000000000200696c                __gnu_thumb1_case_uhi
 .text          0x0000000002006980      0x424 /opt/devkitpro/devkitARM/bin/../lib/gcc/arm-none-eabi/11.2.0/thumb/libgcc.a(_arm_addsubdf3.o)
                0x0000000002006980                __aeabi_drsub
                0x0000000002006988                __aeabi_dsub
                0x0000000002006988                __subdf3
                0x000000000200698c                __adddf3
                0x000000000200698c                __aeabi_dadd
                0x0000000002006c9c                __aeabi_ui2d
                0x0000000002006c9c                __floatunsidf
                0x0000000002006cc0                __floatsidf
                0x0000000002006cc0                __aeabi_i2d
                0x0000000002006ce8                __extendsfdf2
                0x0000000002006ce8                __aeabi_f2d
                0x0000000002006d30                __aeabi_ul2d
                0x0000000002006d30                __floatundidf
                0x0000000002006d44                __floatdidf
                0x0000000002006d44                __aeabi_l2d
 .text          0x0000000002006da4      0x49c /opt/devkitpro/devkitARM/bin/../lib/gcc/arm-none-eabi/11.2.0/thumb/libgcc.a(_arm_muldivdf3.o)
                0x0000000002006da4                __aeabi_dmul
                0x0000000002006da4                __muldf3
                0x0000000002007034                __aeabi_ddiv
                0x0000000002007034                __divdf3
 .text          0x0000000002007240      0x144 /opt/devkitpro/devkitARM/bin/../lib/gcc/arm-none-eabi/11.2.0/thumb/libgcc.a(_arm_cmpdf2.o)
                0x0000000002007240                __gtdf2
                0x0000000002007240                __gedf2
                0x0000000002007248                __ltdf2
                0x0000000002007248                __ledf2
                0x0000000002007250                __cmpdf2
                0x0000000002007250                __eqdf2
                0x0000000002007250                __nedf2
                0x00000000020072d8                __aeabi_cdrcmple
                0x00000000020072f4                __aeabi_cdcmple
                0x00000000020072f4                __aeabi_cdcmpeq
                0x000000000200730c                __aeabi_dcmpeq
                0x0000000002007324                __aeabi_dcmplt
                0x000000000200733c                __aeabi_dcmple
                0x0000000002007354                __aeabi_dcmpge
                0x000000000200736c                __aeabi_dcmpgt
 .text          0x0000000002007384       0x38 /opt/devkitpro/devkitARM/bin/../lib/gcc/arm-none-eabi/11.2.0/thumb/libgcc.a(_arm_unorddf2.o)
                0x0000000002007384                __aeabi_dcmpun
                0x0000000002007384                __unorddf2
 .text          0x00000000020073bc       0x5c /opt/devkitpro/devkitARM/bin/../lib/gcc/arm-none-eabi/11.2.0/thumb/libgcc.a(_arm_fixdfsi.o)
                0x00000000020073bc                __fixdfsi
                0x00000000020073bc                __aeabi_d2iz
 .text          0x0000000002007418       0x3c /opt/devkitpro/devkitARM/bin/../lib/gcc/arm-none-eabi/11.2.0/thumb/libgcc.a(_aeabi_uldivmod.o)
                0x0000000002007418                __aeabi_uldivmod
 *(EXCLUDE_FILE(*.twl* *.vectors* *.itcm*) .stub)
 *(EXCLUDE_FILE(*.twl* *.vectors* *.itcm*) .text.*)
 .text.__do_global_dtors_aux
                0x0000000002007454       0x2c /opt/devkitpro/devkitARM/bin/../lib/gcc/arm-none-eabi/11.2.0/thumb/crtbegin.o
 .text.frame_dummy
                0x0000000002007480       0x24 /opt/devkitpro/devkitARM/bin/../lib/gcc/arm-none-eabi/11.2.0/thumb/crtbegin.o
 .text.startup  0x00000000020074a4      0x70c main.o
                0x00000000020074a4                main
 .text.nitroFSDirClose
                0x0000000002007bb0        0x4 /opt/devkitpro/libnds/lib/libfilesystem.a(nitrofs.o)
 .text.nitroFSSeek
                0x0000000002007bb4       0x78 /opt/devkitpro/libnds/lib/libfilesystem.a(nitrofs.o)
 .text.nitroFSFstat
                0x0000000002007c2c       0x10 /opt/devkitpro/libnds/lib/libfilesystem.a(nitrofs.o)
 .text.nitroSubReadBlock
                0x0000000002007c3c       0x54 /opt/devkitpro/libnds/lib/libfilesystem.a(nitrofs.o)
 .text.nitroSubReadCard
                0x0000000002007c90       0xb0 /opt/devkitpro/libnds/lib/libfilesystem.a(nitrofs.o)
 .text.nitroFSClose
                0x0000000002007d40        0x4 /opt/devkitpro/libnds/lib/libfilesystem.a(nitrofs.o)
 .text.nitroDirReset
                0x0000000002007d44       0x9c /opt/devkitpro/libnds/lib/libfilesystem.a(nitrofs.o)
 .text.nitroFSRead
                0x0000000002007de0       0xbc /opt/devkitpro/libnds/lib/libfilesystem.a(nitrofs.o)
 .text.nitroFSDirNext
                0x0000000002007e9c      0x30c /opt/devkitpro/libnds/lib/libfilesystem.a(nitrofs.o)
 .text.nitroFSDirOpen
                0x00000000020081a8       0xe0 /opt/devkitpro/libnds/lib/libfilesystem.a(nitrofs.o)
 .text.nitroFSChdir
                0x0000000002008288       0x30 /opt/devkitpro/libnds/lib/libfilesystem.a(nitrofs.o)
 .text.nitroFSOpen
                0x00000000020082b8       0xc4 /opt/devkitpro/libnds/lib/libfilesystem.a(nitrofs.o)
 .text.nitroFSstat
                0x000000000200837c       0x68 /opt/devkitpro/libnds/lib/libfilesystem.a(nitrofs.o)
 .text.nitroFSInit
                0x00000000020083e4      0x12c /opt/devkitpro/libnds/lib/libfilesystem.a(nitrofs.o)
                0x00000000020083e4                nitroFSInit
 .text.fatMount.part.0
                0x0000000002008510       0xa0 /opt/devkitpro/libnds/lib/libfat.a(libfat.o)
 .text.fatMount
                0x00000000020085b0       0x3c /opt/devkitpro/libnds/lib/libfat.a(libfat.o)
                0x00000000020085b0                fatMount
 .text.fatInit  0x00000000020085ec      0x130 /opt/devkitpro/libnds/lib/libfat.a(libfat.o)
                0x00000000020085ec                fatInit
 .text.fatInitDefault
                0x000000000200871c        0xc /opt/devkitpro/libnds/lib/libfat.a(libfat.o)
                0x000000000200871c                fatInitDefault
 .text._FAT_check_position_for_next_cluster.part.0
                0x0000000002008728       0x68 /opt/devkitpro/libnds/lib/libfat.a(fatfile.o)
 .text._FAT_syncToDisc.part.0
                0x0000000002008790       0xd4 /opt/devkitpro/libnds/lib/libfat.a(fatfile.o)
 .text._FAT_file_extend_r
                0x0000000002008864      0x208 /opt/devkitpro/libnds/lib/libfat.a(fatfile.o)
 .text._FAT_open_r
                0x0000000002008a6c      0x2d4 /opt/devkitpro/libnds/lib/libfat.a(fatfile.o)
                0x0000000002008a6c                _FAT_open_r
 .text._FAT_close_r
                0x0000000002008d40       0x74 /opt/devkitpro/libnds/lib/libfat.a(fatfile.o)
                0x0000000002008d40                _FAT_close_r
 .text._FAT_read_r
                0x0000000002008db4      0x398 /opt/devkitpro/libnds/lib/libfat.a(fatfile.o)
                0x0000000002008db4                _FAT_read_r
 .text._FAT_write_r
                0x000000000200914c      0x53c /opt/devkitpro/libnds/lib/libfat.a(fatfile.o)
                0x000000000200914c                _FAT_write_r
 .text._FAT_seek_r
                0x0000000002009688      0x194 /opt/devkitpro/libnds/lib/libfat.a(fatfile.o)
                0x0000000002009688                _FAT_seek_r
 .text._FAT_fstat_r
                0x000000000200981c       0x8c /opt/devkitpro/libnds/lib/libfat.a(fatfile.o)
                0x000000000200981c                _FAT_fstat_r
 .text._FAT_ftruncate_r
                0x00000000020098a8      0x16c /opt/devkitpro/libnds/lib/libfat.a(fatfile.o)
                0x00000000020098a8                _FAT_ftruncate_r
 .text._FAT_fsync_r
                0x0000000002009a14       0x44 /opt/devkitpro/libnds/lib/libfat.a(fatfile.o)
                0x0000000002009a14                _FAT_fsync_r
 .text._FAT_cache_getPage
                0x0000000002009a58       0xf0 /opt/devkitpro/libnds/lib/libfat.a(cache.o)
 .text._FAT_cache_constructor
                0x0000000002009b48       0x90 /opt/devkitpro/libnds/lib/libfat.a(cache.o)
                0x0000000002009b48                _FAT_cache_constructor
 .text._FAT_cache_readSectors
                0x0000000002009bd8       0x60 /opt/devkitpro/libnds/lib/libfat.a(cache.o)
                0x0000000002009bd8                _FAT_cache_readSectors
 .text._FAT_cache_readPartialSector
                0x0000000002009c38       0x3c /opt/devkitpro/libnds/lib/libfat.a(cache.o)
                0x0000000002009c38                _FAT_cache_readPartialSector
 .text._FAT_cache_readLittleEndianValue
                0x0000000002009c74       0x70 /opt/devkitpro/libnds/lib/libfat.a(cache.o)
                0x0000000002009c74                _FAT_cache_readLittleEndianValue
 .text._FAT_cache_writePartialSector
                0x0000000002009ce4       0x4c /opt/devkitpro/libnds/lib/libfat.a(cache.o)
                0x0000000002009ce4                _FAT_cache_writePartialSector
 .text._FAT_cache_writeLittleEndianValue
                0x0000000002009d30       0x8c /opt/devkitpro/libnds/lib/libfat.a(cache.o)
                0x0000000002009d30                _FAT_cache_writeLittleEndianValue
 .text._FAT_cache_eraseWritePartialSector
                0x0000000002009dbc       0x60 /opt/devkitpro/libnds/lib/libfat.a(cache.o)
                0x0000000002009dbc                _FAT_cache_eraseWritePartialSector
 .text._FAT_cache_writeSectors
                0x0000000002009e1c       0x80 /opt/devkitpro/libnds/lib/libfat.a(cache.o)
                0x0000000002009e1c                _FAT_cache_writeSectors
 .text._FAT_cache_flush
                0x0000000002009e9c       0x40 /opt/devkitpro/libnds/lib/libfat.a(cache.o)
                0x0000000002009e9c                _FAT_cache_flush
 .text._FAT_stat_r
                0x0000000002009edc       0x90 /opt/devkitpro/libnds/lib/libfat.a(fatdir.o)
                0x0000000002009edc                _FAT_stat_r
 .text._FAT_link_r
                0x0000000002009f6c        0xc /opt/devkitpro/libnds/lib/libfat.a(fatdir.o)
                0x0000000002009f6c                _FAT_link_r
 .text._FAT_unlink_r
                0x0000000002009f78      0x184 /opt/devkitpro/libnds/lib/libfat.a(fatdir.o)
                0x0000000002009f78                _FAT_unlink_r
 .text._FAT_chdir_r
                0x000000000200a0fc       0x70 /opt/devkitpro/libnds/lib/libfat.a(fatdir.o)
                0x000000000200a0fc                _FAT_chdir_r
 .text._FAT_rename_r
                0x000000000200a16c      0x1c4 /opt/devkitpro/libnds/lib/libfat.a(fatdir.o)
                0x000000000200a16c                _FAT_rename_r
 .text._FAT_mkdir_r
                0x000000000200a330      0x244 /opt/devkitpro/libnds/lib/libfat.a(fatdir.o)
                0x000000000200a330                _FAT_mkdir_r
 .text._FAT_statvfs_r
                0x000000000200a574       0x78 /opt/devkitpro/libnds/lib/libfat.a(fatdir.o)
                0x000000000200a574                _FAT_statvfs_r
 .text._FAT_diropen_r
                0x000000000200a5ec       0xb0 /opt/devkitpro/libnds/lib/libfat.a(fatdir.o)
                0x000000000200a5ec                _FAT_diropen_r
 .text._FAT_dirreset_r
                0x000000000200a69c       0x4c /opt/devkitpro/libnds/lib/libfat.a(fatdir.o)
                0x000000000200a69c                _FAT_dirreset_r
 .text._FAT_dirnext_r
                0x000000000200a6e8       0x7c /opt/devkitpro/libnds/lib/libfat.a(fatdir.o)
                0x000000000200a6e8                _FAT_dirnext_r
 .text._FAT_dirclose_r
                0x000000000200a764       0x20 /opt/devkitpro/libnds/lib/libfat.a(fatdir.o)
                0x000000000200a764                _FAT_dirclose_r
 .text._FAT_directory_entryGetAlias
                0x000000000200a784       0xc8 /opt/devkitpro/libnds/lib/libfat.a(directory.o)
 .text._FAT_directory_incrementDirEntryPosition
                0x000000000200a84c       0x80 /opt/devkitpro/libnds/lib/libfat.a(directory.o)
 .text._FAT_directory_mbsncasecmp
                0x000000000200a8cc       0xa8 /opt/devkitpro/libnds/lib/libfat.a(directory.o)
 .text._FAT_directory_ucs2tombs.constprop.0
                0x000000000200a974       0x90 /opt/devkitpro/libnds/lib/libfat.a(directory.o)
 .text._FAT_directory_entryGetCluster
                0x000000000200aa04       0x20 /opt/devkitpro/libnds/lib/libfat.a(directory.o)
                0x000000000200aa04                _FAT_directory_entryGetCluster
 .text._FAT_directory_getNextEntry
                0x000000000200aa24      0x23c /opt/devkitpro/libnds/lib/libfat.a(directory.o)
                0x000000000200aa24                _FAT_directory_getNextEntry
 .text._FAT_directory_entryExists
                0x000000000200ac60       0x80 /opt/devkitpro/libnds/lib/libfat.a(directory.o)
 .text._FAT_directory_getFirstEntry
                0x000000000200ace0       0x20 /opt/devkitpro/libnds/lib/libfat.a(directory.o)
                0x000000000200ace0                _FAT_directory_getFirstEntry
 .text._FAT_directory_getRootEntry
                0x000000000200ad00       0x60 /opt/devkitpro/libnds/lib/libfat.a(directory.o)
                0x000000000200ad00                _FAT_directory_getRootEntry
 .text._FAT_directory_entryFromPosition
                0x000000000200ad60      0x150 /opt/devkitpro/libnds/lib/libfat.a(directory.o)
                0x000000000200ad60                _FAT_directory_entryFromPosition
 .text._FAT_directory_entryFromPath
                0x000000000200aeb0      0x248 /opt/devkitpro/libnds/lib/libfat.a(directory.o)
                0x000000000200aeb0                _FAT_directory_entryFromPath
 .text._FAT_directory_removeEntry
                0x000000000200b0f8       0xd8 /opt/devkitpro/libnds/lib/libfat.a(directory.o)
                0x000000000200b0f8                _FAT_directory_removeEntry
 .text._FAT_directory_addEntry
                0x000000000200b1d0      0x808 /opt/devkitpro/libnds/lib/libfat.a(directory.o)
                0x000000000200b1d0                _FAT_directory_addEntry
 .text._FAT_directory_chdir
                0x000000000200b9d8       0x3c /opt/devkitpro/libnds/lib/libfat.a(directory.o)
                0x000000000200b9d8                _FAT_directory_chdir
 .text._FAT_directory_entryStat
                0x000000000200ba14       0xe4 /opt/devkitpro/libnds/lib/libfat.a(directory.o)
                0x000000000200ba14                _FAT_directory_entryStat
 .text.isValidMBR
                0x000000000200baf8       0x5c /opt/devkitpro/libnds/lib/libfat.a(partition.o)
 .text._FAT_updateFS_INFO
                0x000000000200bb54       0x54 /opt/devkitpro/libnds/lib/libfat.a(partition.o)
 .text.FindFirstValidPartition_buf.part.0
                0x000000000200bba8      0x11c /opt/devkitpro/libnds/lib/libfat.a(partition.o)
 .text._FAT_partition_getPartitionFromPath
                0x000000000200bcc4       0x10 /opt/devkitpro/libnds/lib/libfat.a(partition.o)
                0x000000000200bcc4                _FAT_partition_getPartitionFromPath
 .text._FAT_partition_createFSinfo
                0x000000000200bcd4       0x50 /opt/devkitpro/libnds/lib/libfat.a(partition.o)
                0x000000000200bcd4                _FAT_partition_createFSinfo
 .text._FAT_partition_readFSinfo.part.0
                0x000000000200bd24       0x74 /opt/devkitpro/libnds/lib/libfat.a(partition.o)
 .text._FAT_partition_constructor_buf
                0x000000000200bd98      0x2e8 /opt/devkitpro/libnds/lib/libfat.a(partition.o)
                0x000000000200bd98                _FAT_partition_constructor_buf
 .text._FAT_partition_constructor
                0x000000000200c080       0x40 /opt/devkitpro/libnds/lib/libfat.a(partition.o)
                0x000000000200c080                _FAT_partition_constructor
 .text._FAT_partition_readFSinfo
                0x000000000200c0c0       0x10 /opt/devkitpro/libnds/lib/libfat.a(partition.o)
                0x000000000200c0c0                _FAT_partition_readFSinfo
 .text._FAT_lock_init
                0x000000000200c0d0        0x4 /opt/devkitpro/libnds/lib/libfat.a(lock.o)
                0x000000000200c0d0                _FAT_lock_init
 .text._FAT_lock
                0x000000000200c0d4        0x4 /opt/devkitpro/libnds/lib/libfat.a(lock.o)
                0x000000000200c0d4                _FAT_lock
 .text._FAT_unlock
                0x000000000200c0d8        0x4 /opt/devkitpro/libnds/lib/libfat.a(lock.o)
                0x000000000200c0d8                _FAT_unlock
 .text._FAT_filetime_getTimeFromRTC
                0x000000000200c0dc       0x44 /opt/devkitpro/libnds/lib/libfat.a(filetime.o)
                0x000000000200c0dc                _FAT_filetime_getTimeFromRTC
 .text._FAT_filetime_getDateFromRTC
                0x000000000200c120       0x44 /opt/devkitpro/libnds/lib/libfat.a(filetime.o)
                0x000000000200c120                _FAT_filetime_getDateFromRTC
 .text._FAT_filetime_to_time_t
                0x000000000200c164       0x38 /opt/devkitpro/libnds/lib/libfat.a(filetime.o)
                0x000000000200c164                _FAT_filetime_to_time_t
 .text._FAT_fat_writeFatEntry.part.0.isra.0
                0x000000000200c19c      0x12c /opt/devkitpro/libnds/lib/libfat.a(file_allocation_table.o)
 .text._FAT_fat_nextCluster
                0x000000000200c2c8      0x108 /opt/devkitpro/libnds/lib/libfat.a(file_allocation_table.o)
                0x000000000200c2c8                _FAT_fat_nextCluster
 .text._FAT_fat_linkFreeCluster
                0x000000000200c3d0       0xac /opt/devkitpro/libnds/lib/libfat.a(file_allocation_table.o)
                0x000000000200c3d0                _FAT_fat_linkFreeCluster
 .text._FAT_fat_linkFreeClusterCleared
                0x000000000200c47c       0x68 /opt/devkitpro/libnds/lib/libfat.a(file_allocation_table.o)
                0x000000000200c47c                _FAT_fat_linkFreeClusterCleared
 .text._FAT_fat_clearLinks
                0x000000000200c4e4       0x7c /opt/devkitpro/libnds/lib/libfat.a(file_allocation_table.o)
                0x000000000200c4e4                _FAT_fat_clearLinks
 .text._FAT_fat_trimChain
                0x000000000200c560       0x80 /opt/devkitpro/libnds/lib/libfat.a(file_allocation_table.o)
                0x000000000200c560                _FAT_fat_trimChain
 .text._FAT_fat_lastCluster
                0x000000000200c5e0       0x34 /opt/devkitpro/libnds/lib/libfat.a(file_allocation_table.o)
                0x000000000200c5e0                _FAT_fat_lastCluster
 .text._FAT_fat_freeClusterCount
                0x000000000200c614       0x2c /opt/devkitpro/libnds/lib/libfat.a(file_allocation_table.o)
                0x000000000200c614                _FAT_fat_freeClusterCount
 .text.sinLutLookup
                0x000000000200c640       0x4c /opt/devkitpro/libnds/lib/libnds9.a(trig.o)
                0x000000000200c640                sinLutLookup
 .text.sinLerp  0x000000000200c68c       0x40 /opt/devkitpro/libnds/lib/libnds9.a(trig.o)
                0x000000000200c68c                sinLerp
 .text.cosLerp  0x000000000200c6cc       0x4c /opt/devkitpro/libnds/lib/libnds9.a(trig.o)
                0x000000000200c6cc                cosLerp
 .text.tanLerp  0x000000000200c718       0xb0 /opt/devkitpro/libnds/lib/libnds9.a(trig.o)
                0x000000000200c718                tanLerp
 .text.setBrightness
                0x000000000200c7c8       0x40 /opt/devkitpro/libnds/lib/libnds9.a(video.o)
                0x000000000200c7c8                setBrightness
 .text.vramDefault
                0x000000000200c808       0xd0 /opt/devkitpro/libnds/lib/libnds9.a(video.o)
                0x000000000200c808                vramDefault
 .text.touchRead
                0x000000000200c8d8       0x24 /opt/devkitpro/libnds/lib/libnds9.a(touch.o)
                0x000000000200c8d8                touchRead
 .text.newRow   0x000000000200c8fc       0xa8 /opt/devkitpro/libnds/lib/libnds9.a(console.o)
 .text.consolePrintChar
                0x000000000200c9a4       0xe0 /opt/devkitpro/libnds/lib/libnds9.a(console.o)
                0x000000000200c9a4                consolePrintChar
 .text.con_write
                0x000000000200ca84      0x36c /opt/devkitpro/libnds/lib/libnds9.a(console.o)
                0x000000000200ca84                con_write
 .text.consoleLoadFont
                0x000000000200cdf0      0x2a0 /opt/devkitpro/libnds/lib/libnds9.a(console.o)
                0x000000000200cdf0                consoleLoadFont
 .text.consoleInit
                0x000000000200d090      0x18c /opt/devkitpro/libnds/lib/libnds9.a(console.o)
                0x000000000200d090                consoleInit
 .text.consoleDemoInit
                0x000000000200d21c       0x40 /opt/devkitpro/libnds/lib/libnds9.a(console.o)
                0x000000000200d21c                consoleDemoInit
 .text.consoleClear
                0x000000000200d25c       0x10 /opt/devkitpro/libnds/lib/libnds9.a(console.o)
                0x000000000200d25c                consoleClear
 .text.vramBlock_init
                0x000000000200d26c       0x5c /opt/devkitpro/libnds/lib/libnds9.a(videoGL.o)
                0x000000000200d26c                vramBlock_init
 .text.glInit_C
                0x000000000200d2c8      0x1cc /opt/devkitpro/libnds/lib/libnds9.a(videoGL.o)
                0x000000000200d2c8                glInit_C
 .text.scanKeys
                0x000000000200d494       0x8c /opt/devkitpro/libnds/lib/libnds9.a(keys.o)
                0x000000000200d494                scanKeys
 .text.keysHeld
                0x000000000200d520        0xc /opt/devkitpro/libnds/lib/libnds9.a(keys.o)
                0x000000000200d520                keysHeld
 .text.dldiGetInternal
                0x000000000200d52c       0x34 /opt/devkitpro/libnds/lib/libnds9.a(dldi.o)
                0x000000000200d52c                dldiGetInternal
 .text.get_io_dsisd
                0x000000000200d560       0x24 /opt/devkitpro/libnds/lib/libnds9.a(dldi.o)
                0x000000000200d560                get_io_dsisd
 .text.__syscall_gettod_r
                0x000000000200d584       0x28 /opt/devkitpro/libnds/lib/libnds9.a(initSystem.o)
                0x000000000200d584                __syscall_gettod_r
 .text.__syscall_exit
                0x000000000200d5ac        0x8 /opt/devkitpro/libnds/lib/libnds9.a(initSystem.o)
                0x000000000200d5ac                __syscall_exit
 .text.initSystem
                0x000000000200d5b4      0x180 /opt/devkitpro/libnds/lib/libnds9.a(initSystem.o)
                0x000000000200d5b4                initSystem
 .text.irqDummy
                0x000000000200d734        0x4 /opt/devkitpro/libnds/lib/libnds9.a(interrupts.o)
                0x000000000200d734                irqDummy
 .text.irqSet   0x000000000200d738       0x6c /opt/devkitpro/libnds/lib/libnds9.a(interrupts.o)
                0x000000000200d738                irqSet
 .text.irqInit  0x000000000200d7a4       0x50 /opt/devkitpro/libnds/lib/libnds9.a(interrupts.o)
                0x000000000200d7a4                irqInit
 .text.irqEnable
                0x000000000200d7f4       0x64 /opt/devkitpro/libnds/lib/libnds9.a(interrupts.o)
                0x000000000200d7f4                irqEnable
 .text.systemErrorExit
                0x000000000200d858        0x4 /opt/devkitpro/libnds/lib/libnds9.a(libnds_exit.arm.o)
                0x000000000200d858                systemErrorExit
 .text.__libnds_exit
                0x000000000200d85c       0x5c /opt/devkitpro/libnds/lib/libnds9.a(libnds_exit.arm.o)
                0x000000000200d85c                __libnds_exit
 .text.cardPolledTransfer
                0x000000000200d8b8       0x54 /opt/devkitpro/libnds/lib/libnds9.a(card.o)
                0x000000000200d8b8                cardPolledTransfer
 .text.cardParamCommand
                0x000000000200d90c       0x34 /opt/devkitpro/libnds/lib/libnds9.a(card.o)
                0x000000000200d90c                cardParamCommand
 .text.fifo_queueBlock
                0x000000000200d940       0x44 /opt/devkitpro/libnds/lib/libnds9.a(fifosystem.o)
 .text.fifo_waitBlock
                0x000000000200d984       0x80 /opt/devkitpro/libnds/lib/libnds9.a(fifosystem.o)
 .text.fifoInternalSend.part.0
                0x000000000200da04       0xd4 /opt/devkitpro/libnds/lib/libnds9.a(fifosystem.o)
 .text.fifoInternalSendInterrupt
                0x000000000200dad8       0xb0 /opt/devkitpro/libnds/lib/libnds9.a(fifosystem.o)
 .text.fifoSetValue32Handler
                0x000000000200db88       0xd4 /opt/devkitpro/libnds/lib/libnds9.a(fifosystem.o)
                0x000000000200db88                fifoSetValue32Handler
 .text.fifoSendValue32
                0x000000000200dc5c       0x4c /opt/devkitpro/libnds/lib/libnds9.a(fifosystem.o)
                0x000000000200dc5c                fifoSendValue32
 .text.fifoSendDatamsg
                0x000000000200dca8       0x90 /opt/devkitpro/libnds/lib/libnds9.a(fifosystem.o)
                0x000000000200dca8                fifoSendDatamsg
 .text.fifoGetValue32
                0x000000000200dd38       0x70 /opt/devkitpro/libnds/lib/libnds9.a(fifosystem.o)
                0x000000000200dd38                fifoGetValue32
 .text.fifoGetDatamsg
                0x000000000200dda8       0xf4 /opt/devkitpro/libnds/lib/libnds9.a(fifosystem.o)
                0x000000000200dda8                fifoGetDatamsg
 .text.fifoInternalRecvInterrupt
                0x000000000200de9c      0x37c /opt/devkitpro/libnds/lib/libnds9.a(fifosystem.o)
 .text.fifoSetDatamsgHandler
                0x000000000200e218       0x9c /opt/devkitpro/libnds/lib/libnds9.a(fifosystem.o)
                0x000000000200e218                fifoSetDatamsgHandler
 .text.fifoCheckValue32
                0x000000000200e2b4       0x24 /opt/devkitpro/libnds/lib/libnds9.a(fifosystem.o)
                0x000000000200e2b4                fifoCheckValue32
 .text.fifoInit
                0x000000000200e2d8      0x108 /opt/devkitpro/libnds/lib/libnds9.a(fifosystem.o)
                0x000000000200e2d8                fifoInit
 .text.DC_FlushRange
                0x000000000200e3e0       0x24 /opt/devkitpro/libnds/lib/libnds9.a(dcache.o)
                0x000000000200e3e0                DC_FlushRange
 .text.DC_InvalidateRange
                0x000000000200e404       0x2c /opt/devkitpro/libnds/lib/libnds9.a(dcache.o)
                0x000000000200e404                DC_InvalidateRange
 .text.__libnds_mpu_setup
                0x000000000200e430      0x174 /opt/devkitpro/libnds/lib/libnds9.a(mpu_setup.o)
                0x000000000200e430                __libnds_mpu_setup
 .text.memUncached
                0x000000000200e5a4       0x20 /opt/devkitpro/libnds/lib/libnds9.a(mpu_setup.o)
                0x000000000200e5a4                memUncached
 .text.swiWaitForVBlank
                0x000000000200e5c4        0x8 /opt/devkitpro/libnds/lib/libnds9.a(IntrWait.o)
                0x000000000200e5c4                swiWaitForVBlank
 .text.swiIntrWait
                0x000000000200e5cc       0x70 /opt/devkitpro/libnds/lib/libnds9.a(IntrWait.o)
                0x000000000200e5cc                swiIntrWait
 .text.setCpuClock
                0x000000000200e63c       0x50 /opt/devkitpro/libnds/lib/libnds9.a(cpu_clock.o)
                0x000000000200e63c                setCpuClock
 .text.swiDelay
                0x000000000200e68c        0x4 /opt/devkitpro/libnds/lib/libnds9.a(biosCalls.o)
                0x000000000200e68c                swiDelay
 .text.swiSoftReset
                0x000000000200e690       0x2c /opt/devkitpro/libnds/lib/libnds9.a(swiSoftReset.o)
                0x000000000200e690                swiSoftReset
 .text.checkIfText
                0x000000000200e6bc       0x5c /opt/devkitpro/libnds/lib/libnds9.a(background.o)
                0x000000000200e6bc                checkIfText
 .text.bgUpdate
                0x000000000200e718       0xf4 /opt/devkitpro/libnds/lib/libnds9.a(background.o)
                0x000000000200e718                bgUpdate
 .text.bgInit_call
                0x000000000200e80c       0xc4 /opt/devkitpro/libnds/lib/libnds9.a(background.o)
                0x000000000200e80c                bgInit_call
 .text.bgInitSub_call
                0x000000000200e8d0       0xcc /opt/devkitpro/libnds/lib/libnds9.a(background.o)
                0x000000000200e8d0                bgInitSub_call
 .text.DynamicArrayInit
                0x000000000200e99c       0x18 /opt/devkitpro/libnds/lib/libnds9.a(dynamicArray.o)
                0x000000000200e99c                DynamicArrayInit
 .text.DynamicArraySet
                0x000000000200e9b4       0x48 /opt/devkitpro/libnds/lib/libnds9.a(dynamicArray.o)
                0x000000000200e9b4                DynamicArraySet
 .text.systemValueHandler
                0x000000000200e9fc       0x48 /opt/devkitpro/libnds/lib/libnds9.a(system.o)
                0x000000000200e9fc                systemValueHandler
 .text.systemMsgHandler
                0x000000000200ea44       0x60 /opt/devkitpro/libnds/lib/libnds9.a(system.o)
                0x000000000200ea44                systemMsgHandler
 .text.powerOn  0x000000000200eaa4       0x2c /opt/devkitpro/libnds/lib/libnds9.a(system.o)
                0x000000000200eaa4                powerOn
 .text.__muldi3
                0x000000000200ead0       0x54 /opt/devkitpro/devkitARM/bin/../lib/gcc/arm-none-eabi/11.2.0/thumb/libgcc.a(_muldi3.o)
                0x000000000200ead0                __aeabi_lmul
                0x000000000200ead0                __muldi3
 .text.__udivmoddi4
                0x000000000200eb24      0x19c /opt/devkitpro/devkitARM/bin/../lib/gcc/arm-none-eabi/11.2.0/thumb/libgcc.a(_udivmoddi4.o)
                0x000000000200eb24                __udivmoddi4
 .text.calloc   0x000000000200ecc0       0x18 /opt/devkitpro/devkitARM/bin/../lib/gcc/arm-none-eabi/11.2.0/../../../../arm-none-eabi/lib/thumb/libg.a(lib_a-calloc.o)
                0x000000000200ecc0                calloc
 .text._calloc_r
                0x000000000200ecd8       0xb0 /opt/devkitpro/devkitARM/bin/../lib/gcc/arm-none-eabi/11.2.0/../../../../arm-none-eabi/lib/thumb/libg.a(lib_a-callocr.o)
                0x000000000200ecd8                _calloc_r
 .text.__errno  0x000000000200ed88        0xc /opt/devkitpro/devkitARM/bin/../lib/gcc/arm-none-eabi/11.2.0/../../../../arm-none-eabi/lib/thumb/libg.a(lib_a-errno.o)
                0x000000000200ed88                __errno
 .text._fclose_r
                0x000000000200ed94       0xe8 /opt/devkitpro/devkitARM/bin/../lib/gcc/arm-none-eabi/11.2.0/../../../../arm-none-eabi/lib/thumb/libg.a(lib_a-fclose.o)
                0x000000000200ed94                _fclose_r
 .text.fclose   0x000000000200ee7c       0x14 /opt/devkitpro/devkitARM/bin/../lib/gcc/arm-none-eabi/11.2.0/../../../../arm-none-eabi/lib/thumb/libg.a(lib_a-fclose.o)
                0x000000000200ee7c                fclose
 .text.__sflush_r
                0x000000000200ee90      0x1c0 /opt/devkitpro/devkitARM/bin/../lib/gcc/arm-none-eabi/11.2.0/../../../../arm-none-eabi/lib/thumb/libg.a(lib_a-fflush.o)
                0x000000000200ee90                __sflush_r
 .text._fflush_r
                0x000000000200f050       0x70 /opt/devkitpro/devkitARM/bin/../lib/gcc/arm-none-eabi/11.2.0/../../../../arm-none-eabi/lib/thumb/libg.a(lib_a-fflush.o)
                0x000000000200f050                _fflush_r
 .text.fflush   0x000000000200f0c0       0x2c /opt/devkitpro/devkitARM/bin/../lib/gcc/arm-none-eabi/11.2.0/../../../../arm-none-eabi/lib/thumb/libg.a(lib_a-fflush.o)
                0x000000000200f0c0                fflush
 .text._cleanup_r
                0x000000000200f0ec       0x14 /opt/devkitpro/devkitARM/bin/../lib/gcc/arm-none-eabi/11.2.0/../../../../arm-none-eabi/lib/thumb/libg.a(lib_a-findfp.o)
                0x000000000200f0ec                _cleanup_r
 .text.__sinit  0x000000000200f100      0x124 /opt/devkitpro/devkitARM/bin/../lib/gcc/arm-none-eabi/11.2.0/../../../../arm-none-eabi/lib/thumb/libg.a(lib_a-findfp.o)
                0x000000000200f100                __sinit
 .text.__sfp    0x000000000200f224       0xdc /opt/devkitpro/devkitARM/bin/../lib/gcc/arm-none-eabi/11.2.0/../../../../arm-none-eabi/lib/thumb/libg.a(lib_a-findfp.o)
                0x000000000200f224                __sfp
 .text.__sfp_lock_acquire
                0x000000000200f300       0x14 /opt/devkitpro/devkitARM/bin/../lib/gcc/arm-none-eabi/11.2.0/../../../../arm-none-eabi/lib/thumb/libg.a(lib_a-findfp.o)
                0x000000000200f300                __sfp_lock_acquire
 .text.__sfp_lock_release
                0x000000000200f314       0x14 /opt/devkitpro/devkitARM/bin/../lib/gcc/arm-none-eabi/11.2.0/../../../../arm-none-eabi/lib/thumb/libg.a(lib_a-findfp.o)
                0x000000000200f314                __sfp_lock_release
 .text._fopen_r
                0x000000000200f328       0xb8 /opt/devkitpro/devkitARM/bin/../lib/gcc/arm-none-eabi/11.2.0/../../../../arm-none-eabi/lib/thumb/libg.a(lib_a-fopen.o)
                0x000000000200f328                _fopen_r
 .text.fopen    0x000000000200f3e0       0x18 /opt/devkitpro/devkitARM/bin/../lib/gcc/arm-none-eabi/11.2.0/../../../../arm-none-eabi/lib/thumb/libg.a(lib_a-fopen.o)
                0x000000000200f3e0                fopen
 .text._fread_r
                0x000000000200f3f8      0x1f4 /opt/devkitpro/devkitARM/bin/../lib/gcc/arm-none-eabi/11.2.0/../../../../arm-none-eabi/lib/thumb/libg.a(lib_a-fread.o)
                0x000000000200f3f8                _fread_r
 .text.fread    0x000000000200f5ec       0x24 /opt/devkitpro/devkitARM/bin/../lib/gcc/arm-none-eabi/11.2.0/../../../../arm-none-eabi/lib/thumb/libg.a(lib_a-fread.o)
                0x000000000200f5ec                fread
 .text._malloc_trim_r
                0x000000000200f610       0xa0 /opt/devkitpro/devkitARM/bin/../lib/gcc/arm-none-eabi/11.2.0/../../../../arm-none-eabi/lib/thumb/libg.a(lib_a-freer.o)
                0x000000000200f610                _malloc_trim_r
 .text._free_r  0x000000000200f6b0      0x1d8 /opt/devkitpro/devkitARM/bin/../lib/gcc/arm-none-eabi/11.2.0/../../../../arm-none-eabi/lib/thumb/libg.a(lib_a-freer.o)
                0x000000000200f6b0                _free_r
 .text._fseek_r
                0x000000000200f888       0x18 /opt/devkitpro/devkitARM/bin/../lib/gcc/arm-none-eabi/11.2.0/../../../../arm-none-eabi/lib/thumb/libg.a(lib_a-fseek.o)
                0x000000000200f888                _fseek_r
 .text.fseek    0x000000000200f8a0       0x24 /opt/devkitpro/devkitARM/bin/../lib/gcc/arm-none-eabi/11.2.0/../../../../arm-none-eabi/lib/thumb/libg.a(lib_a-fseek.o)
                0x000000000200f8a0                fseek
 .text._fseeko_r
                0x000000000200f8c4      0x41c /opt/devkitpro/devkitARM/bin/../lib/gcc/arm-none-eabi/11.2.0/../../../../arm-none-eabi/lib/thumb/libg.a(lib_a-fseeko.o)
                0x000000000200f8c4                _fseeko_r
 .text.ftell    0x000000000200fce0       0x24 /opt/devkitpro/devkitARM/bin/../lib/gcc/arm-none-eabi/11.2.0/../../../../arm-none-eabi/lib/thumb/libg.a(lib_a-ftell.o)
                0x000000000200fce0                ftell
 .text._ftello_r
                0x000000000200fd04      0x11c /opt/devkitpro/devkitARM/bin/../lib/gcc/arm-none-eabi/11.2.0/../../../../arm-none-eabi/lib/thumb/libg.a(lib_a-ftello.o)
                0x000000000200fd04                _ftello_r
 .text._fwalk   0x000000000200fe20       0x48 /opt/devkitpro/devkitARM/bin/../lib/gcc/arm-none-eabi/11.2.0/../../../../arm-none-eabi/lib/thumb/libg.a(lib_a-fwalk.o)
                0x000000000200fe20                _fwalk
 .text._fwalk_reent
                0x000000000200fe68       0x50 /opt/devkitpro/devkitARM/bin/../lib/gcc/arm-none-eabi/11.2.0/../../../../arm-none-eabi/lib/thumb/libg.a(lib_a-fwalk.o)
                0x000000000200fe68                _fwalk_reent
 .text.__libc_init_array
                0x000000000200feb8       0x50 /opt/devkitpro/devkitARM/bin/../lib/gcc/arm-none-eabi/11.2.0/../../../../arm-none-eabi/lib/thumb/libg.a(lib_a-init.o)
                0x000000000200feb8                __libc_init_array
 .text.iprintf  0x000000000200ff08       0x24 /opt/devkitpro/devkitARM/bin/../lib/gcc/arm-none-eabi/11.2.0/../../../../arm-none-eabi/lib/thumb/libg.a(lib_a-iprintf.o)
                0x000000000200ff08                iprintf
 .text.localtime_r
                0x000000000200ff2c      0x244 /opt/devkitpro/devkitARM/bin/../lib/gcc/arm-none-eabi/11.2.0/../../../../arm-none-eabi/lib/thumb/libg.a(lib_a-lcltime_r.o)
                0x000000000200ff2c                localtime_r
 .text.__locale_mb_cur_max
                0x0000000002010170       0x10 /opt/devkitpro/devkitARM/bin/../lib/gcc/arm-none-eabi/11.2.0/../../../../arm-none-eabi/lib/thumb/libg.a(lib_a-locale.o)
                0x0000000002010170                __locale_mb_cur_max
 .text.__smakebuf_r
                0x0000000002010180       0xec /opt/devkitpro/devkitARM/bin/../lib/gcc/arm-none-eabi/11.2.0/../../../../arm-none-eabi/lib/thumb/libg.a(lib_a-makebuf.o)
                0x0000000002010180                __smakebuf_r
 .text.__swhatbuf_r
                0x000000000201026c       0x5c /opt/devkitpro/devkitARM/bin/../lib/gcc/arm-none-eabi/11.2.0/../../../../arm-none-eabi/lib/thumb/libg.a(lib_a-makebuf.o)
                0x000000000201026c                __swhatbuf_r
 .text.malloc   0x00000000020102c8       0x14 /opt/devkitpro/devkitARM/bin/../lib/gcc/arm-none-eabi/11.2.0/../../../../arm-none-eabi/lib/thumb/libg.a(lib_a-malloc.o)
                0x00000000020102c8                malloc
 .text.free     0x00000000020102dc       0x14 /opt/devkitpro/devkitARM/bin/../lib/gcc/arm-none-eabi/11.2.0/../../../../arm-none-eabi/lib/thumb/libg.a(lib_a-malloc.o)
                0x00000000020102dc                free
 .text._malloc_r
                0x00000000020102f0      0x58c /opt/devkitpro/devkitARM/bin/../lib/gcc/arm-none-eabi/11.2.0/../../../../arm-none-eabi/lib/thumb/libg.a(lib_a-mallocr.o)
                0x00000000020102f0                _malloc_r
 .text._mbrtowc_r
                0x000000000201087c       0x60 /opt/devkitpro/devkitARM/bin/../lib/gcc/arm-none-eabi/11.2.0/../../../../arm-none-eabi/lib/thumb/libg.a(lib_a-mbrtowc.o)
                0x000000000201087c                _mbrtowc_r
 .text.mbrtowc  0x00000000020108dc       0x7c /opt/devkitpro/devkitARM/bin/../lib/gcc/arm-none-eabi/11.2.0/../../../../arm-none-eabi/lib/thumb/libg.a(lib_a-mbrtowc.o)
                0x00000000020108dc                mbrtowc
 .text.mbsrtowcs
                0x0000000002010958       0x28 /opt/devkitpro/devkitARM/bin/../lib/gcc/arm-none-eabi/11.2.0/../../../../arm-none-eabi/lib/thumb/libg.a(lib_a-mbsrtowcs.o)
                0x0000000002010958                mbsrtowcs
 .text.__utf8_mbtowc
                0x0000000002010980      0x294 /opt/devkitpro/devkitARM/bin/../lib/gcc/arm-none-eabi/11.2.0/../../../../arm-none-eabi/lib/thumb/libg.a(lib_a-mbtowc_r.o)
                0x0000000002010980                __utf8_mbtowc
 .text.memcmp   0x0000000002010c14       0x4c /opt/devkitpro/devkitARM/bin/../lib/gcc/arm-none-eabi/11.2.0/../../../../arm-none-eabi/lib/thumb/libg.a(lib_a-memcmp.o)
                0x0000000002010c14                memcmp
 .text.memcpy   0x0000000002010c60       0xa8 /opt/devkitpro/devkitARM/bin/../lib/gcc/arm-none-eabi/11.2.0/../../../../arm-none-eabi/lib/thumb/libg.a(lib_a-memcpy-stub.o)
                0x0000000002010c60                memcpy
 .text.memmove  0x0000000002010d08       0xbc /opt/devkitpro/devkitARM/bin/../lib/gcc/arm-none-eabi/11.2.0/../../../../arm-none-eabi/lib/thumb/libg.a(lib_a-memmove.o)
                0x0000000002010d08                memmove
 .text.memset   0x0000000002010dc4       0xb0 /opt/devkitpro/devkitARM/bin/../lib/gcc/arm-none-eabi/11.2.0/../../../../arm-none-eabi/lib/thumb/libg.a(lib_a-memset.o)
                0x0000000002010dc4                memset
 .text.validate_structure
                0x0000000002010e74      0x1dc /opt/devkitpro/devkitARM/bin/../lib/gcc/arm-none-eabi/11.2.0/../../../../arm-none-eabi/lib/thumb/libg.a(lib_a-mktime.o)
 .text.mktime   0x0000000002011050      0x450 /opt/devkitpro/devkitARM/bin/../lib/gcc/arm-none-eabi/11.2.0/../../../../arm-none-eabi/lib/thumb/libg.a(lib_a-mktime.o)
                0x0000000002011050                mktime
 .text.__malloc_lock
                0x00000000020114a0       0x14 /opt/devkitpro/devkitARM/bin/../lib/gcc/arm-none-eabi/11.2.0/../../../../arm-none-eabi/lib/thumb/libg.a(lib_a-mlock.o)
                0x00000000020114a0                __malloc_lock
 .text.__malloc_unlock
                0x00000000020114b4       0x14 /opt/devkitpro/devkitARM/bin/../lib/gcc/arm-none-eabi/11.2.0/../../../../arm-none-eabi/lib/thumb/libg.a(lib_a-mlock.o)
                0x00000000020114b4                __malloc_unlock
 .text.realloc  0x00000000020114c8       0x18 /opt/devkitpro/devkitARM/bin/../lib/gcc/arm-none-eabi/11.2.0/../../../../arm-none-eabi/lib/thumb/libg.a(lib_a-realloc.o)
                0x00000000020114c8                realloc
 .text._realloc_r
                0x00000000020114e0      0x380 /opt/devkitpro/devkitARM/bin/../lib/gcc/arm-none-eabi/11.2.0/../../../../arm-none-eabi/lib/thumb/libg.a(lib_a-reallocr.o)
                0x00000000020114e0                _realloc_r
 .text.lflush   0x0000000002011860       0x20 /opt/devkitpro/devkitARM/bin/../lib/gcc/arm-none-eabi/11.2.0/../../../../arm-none-eabi/lib/thumb/libg.a(lib_a-refill.o)
 .text.__srefill_r
                0x0000000002011880      0x118 /opt/devkitpro/devkitARM/bin/../lib/gcc/arm-none-eabi/11.2.0/../../../../arm-none-eabi/lib/thumb/libg.a(lib_a-refill.o)
                0x0000000002011880                __srefill_r
 .text.rewind   0x0000000002011998       0x20 /opt/devkitpro/devkitARM/bin/../lib/gcc/arm-none-eabi/11.2.0/../../../../arm-none-eabi/lib/thumb/libg.a(lib_a-rewind.o)
                0x0000000002011998                rewind
 .text.setvbuf  0x00000000020119b8      0x1ac /opt/devkitpro/devkitARM/bin/../lib/gcc/arm-none-eabi/11.2.0/../../../../arm-none-eabi/lib/thumb/libg.a(lib_a-setvbuf.o)
                0x00000000020119b8                setvbuf
 .text.siscanf  0x0000000002011b64       0x4c /opt/devkitpro/devkitARM/bin/../lib/gcc/arm-none-eabi/11.2.0/../../../../arm-none-eabi/lib/thumb/libg.a(lib_a-siscanf.o)
                0x0000000002011b64                siscanf
 .text.sprintf  0x0000000002011bb0       0x40 /opt/devkitpro/devkitARM/bin/../lib/gcc/arm-none-eabi/11.2.0/../../../../arm-none-eabi/lib/thumb/libg.a(lib_a-sprintf.o)
                0x0000000002011bb0                sprintf
 .text.__sread  0x0000000002011bf0       0x34 /opt/devkitpro/devkitARM/bin/../lib/gcc/arm-none-eabi/11.2.0/../../../../arm-none-eabi/lib/thumb/libg.a(lib_a-stdio.o)
                0x0000000002011bf0                __sread
 .text.__seofread
                0x0000000002011c24        0x4 /opt/devkitpro/devkitARM/bin/../lib/gcc/arm-none-eabi/11.2.0/../../../../arm-none-eabi/lib/thumb/libg.a(lib_a-stdio.o)
                0x0000000002011c24                __seofread
 .text.__swrite
                0x0000000002011c28       0x4c /opt/devkitpro/devkitARM/bin/../lib/gcc/arm-none-eabi/11.2.0/../../../../arm-none-eabi/lib/thumb/libg.a(lib_a-stdio.o)
                0x0000000002011c28                __swrite
 .text.__sseek  0x0000000002011c74       0x40 /opt/devkitpro/devkitARM/bin/../lib/gcc/arm-none-eabi/11.2.0/../../../../arm-none-eabi/lib/thumb/libg.a(lib_a-stdio.o)
                0x0000000002011c74                __sseek
 .text.__sclose
                0x0000000002011cb4       0x10 /opt/devkitpro/devkitARM/bin/../lib/gcc/arm-none-eabi/11.2.0/../../../../arm-none-eabi/lib/thumb/libg.a(lib_a-stdio.o)
                0x0000000002011cb4                __sclose
 .text.stpcpy   0x0000000002011cc4       0x50 /opt/devkitpro/devkitARM/bin/../lib/gcc/arm-none-eabi/11.2.0/../../../../arm-none-eabi/lib/thumb/libg.a(lib_a-stpcpy.o)
                0x0000000002011cc4                stpcpy
 .text.strcasecmp
                0x0000000002011d14       0x48 /opt/devkitpro/devkitARM/bin/../lib/gcc/arm-none-eabi/11.2.0/../../../../arm-none-eabi/lib/thumb/libg.a(lib_a-strcasecmp.o)
                0x0000000002011d14                strcasecmp
 .text.strchr   0x0000000002011d5c       0xc8 /opt/devkitpro/devkitARM/bin/../lib/gcc/arm-none-eabi/11.2.0/../../../../arm-none-eabi/lib/thumb/libg.a(lib_a-strchr.o)
                0x0000000002011d5c                strchr
 .text.strcpy   0x0000000002011e24       0x10 /opt/devkitpro/devkitARM/bin/../lib/gcc/arm-none-eabi/11.2.0/../../../../arm-none-eabi/lib/thumb/libg.a(lib_a-strcpy.o)
                0x0000000002011e24                strcpy
 .text.strdup   0x0000000002011e34       0x14 /opt/devkitpro/devkitARM/bin/../lib/gcc/arm-none-eabi/11.2.0/../../../../arm-none-eabi/lib/thumb/libg.a(lib_a-strdup.o)
                0x0000000002011e34                strdup
 .text._strdup_r
                0x0000000002011e48       0x2c /opt/devkitpro/devkitARM/bin/../lib/gcc/arm-none-eabi/11.2.0/../../../../arm-none-eabi/lib/thumb/libg.a(lib_a-strdup_r.o)
                0x0000000002011e48                _strdup_r
 .text.strlen   0x0000000002011e74       0x60 /opt/devkitpro/devkitARM/bin/../lib/gcc/arm-none-eabi/11.2.0/../../../../arm-none-eabi/lib/thumb/libg.a(lib_a-strlen-stub.o)
                0x0000000002011e74                strlen
 .text.strncasecmp
                0x0000000002011ed4       0x54 /opt/devkitpro/devkitARM/bin/../lib/gcc/arm-none-eabi/11.2.0/../../../../arm-none-eabi/lib/thumb/libg.a(lib_a-strncasecmp.o)
                0x0000000002011ed4                strncasecmp
 .text.strncmp  0x0000000002011f28       0x78 /opt/devkitpro/devkitARM/bin/../lib/gcc/arm-none-eabi/11.2.0/../../../../arm-none-eabi/lib/thumb/libg.a(lib_a-strncmp.o)
                0x0000000002011f28                strncmp
 .text.strncpy  0x0000000002011fa0       0x74 /opt/devkitpro/devkitARM/bin/../lib/gcc/arm-none-eabi/11.2.0/../../../../arm-none-eabi/lib/thumb/libg.a(lib_a-strncpy.o)
                0x0000000002011fa0                strncpy
 .text.strnlen  0x0000000002012014       0x28 /opt/devkitpro/devkitARM/bin/../lib/gcc/arm-none-eabi/11.2.0/../../../../arm-none-eabi/lib/thumb/libg.a(lib_a-strnlen.o)
                0x0000000002012014                strnlen
 .text.strpbrk  0x000000000201203c       0x3c /opt/devkitpro/devkitARM/bin/../lib/gcc/arm-none-eabi/11.2.0/../../../../arm-none-eabi/lib/thumb/libg.a(lib_a-strpbrk.o)
                0x000000000201203c                strpbrk
 .text.strrchr  0x0000000002012078       0x2c /opt/devkitpro/devkitARM/bin/../lib/gcc/arm-none-eabi/11.2.0/../../../../arm-none-eabi/lib/thumb/libg.a(lib_a-strrchr.o)
                0x0000000002012078                strrchr
 .text._strtol_l.part.0
                0x00000000020120a4      0x144 /opt/devkitpro/devkitARM/bin/../lib/gcc/arm-none-eabi/11.2.0/../../../../arm-none-eabi/lib/thumb/libg.a(lib_a-strtol.o)
 .text._strtol_r
                0x00000000020121e8       0x20 /opt/devkitpro/devkitARM/bin/../lib/gcc/arm-none-eabi/11.2.0/../../../../arm-none-eabi/lib/thumb/libg.a(lib_a-strtol.o)
                0x00000000020121e8                _strtol_r
 .text.get_arg  0x0000000002012208       0x32 /opt/devkitpro/devkitARM/bin/../lib/gcc/arm-none-eabi/11.2.0/../../../../arm-none-eabi/lib/thumb/libg.a(lib_a-svfiscanf.o)
 .text._sungetc_r
                0x000000000201223a       0x7e /opt/devkitpro/devkitARM/bin/../lib/gcc/arm-none-eabi/11.2.0/../../../../arm-none-eabi/lib/thumb/libg.a(lib_a-svfiscanf.o)
                0x000000000201223a                _sungetc_r
 .text.__ssrefill_r
                0x00000000020122b8       0x42 /opt/devkitpro/devkitARM/bin/../lib/gcc/arm-none-eabi/11.2.0/../../../../arm-none-eabi/lib/thumb/libg.a(lib_a-svfiscanf.o)
                0x00000000020122b8                __ssrefill_r
 .text._sfread_r
                0x00000000020122fa       0x88 /opt/devkitpro/devkitARM/bin/../lib/gcc/arm-none-eabi/11.2.0/../../../../arm-none-eabi/lib/thumb/libg.a(lib_a-svfiscanf.o)
                0x00000000020122fa                _sfread_r
 *fill*         0x0000000002012382        0x2 ff
 .text.__ssvfiscanf_r
                0x0000000002012384     0x1a04 /opt/devkitpro/devkitARM/bin/../lib/gcc/arm-none-eabi/11.2.0/../../../../arm-none-eabi/lib/thumb/libg.a(lib_a-svfiscanf.o)
                0x0000000002012384                __ssvfiscanf_r
 .text.get_arg  0x0000000002013d88      0x400 /opt/devkitpro/devkitARM/bin/../lib/gcc/arm-none-eabi/11.2.0/../../../../arm-none-eabi/lib/thumb/libg.a(lib_a-svfprintf.o)
 .text._svfprintf_r
                0x0000000002014188     0x22fc /opt/devkitpro/devkitARM/bin/../lib/gcc/arm-none-eabi/11.2.0/../../../../arm-none-eabi/lib/thumb/libg.a(lib_a-svfprintf.o)
                0x0000000002014188                _svfprintf_r
 .text.lseek    0x0000000002016484       0x24 /opt/devkitpro/devkitARM/bin/../lib/gcc/arm-none-eabi/11.2.0/../../../../arm-none-eabi/lib/thumb/libg.a(lib_a-syslseek.o)
                0x0000000002016484                lseek
 .text.open     0x00000000020164a8       0x28 /opt/devkitpro/devkitARM/bin/../lib/gcc/arm-none-eabi/11.2.0/../../../../arm-none-eabi/lib/thumb/libg.a(lib_a-sysopen.o)
                0x00000000020164a8                open
 .text.read     0x00000000020164d0       0x1c /opt/devkitpro/devkitARM/bin/../lib/gcc/arm-none-eabi/11.2.0/../../../../arm-none-eabi/lib/thumb/libg.a(lib_a-sysread.o)
                0x00000000020164d0                read
 .text.time     0x00000000020164ec       0x34 /opt/devkitpro/devkitARM/bin/../lib/gcc/arm-none-eabi/11.2.0/../../../../arm-none-eabi/lib/thumb/libg.a(lib_a-time.o)
                0x00000000020164ec                time
 .text.towlower
                0x0000000002016520       0x10 /opt/devkitpro/devkitARM/bin/../lib/gcc/arm-none-eabi/11.2.0/../../../../arm-none-eabi/lib/thumb/libg.a(lib_a-towlower.o)
                0x0000000002016520                towlower
 .text.towupper
                0x0000000002016530       0x10 /opt/devkitpro/devkitARM/bin/../lib/gcc/arm-none-eabi/11.2.0/../../../../arm-none-eabi/lib/thumb/libg.a(lib_a-towupper.o)
                0x0000000002016530                towupper
 .text.__tzcalc_limits
                0x0000000002016540      0x1b4 /opt/devkitpro/devkitARM/bin/../lib/gcc/arm-none-eabi/11.2.0/../../../../arm-none-eabi/lib/thumb/libg.a(lib_a-tzcalc_limits.o)
                0x0000000002016540                __tzcalc_limits
 .text.__tz_lock
                0x00000000020166f4       0x14 /opt/devkitpro/devkitARM/bin/../lib/gcc/arm-none-eabi/11.2.0/../../../../arm-none-eabi/lib/thumb/libg.a(lib_a-tzlock.o)
                0x00000000020166f4                __tz_lock
 .text.__tz_unlock
                0x0000000002016708       0x14 /opt/devkitpro/devkitARM/bin/../lib/gcc/arm-none-eabi/11.2.0/../../../../arm-none-eabi/lib/thumb/libg.a(lib_a-tzlock.o)
                0x0000000002016708                __tz_unlock
 .text._tzset_unlocked
                0x000000000201671c       0x10 /opt/devkitpro/devkitARM/bin/../lib/gcc/arm-none-eabi/11.2.0/../../../../arm-none-eabi/lib/thumb/libg.a(lib_a-tzset.o)
                0x000000000201671c                _tzset_unlocked
 .text._tzset_unlocked_r
                0x000000000201672c      0x370 /opt/devkitpro/devkitARM/bin/../lib/gcc/arm-none-eabi/11.2.0/../../../../arm-none-eabi/lib/thumb/libg.a(lib_a-tzset_r.o)
                0x000000000201672c                _tzset_unlocked_r
 .text.__submore
                0x0000000002016a9c       0x88 /opt/devkitpro/devkitARM/bin/../lib/gcc/arm-none-eabi/11.2.0/../../../../arm-none-eabi/lib/thumb/libg.a(lib_a-ungetc.o)
                0x0000000002016a9c                __submore
 .text.get_arg  0x0000000002016b24      0x400 /opt/devkitpro/devkitARM/bin/../lib/gcc/arm-none-eabi/11.2.0/../../../../arm-none-eabi/lib/thumb/libg.a(lib_a-vfiprintf.o)
 .text.__sprint_r
                0x0000000002016f24       0x24 /opt/devkitpro/devkitARM/bin/../lib/gcc/arm-none-eabi/11.2.0/../../../../arm-none-eabi/lib/thumb/libg.a(lib_a-vfiprintf.o)
                0x0000000002016f24                __sprint_r
 .text._vfiprintf_r
                0x0000000002016f48     0x1710 /opt/devkitpro/devkitARM/bin/../lib/gcc/arm-none-eabi/11.2.0/../../../../arm-none-eabi/lib/thumb/libg.a(lib_a-vfiprintf.o)
                0x0000000002016f48                _vfiprintf_r
 .text.__sbprintf
                0x0000000002018658       0x8c /opt/devkitpro/devkitARM/bin/../lib/gcc/arm-none-eabi/11.2.0/../../../../arm-none-eabi/lib/thumb/libg.a(lib_a-vfiprintf.o)
 .text._wcrtomb_r
                0x00000000020186e4       0x5c /opt/devkitpro/devkitARM/bin/../lib/gcc/arm-none-eabi/11.2.0/../../../../arm-none-eabi/lib/thumb/libg.a(lib_a-wcrtomb.o)
                0x00000000020186e4                _wcrtomb_r
 .text.wcrtomb  0x0000000002018740       0x74 /opt/devkitpro/devkitARM/bin/../lib/gcc/arm-none-eabi/11.2.0/../../../../arm-none-eabi/lib/thumb/libg.a(lib_a-wcrtomb.o)
                0x0000000002018740                wcrtomb
 .text._wcsrtombs_r
                0x00000000020187b4       0x1c /opt/devkitpro/devkitARM/bin/../lib/gcc/arm-none-eabi/11.2.0/../../../../arm-none-eabi/lib/thumb/libg.a(lib_a-wcsrtombs.o)
                0x00000000020187b4                _wcsrtombs_r
 .text.wctob    0x00000000020187d0       0x48 /opt/devkitpro/devkitARM/bin/../lib/gcc/arm-none-eabi/11.2.0/../../../../arm-none-eabi/lib/thumb/libg.a(lib_a-wctob.o)
                0x00000000020187d0                wctob
 .text.__utf8_wctomb
                0x0000000002018818       0xb4 /opt/devkitpro/devkitARM/bin/../lib/gcc/arm-none-eabi/11.2.0/../../../../arm-none-eabi/lib/thumb/libg.a(lib_a-wctomb_r.o)
                0x0000000002018818                __utf8_wctomb
 .text.__swsetup_r
                0x00000000020188cc       0xe4 /opt/devkitpro/devkitARM/bin/../lib/gcc/arm-none-eabi/11.2.0/../../../../arm-none-eabi/lib/thumb/libg.a(lib_a-wsetup.o)
                0x00000000020188cc                __swsetup_r
 .text.div      0x00000000020189b0       0x34 /opt/devkitpro/devkitARM/bin/../lib/gcc/arm-none-eabi/11.2.0/../../../../arm-none-eabi/lib/thumb/libg.a(lib_a-div.o)
                0x00000000020189b0                div
 .text.quorem   0x00000000020189e4      0x148 /opt/devkitpro/devkitARM/bin/../lib/gcc/arm-none-eabi/11.2.0/../../../../arm-none-eabi/lib/thumb/libg.a(lib_a-dtoa.o)
 .text._dtoa_r  0x0000000002018b2c      0xfc4 /opt/devkitpro/devkitARM/bin/../lib/gcc/arm-none-eabi/11.2.0/../../../../arm-none-eabi/lib/thumb/libg.a(lib_a-dtoa.o)
                0x0000000002018b2c                _dtoa_r
 .text.__sflags
                0x0000000002019af0       0xa4 /opt/devkitpro/devkitARM/bin/../lib/gcc/arm-none-eabi/11.2.0/../../../../arm-none-eabi/lib/thumb/libg.a(lib_a-flags.o)
                0x0000000002019af0                __sflags
 .text.__sfvwrite_r
                0x0000000002019b94      0x34c /opt/devkitpro/devkitARM/bin/../lib/gcc/arm-none-eabi/11.2.0/../../../../arm-none-eabi/lib/thumb/libg.a(lib_a-fvwrite.o)
                0x0000000002019b94                __sfvwrite_r
 .text._findenv_r
                0x0000000002019ee0       0x94 /opt/devkitpro/devkitARM/bin/../lib/gcc/arm-none-eabi/11.2.0/../../../../arm-none-eabi/lib/thumb/libg.a(lib_a-getenv_r.o)
                0x0000000002019ee0                _findenv_r
 .text._getenv_r
                0x0000000002019f74       0x10 /opt/devkitpro/devkitARM/bin/../lib/gcc/arm-none-eabi/11.2.0/../../../../arm-none-eabi/lib/thumb/libg.a(lib_a-getenv_r.o)
                0x0000000002019f74                _getenv_r
 .text.__gettzinfo
                0x0000000002019f84        0x8 /opt/devkitpro/devkitARM/bin/../lib/gcc/arm-none-eabi/11.2.0/../../../../arm-none-eabi/lib/thumb/libg.a(lib_a-gettzinfo.o)
                0x0000000002019f84                __gettzinfo
 .text.gmtime_r
                0x0000000002019f8c      0x1c8 /opt/devkitpro/devkitARM/bin/../lib/gcc/arm-none-eabi/11.2.0/../../../../arm-none-eabi/lib/thumb/libg.a(lib_a-gmtime_r.o)
                0x0000000002019f8c                gmtime_r
 .text.iswspace
                0x000000000201a154       0x10 /opt/devkitpro/devkitARM/bin/../lib/gcc/arm-none-eabi/11.2.0/../../../../arm-none-eabi/lib/thumb/libg.a(lib_a-iswspace.o)
                0x000000000201a154                iswspace
 .text._localeconv_r
                0x000000000201a164        0x8 /opt/devkitpro/devkitARM/bin/../lib/gcc/arm-none-eabi/11.2.0/../../../../arm-none-eabi/lib/thumb/libg.a(lib_a-localeconv.o)
                0x000000000201a164                _localeconv_r
 .text._mbsnrtowcs_r
                0x000000000201a16c       0xbc /opt/devkitpro/devkitARM/bin/../lib/gcc/arm-none-eabi/11.2.0/../../../../arm-none-eabi/lib/thumb/libg.a(lib_a-mbsnrtowcs.o)
                0x000000000201a16c                _mbsnrtowcs_r
 .text.memchr   0x000000000201a228       0x78 /opt/devkitpro/devkitARM/bin/../lib/gcc/arm-none-eabi/11.2.0/../../../../arm-none-eabi/lib/thumb/libg.a(lib_a-memchr-stub.o)
                0x000000000201a228                memchr
 .text._Balloc  0x000000000201a2a0       0x54 /opt/devkitpro/devkitARM/bin/../lib/gcc/arm-none-eabi/11.2.0/../../../../arm-none-eabi/lib/thumb/libg.a(lib_a-mprec.o)
                0x000000000201a2a0                _Balloc
 .text._Bfree   0x000000000201a2f4       0x14 /opt/devkitpro/devkitARM/bin/../lib/gcc/arm-none-eabi/11.2.0/../../../../arm-none-eabi/lib/thumb/libg.a(lib_a-mprec.o)
                0x000000000201a2f4                _Bfree
 .text.__multadd
                0x000000000201a308       0xac /opt/devkitpro/devkitARM/bin/../lib/gcc/arm-none-eabi/11.2.0/../../../../arm-none-eabi/lib/thumb/libg.a(lib_a-mprec.o)
                0x000000000201a308                __multadd
 .text.__hi0bits
                0x000000000201a3b4       0x38 /opt/devkitpro/devkitARM/bin/../lib/gcc/arm-none-eabi/11.2.0/../../../../arm-none-eabi/lib/thumb/libg.a(lib_a-mprec.o)
                0x000000000201a3b4                __hi0bits
 .text.__lo0bits
                0x000000000201a3ec       0x5c /opt/devkitpro/devkitARM/bin/../lib/gcc/arm-none-eabi/11.2.0/../../../../arm-none-eabi/lib/thumb/libg.a(lib_a-mprec.o)
                0x000000000201a3ec                __lo0bits
 .text.__i2b    0x000000000201a448       0x64 /opt/devkitpro/devkitARM/bin/../lib/gcc/arm-none-eabi/11.2.0/../../../../arm-none-eabi/lib/thumb/libg.a(lib_a-mprec.o)
                0x000000000201a448                __i2b
 .text.__multiply
                0x000000000201a4ac      0x1a8 /opt/devkitpro/devkitARM/bin/../lib/gcc/arm-none-eabi/11.2.0/../../../../arm-none-eabi/lib/thumb/libg.a(lib_a-mprec.o)
                0x000000000201a4ac                __multiply
 .text.__pow5mult
                0x000000000201a654       0xd8 /opt/devkitpro/devkitARM/bin/../lib/gcc/arm-none-eabi/11.2.0/../../../../arm-none-eabi/lib/thumb/libg.a(lib_a-mprec.o)
                0x000000000201a654                __pow5mult
 .text.__lshift
                0x000000000201a72c      0x104 /opt/devkitpro/devkitARM/bin/../lib/gcc/arm-none-eabi/11.2.0/../../../../arm-none-eabi/lib/thumb/libg.a(lib_a-mprec.o)
                0x000000000201a72c                __lshift
 .text.__mcmp   0x000000000201a830       0x38 /opt/devkitpro/devkitARM/bin/../lib/gcc/arm-none-eabi/11.2.0/../../../../arm-none-eabi/lib/thumb/libg.a(lib_a-mprec.o)
                0x000000000201a830                __mcmp
 .text.__mdiff  0x000000000201a868      0x198 /opt/devkitpro/devkitARM/bin/../lib/gcc/arm-none-eabi/11.2.0/../../../../arm-none-eabi/lib/thumb/libg.a(lib_a-mprec.o)
                0x000000000201a868                __mdiff
 .text.__d2b    0x000000000201aa00       0xd0 /opt/devkitpro/devkitARM/bin/../lib/gcc/arm-none-eabi/11.2.0/../../../../arm-none-eabi/lib/thumb/libg.a(lib_a-mprec.o)
                0x000000000201aa00                __d2b
 .text.__sccl   0x000000000201aad0       0x90 /opt/devkitpro/devkitARM/bin/../lib/gcc/arm-none-eabi/11.2.0/../../../../arm-none-eabi/lib/thumb/libg.a(lib_a-sccl.o)
                0x000000000201aad0                __sccl
 .text.frexp    0x000000000201ab60       0x68 /opt/devkitpro/devkitARM/bin/../lib/gcc/arm-none-eabi/11.2.0/../../../../arm-none-eabi/lib/thumb/libg.a(lib_a-s_frexp.o)
                0x000000000201ab60                frexp
 .text._strtoll_l.constprop.0
                0x000000000201abc8      0x1a4 /opt/devkitpro/devkitARM/bin/../lib/gcc/arm-none-eabi/11.2.0/../../../../arm-none-eabi/lib/thumb/libg.a(lib_a-strtoll.o)
 .text._strtoll_r
                0x000000000201ad6c        0xc /opt/devkitpro/devkitARM/bin/../lib/gcc/arm-none-eabi/11.2.0/../../../../arm-none-eabi/lib/thumb/libg.a(lib_a-strtoll.o)
                0x000000000201ad6c                _strtoll_r
 .text._strtoull_l.constprop.0
                0x000000000201ad78      0x1c0 /opt/devkitpro/devkitARM/bin/../lib/gcc/arm-none-eabi/11.2.0/../../../../arm-none-eabi/lib/thumb/libg.a(lib_a-strtoull.o)
 .text._strtoull_r
                0x000000000201af38        0xc /opt/devkitpro/devkitARM/bin/../lib/gcc/arm-none-eabi/11.2.0/../../../../arm-none-eabi/lib/thumb/libg.a(lib_a-strtoull.o)
                0x000000000201af38                _strtoull_r
 .text._strtoul_l.constprop.0
                0x000000000201af44      0x148 /opt/devkitpro/devkitARM/bin/../lib/gcc/arm-none-eabi/11.2.0/../../../../arm-none-eabi/lib/thumb/libg.a(lib_a-strtoul.o)
 .text._strtoul_r
                0x000000000201b08c        0xc /opt/devkitpro/devkitARM/bin/../lib/gcc/arm-none-eabi/11.2.0/../../../../arm-none-eabi/lib/thumb/libg.a(lib_a-strtoul.o)
                0x000000000201b08c                _strtoul_r
 .text.strtoul  0x000000000201b098       0x1c /opt/devkitpro/devkitARM/bin/../lib/gcc/arm-none-eabi/11.2.0/../../../../arm-none-eabi/lib/thumb/libg.a(lib_a-strtoul.o)
                0x000000000201b098                strtoul
 .text.__ssprint_r
                0x000000000201b0b4      0x124 /opt/devkitpro/devkitARM/bin/../lib/gcc/arm-none-eabi/11.2.0/../../../../arm-none-eabi/lib/thumb/libg.a(lib_a-svfiprintf.o)
                0x000000000201b0b4                __ssprint_r
 .text.towctrans
                0x000000000201b1d8       0x28 /opt/devkitpro/devkitARM/bin/../lib/gcc/arm-none-eabi/11.2.0/../../../../arm-none-eabi/lib/thumb/libg.a(lib_a-towctrans.o)
                0x000000000201b1d8                towctrans
 .text._wcsnrtombs_l
                0x000000000201b200      0x110 /opt/devkitpro/devkitARM/bin/../lib/gcc/arm-none-eabi/11.2.0/../../../../arm-none-eabi/lib/thumb/libg.a(lib_a-wcsnrtombs.o)
                0x000000000201b200                _wcsnrtombs_l
 .text._wcsnrtombs_r
                0x000000000201b310       0x30 /opt/devkitpro/devkitARM/bin/../lib/gcc/arm-none-eabi/11.2.0/../../../../arm-none-eabi/lib/thumb/libg.a(lib_a-wcsnrtombs.o)
                0x000000000201b310                _wcsnrtombs_r
 .text.__assert_func
                0x000000000201b340       0x40 /opt/devkitpro/devkitARM/bin/../lib/gcc/arm-none-eabi/11.2.0/../../../../arm-none-eabi/lib/thumb/libg.a(lib_a-assert.o)
                0x000000000201b340                __assert_func
 .text.__env_lock
                0x000000000201b380       0x14 /opt/devkitpro/devkitARM/bin/../lib/gcc/arm-none-eabi/11.2.0/../../../../arm-none-eabi/lib/thumb/libg.a(lib_a-envlock.o)
                0x000000000201b380                __env_lock
 .text.__env_unlock
                0x000000000201b394       0x14 /opt/devkitpro/devkitARM/bin/../lib/gcc/arm-none-eabi/11.2.0/../../../../arm-none-eabi/lib/thumb/libg.a(lib_a-envlock.o)
                0x000000000201b394                __env_unlock
 .text.fiprintf
                0x000000000201b3a8       0x28 /opt/devkitpro/devkitARM/bin/../lib/gcc/arm-none-eabi/11.2.0/../../../../arm-none-eabi/lib/thumb/libg.a(lib_a-fiprintf.o)
                0x000000000201b3a8                fiprintf
 .text.iswspace_l
                0x000000000201b3d0       0x2c /opt/devkitpro/devkitARM/bin/../lib/gcc/arm-none-eabi/11.2.0/../../../../arm-none-eabi/lib/thumb/libg.a(lib_a-iswspace_l.o)
                0x000000000201b3d0                iswspace_l
 .text.__jp2uc  0x000000000201b3fc      0x154 /opt/devkitpro/devkitARM/bin/../lib/gcc/arm-none-eabi/11.2.0/../../../../arm-none-eabi/lib/thumb/libg.a(lib_a-jp2uc.o)
 .text._jp2uc_l
                0x000000000201b550       0x6c /opt/devkitpro/devkitARM/bin/../lib/gcc/arm-none-eabi/11.2.0/../../../../arm-none-eabi/lib/thumb/libg.a(lib_a-jp2uc.o)
                0x000000000201b550                _jp2uc_l
 .text._uc2jp_l
                0x000000000201b5bc       0x4c /opt/devkitpro/devkitARM/bin/../lib/gcc/arm-none-eabi/11.2.0/../../../../arm-none-eabi/lib/thumb/libg.a(lib_a-jp2uc.o)
                0x000000000201b5bc                _uc2jp_l
 .text.towctrans_l
                0x000000000201b608      0x1b4 /opt/devkitpro/devkitARM/bin/../lib/gcc/arm-none-eabi/11.2.0/../../../../arm-none-eabi/lib/thumb/libg.a(lib_a-towctrans_l.o)
                0x000000000201b608                towctrans_l
 .text.abort    0x000000000201b7bc       0x10 /opt/devkitpro/devkitARM/bin/../lib/gcc/arm-none-eabi/11.2.0/../../../../arm-none-eabi/lib/thumb/libg.a(lib_a-abort.o)
                0x000000000201b7bc                abort
 .text.category
                0x000000000201b7cc       0x54 /opt/devkitpro/devkitARM/bin/../lib/gcc/arm-none-eabi/11.2.0/../../../../arm-none-eabi/lib/thumb/libg.a(lib_a-categories.o)
                0x000000000201b7cc                category
 .text._raise_r
                0x000000000201b820       0x64 /opt/devkitpro/devkitARM/bin/../lib/gcc/arm-none-eabi/11.2.0/../../../../arm-none-eabi/lib/thumb/libg.a(lib_a-signal.o)
                0x000000000201b820                _raise_r
 .text.raise    0x000000000201b884       0x14 /opt/devkitpro/devkitARM/bin/../lib/gcc/arm-none-eabi/11.2.0/../../../../arm-none-eabi/lib/thumb/libg.a(lib_a-signal.o)
                0x000000000201b884                raise
 .text.null_write
                0x000000000201b898        0x4 /opt/devkitpro/devkitARM/bin/../lib/gcc/arm-none-eabi/11.2.0/../../../../arm-none-eabi/lib/thumb/libsysbase.a(iosupport.o)
 .text.setDefaultDevice
                0x000000000201b89c       0x10 /opt/devkitpro/devkitARM/bin/../lib/gcc/arm-none-eabi/11.2.0/../../../../arm-none-eabi/lib/thumb/libsysbase.a(iosupport.o)
                0x000000000201b89c                setDefaultDevice
 .text.FindDevice
                0x000000000201b8ac       0x98 /opt/devkitpro/devkitARM/bin/../lib/gcc/arm-none-eabi/11.2.0/../../../../arm-none-eabi/lib/thumb/libsysbase.a(iosupport.o)
                0x000000000201b8ac                FindDevice
 .text.AddDevice
                0x000000000201b944       0x78 /opt/devkitpro/devkitARM/bin/../lib/gcc/arm-none-eabi/11.2.0/../../../../arm-none-eabi/lib/thumb/libsysbase.a(iosupport.o)
                0x000000000201b944                AddDevice
 .text.GetDeviceOpTab
                0x000000000201b9bc       0x20 /opt/devkitpro/devkitARM/bin/../lib/gcc/arm-none-eabi/11.2.0/../../../../arm-none-eabi/lib/thumb/libsysbase.a(iosupport.o)
                0x000000000201b9bc                GetDeviceOpTab
 .text._fstat_r
                0x000000000201b9dc       0x4c /opt/devkitpro/devkitARM/bin/../lib/gcc/arm-none-eabi/11.2.0/../../../../arm-none-eabi/lib/thumb/libsysbase.a(fstat.o)
                0x000000000201b9dc                _fstat_r
 .text._getpid_r
                0x000000000201ba28        0xc /opt/devkitpro/devkitARM/bin/../lib/gcc/arm-none-eabi/11.2.0/../../../../arm-none-eabi/lib/thumb/libsysbase.a(getpid.o)
                0x000000000201ba28                _getpid_r
 .text._gettimeofday_r
                0x000000000201ba34       0x20 /opt/devkitpro/devkitARM/bin/../lib/gcc/arm-none-eabi/11.2.0/../../../../arm-none-eabi/lib/thumb/libsysbase.a(gettod.o)
                0x000000000201ba34                _gettimeofday_r
 .text._isatty_r
                0x000000000201ba54        0x4 /opt/devkitpro/devkitARM/bin/../lib/gcc/arm-none-eabi/11.2.0/../../../../arm-none-eabi/lib/thumb/libsysbase.a(isatty.o)
                0x000000000201ba54                _isatty_r
 .text._kill_r  0x000000000201ba58        0xc /opt/devkitpro/devkitARM/bin/../lib/gcc/arm-none-eabi/11.2.0/../../../../arm-none-eabi/lib/thumb/libsysbase.a(kill.o)
                0x000000000201ba58                _kill_r
 .text._lseek_r
                0x000000000201ba64       0x5c /opt/devkitpro/devkitARM/bin/../lib/gcc/arm-none-eabi/11.2.0/../../../../arm-none-eabi/lib/thumb/libsysbase.a(lseek.o)
                0x000000000201ba64                _lseek_r
 .text._open_r  0x000000000201bac0       0x9c /opt/devkitpro/devkitARM/bin/../lib/gcc/arm-none-eabi/11.2.0/../../../../arm-none-eabi/lib/thumb/libsysbase.a(open.o)
                0x000000000201bac0                _open_r
 .text._read_r  0x000000000201bb5c       0x50 /opt/devkitpro/devkitARM/bin/../lib/gcc/arm-none-eabi/11.2.0/../../../../arm-none-eabi/lib/thumb/libsysbase.a(read.o)
                0x000000000201bb5c                _read_r
 .text._sbrk_r  0x000000000201bbac       0x54 /opt/devkitpro/devkitARM/bin/../lib/gcc/arm-none-eabi/11.2.0/../../../../arm-none-eabi/lib/thumb/libsysbase.a(sbrk.o)
                0x000000000201bbac                _sbrk_r
 .text._write_r
                0x000000000201bc00       0x50 /opt/devkitpro/devkitARM/bin/../lib/gcc/arm-none-eabi/11.2.0/../../../../arm-none-eabi/lib/thumb/libsysbase.a(write.o)
                0x000000000201bc00                _write_r
 .text._exit    0x000000000201bc50       0x14 /opt/devkitpro/devkitARM/bin/../lib/gcc/arm-none-eabi/11.2.0/../../../../arm-none-eabi/lib/thumb/libsysbase.a(_exit.o)
                0x000000000201bc50                _exit
 .text._concatenate_path
                0x000000000201bc64      0x128 /opt/devkitpro/devkitARM/bin/../lib/gcc/arm-none-eabi/11.2.0/../../../../arm-none-eabi/lib/thumb/libsysbase.a(chdir.o)
                0x000000000201bc64                _concatenate_path
 .text.chdir    0x000000000201bd8c       0xf0 /opt/devkitpro/devkitARM/bin/../lib/gcc/arm-none-eabi/11.2.0/../../../../arm-none-eabi/lib/thumb/libsysbase.a(chdir.o)
                0x000000000201bd8c                chdir
 .text.getcwd   0x000000000201be7c       0x60 /opt/devkitpro/devkitARM/bin/../lib/gcc/arm-none-eabi/11.2.0/../../../../arm-none-eabi/lib/thumb/libsysbase.a(chdir.o)
                0x000000000201be7c                getcwd
 .text.build_argv
                0x000000000201bedc       0x4c /opt/devkitpro/devkitARM/bin/../lib/gcc/arm-none-eabi/11.2.0/../../../../arm-none-eabi/lib/thumb/libsysbase.a(build_argv.o)
                0x000000000201bedc                build_argv
 .text.__flockfile
                0x000000000201bf28       0x10 /opt/devkitpro/devkitARM/bin/../lib/gcc/arm-none-eabi/11.2.0/../../../../arm-none-eabi/lib/thumb/libsysbase.a(flock.o)
                0x000000000201bf28                __flockfile
 .text.__funlockfile
                0x000000000201bf38       0x10 /opt/devkitpro/devkitARM/bin/../lib/gcc/arm-none-eabi/11.2.0/../../../../arm-none-eabi/lib/thumb/libsysbase.a(flock.o)
                0x000000000201bf38                __funlockfile
 .text.__release_handle
                0x000000000201bf48       0x68 /opt/devkitpro/devkitARM/bin/../lib/gcc/arm-none-eabi/11.2.0/../../../../arm-none-eabi/lib/thumb/libsysbase.a(handle_manager.o)
                0x000000000201bf48                __release_handle
 .text.__alloc_handle
                0x000000000201bfb0       0x80 /opt/devkitpro/devkitARM/bin/../lib/gcc/arm-none-eabi/11.2.0/../../../../arm-none-eabi/lib/thumb/libsysbase.a(handle_manager.o)
                0x000000000201bfb0                __alloc_handle
 .text.__get_handle
                0x000000000201c030       0x34 /opt/devkitpro/devkitARM/bin/../lib/gcc/arm-none-eabi/11.2.0/../../../../arm-none-eabi/lib/thumb/libsysbase.a(handle_manager.o)
                0x000000000201c030                __get_handle
 .text._close_r
                0x000000000201c064       0xb8 /opt/devkitpro/devkitARM/bin/../lib/gcc/arm-none-eabi/11.2.0/../../../../arm-none-eabi/lib/thumb/libsysbase.a(handle_manager.o)
                0x000000000201c064                _close_r
 .text.__getreent
                0x000000000201c11c       0x20 /opt/devkitpro/devkitARM/bin/../lib/gcc/arm-none-eabi/11.2.0/../../../../arm-none-eabi/lib/thumb/libsysbase.a(getreent.o)
                0x000000000201c11c                __getreent
 .text.__libc_lock_acquire
                0x000000000201c13c       0x18 /opt/devkitpro/devkitARM/bin/../lib/gcc/arm-none-eabi/11.2.0/../../../../arm-none-eabi/lib/thumb/libsysbase.a(syscall_support.o)
                0x000000000201c13c                __libc_lock_acquire
 .text.__libc_lock_release
                0x000000000201c154       0x18 /opt/devkitpro/devkitARM/bin/../lib/gcc/arm-none-eabi/11.2.0/../../../../arm-none-eabi/lib/thumb/libsysbase.a(syscall_support.o)
                0x000000000201c154                __libc_lock_release
 .text.__libc_lock_init_recursive
                0x000000000201c16c       0x18 /opt/devkitpro/devkitARM/bin/../lib/gcc/arm-none-eabi/11.2.0/../../../../arm-none-eabi/lib/thumb/libsysbase.a(syscall_support.o)
                0x000000000201c16c                __libc_lock_init_recursive
 .text.__libc_lock_acquire_recursive
                0x000000000201c184       0x18 /opt/devkitpro/devkitARM/bin/../lib/gcc/arm-none-eabi/11.2.0/../../../../arm-none-eabi/lib/thumb/libsysbase.a(syscall_support.o)
                0x000000000201c184                __libc_lock_acquire_recursive
 .text.__libc_lock_release_recursive
                0x000000000201c19c       0x18 /opt/devkitpro/devkitARM/bin/../lib/gcc/arm-none-eabi/11.2.0/../../../../arm-none-eabi/lib/thumb/libsysbase.a(syscall_support.o)
                0x000000000201c19c                __libc_lock_release_recursive
 .text.__libc_lock_close_recursive
                0x000000000201c1b4       0x18 /opt/devkitpro/devkitARM/bin/../lib/gcc/arm-none-eabi/11.2.0/../../../../arm-none-eabi/lib/thumb/libsysbase.a(syscall_support.o)
                0x000000000201c1b4                __libc_lock_close_recursive
 *fill*         0x000000000201c1cc        0x4 ff
 .text.__libc_lock_close_recursive.__stub
                0x000000000201c1d0      0x110 linker stubs
 *(EXCLUDE_FILE(*.twl*) .gnu.warning)
 *(EXCLUDE_FILE(*.twl*) .gnu.linkonce.t*)
 *(.glue_7)
 .glue_7        0x000000000201c2f0        0x0 linker stubs
 *(.glue_7t)
 .glue_7t       0x000000000201c2f0        0x0 linker stubs
                0x000000000201c2f0                . = ALIGN (0x4)

.vfp11_veneer   0x000000000201c2f0        0x0
 .vfp11_veneer  0x000000000201c2f0        0x0 linker stubs

.v4_bx          0x000000000201c2f0        0x0
 .v4_bx         0x000000000201c2f0        0x0 linker stubs

.iplt           0x000000000201c2f0        0x0
 .iplt          0x000000000201c2f0        0x0 /opt/devkitpro/devkitARM/bin/../lib/gcc/arm-none-eabi/11.2.0/../../../../arm-none-eabi/lib/thumb/ds_arm9_crt0.o

.fini           0x000000000201c2f0        0xc
 *(.fini)
 .fini          0x000000000201c2f0        0x4 /opt/devkitpro/devkitARM/bin/../lib/gcc/arm-none-eabi/11.2.0/thumb/crti.o
                0x000000000201c2f0                _fini
 .fini          0x000000000201c2f4        0x8 /opt/devkitpro/devkitARM/bin/../lib/gcc/arm-none-eabi/11.2.0/thumb/crtn.o
                0x000000000201c2fc                __text_end = .

.rodata         0x000000000201c300     0x9700
 *(EXCLUDE_FILE(*.twl*) .rodata)
 .rodata        0x000000000201c300       0x20 /media/adrian/129A6F639A6F41F9/N3lib/examples/texcube/nflib/lib/libn3lib.a(n3_debug.o)
 *all.rodata*(*)
 *(EXCLUDE_FILE(*.twl*) .roda)
 *(EXCLUDE_FILE(*.twl*) .rodata.*)
 .rodata.str1.4
                0x000000000201c320       0x35 main.o
 *fill*         0x000000000201c355        0x3 ff
 .rodata.str1.4
                0x000000000201c358       0x82 /media/adrian/129A6F639A6F41F9/N3lib/examples/texcube/nflib/lib/libn3lib.a(n3_vram.o)
 *fill*         0x000000000201c3da        0x2 ff
 .rodata.str1.4
                0x000000000201c3dc      0x14e /media/adrian/129A6F639A6F41F9/N3lib/examples/texcube/nflib/lib/libn3lib.a(n3_load.o)
                                        0x17e (size before relaxing)
 *fill*         0x000000000201c52a        0x2 ff
 .rodata.str1.4
                0x000000000201c52c      0x118 /media/adrian/129A6F639A6F41F9/N3lib/examples/texcube/nflib/lib/libn3lib.a(n3_debug.o)
 .rodata.nitroFSInit.str1.4
                0x000000000201c644        0x8 /opt/devkitpro/libnds/lib/libfilesystem.a(nitrofs.o)
 .rodata.str1.4
                0x000000000201c644        0xe /opt/devkitpro/libnds/lib/libfilesystem.a(nitrofs.o)
 *fill*         0x000000000201c652        0x2 ff
 .rodata.fatMount.part.0.str1.4
                0x000000000201c654        0x2 /opt/devkitpro/libnds/lib/libfat.a(libfat.o)
 *fill*         0x000000000201c656        0x2 ff
 .rodata.fatInit.str1.4
                0x000000000201c658        0x3 /opt/devkitpro/libnds/lib/libfat.a(libfat.o)
 *fill*         0x000000000201c65b        0x1 ff
 .rodata.str1.4
                0x000000000201c65c        0x4 /opt/devkitpro/libnds/lib/libfat.a(libfat.o)
 .rodata.dotab_fat
                0x000000000201c660       0x70 /opt/devkitpro/libnds/lib/libfat.a(libfat.o)
 .rodata.str1.4
                0x000000000201c6d0        0x3 /opt/devkitpro/libnds/lib/libfat.a(disc.o)
                                          0x8 (size before relaxing)
 *fill*         0x000000000201c6d3        0x1 ff
 .rodata._FAT_disc_interfaces
                0x000000000201c6d4       0x18 /opt/devkitpro/libnds/lib/libfat.a(disc.o)
                0x000000000201c6d4                _FAT_disc_interfaces
 .rodata._FAT_directory_entryFromPath.str1.4
                0x000000000201c6ec        0x7 /opt/devkitpro/libnds/lib/libfat.a(directory.o)
 .rodata.ILLEGAL_ALIAS_CHARACTERS
                0x000000000201c6ec       0x12 /opt/devkitpro/libnds/lib/libfat.a(directory.o)
 *fill*         0x000000000201c6fe        0x2 ff
 .rodata.ILLEGAL_LFN_CHARACTERS
                0x000000000201c700        0xa /opt/devkitpro/libnds/lib/libfat.a(directory.o)
 *fill*         0x000000000201c70a        0x2 ff
 .rodata.LFN_offset_table
                0x000000000201c70c       0x34 /opt/devkitpro/libnds/lib/libfat.a(directory.o)
 .rodata.FAT_SIG
                0x000000000201c740        0x3 /opt/devkitpro/libnds/lib/libfat.a(partition.o)
 *fill*         0x000000000201c743        0x1 ff
 .rodata.FS_TWL_SIG
                0x000000000201c744        0x8 /opt/devkitpro/libnds/lib/libfat.a(partition.o)
 .rodata.SIN_LUT
                0x000000000201c74c      0x102 /opt/devkitpro/libnds/lib/libnds9.a(trig.o)
                0x000000000201c74c                SIN_LUT
 *fill*         0x000000000201c84e        0x2 ff
 .rodata.TAN_LUT
                0x000000000201c850      0x204 /opt/devkitpro/libnds/lib/libnds9.a(trig.o)
                0x000000000201c850                TAN_LUT
 .rodata.con_write.str1.4
                0x000000000201ca54       0x30 /opt/devkitpro/libnds/lib/libnds9.a(console.o)
 .rodata.con_write
                0x000000000201ca84       0xd4 /opt/devkitpro/libnds/lib/libnds9.a(console.o)
 .rodata.consoleClear.str1.4
                0x000000000201cb58        0x5 /opt/devkitpro/libnds/lib/libnds9.a(console.o)
 *fill*         0x000000000201cb5d        0x3 ff
 .rodata.str1.4
                0x000000000201cb60       0x14 /opt/devkitpro/libnds/lib/libnds9.a(console.o)
 .rodata.dotab_stdout
                0x000000000201cb74       0x70 /opt/devkitpro/libnds/lib/libnds9.a(console.o)
 .rodata.default_font_bin
                0x000000000201cbe4     0x2000 /opt/devkitpro/libnds/lib/libnds9.a(default_font.bin.o)
                0x000000000201cbe4                default_font_bin
                0x000000000201ebe4                default_font_bin_end
 .rodata._ctype_
                0x000000000201ebe4      0x101 /opt/devkitpro/devkitARM/bin/../lib/gcc/arm-none-eabi/11.2.0/../../../../arm-none-eabi/lib/thumb/libg.a(lib_a-ctype_.o)
                0x000000000201ebe4                _ctype_
 *fill*         0x000000000201ece5        0x3 ff
 .rodata._global_impure_ptr
                0x000000000201ece8        0x4 /opt/devkitpro/devkitARM/bin/../lib/gcc/arm-none-eabi/11.2.0/../../../../arm-none-eabi/lib/thumb/libg.a(lib_a-impure.o)
                0x000000000201ece8                _global_impure_ptr
 .rodata.str1.4
                0x000000000201ecec       0x44 /opt/devkitpro/devkitARM/bin/../lib/gcc/arm-none-eabi/11.2.0/../../../../arm-none-eabi/lib/thumb/libg.a(lib_a-locale.o)
                                         0x4c (size before relaxing)
 .rodata._mbrtowc_r.str1.4
                0x000000000201ed30        0x1 /opt/devkitpro/devkitARM/bin/../lib/gcc/arm-none-eabi/11.2.0/../../../../arm-none-eabi/lib/thumb/libg.a(lib_a-mbrtowc.o)
 .rodata.DAYS_IN_MONTH
                0x000000000201ed30       0x30 /opt/devkitpro/devkitARM/bin/../lib/gcc/arm-none-eabi/11.2.0/../../../../arm-none-eabi/lib/thumb/libg.a(lib_a-mktime.o)
 .rodata._DAYS_BEFORE_MONTH
                0x000000000201ed60       0x30 /opt/devkitpro/devkitARM/bin/../lib/gcc/arm-none-eabi/11.2.0/../../../../arm-none-eabi/lib/thumb/libg.a(lib_a-mktime.o)
 .rodata.__month_lengths
                0x000000000201ed90       0x60 /opt/devkitpro/devkitARM/bin/../lib/gcc/arm-none-eabi/11.2.0/../../../../arm-none-eabi/lib/thumb/libg.a(lib_a-month_lengths.o)
                0x000000000201ed90                __month_lengths
 .rodata.basefix.0
                0x000000000201edf0       0x22 /opt/devkitpro/devkitARM/bin/../lib/gcc/arm-none-eabi/11.2.0/../../../../arm-none-eabi/lib/thumb/libg.a(lib_a-svfiscanf.o)
 .rodata._svfprintf_r.str1.1
                0x000000000201ee12       0x3b /opt/devkitpro/devkitARM/bin/../lib/gcc/arm-none-eabi/11.2.0/../../../../arm-none-eabi/lib/thumb/libg.a(lib_a-svfprintf.o)
 *fill*         0x000000000201ee4d        0x3 ff
 .rodata.blanks.1
                0x000000000201ee50       0x10 /opt/devkitpro/devkitARM/bin/../lib/gcc/arm-none-eabi/11.2.0/../../../../arm-none-eabi/lib/thumb/libg.a(lib_a-svfprintf.o)
 .rodata.zeroes.0
                0x000000000201ee60       0x10 /opt/devkitpro/devkitARM/bin/../lib/gcc/arm-none-eabi/11.2.0/../../../../arm-none-eabi/lib/thumb/libg.a(lib_a-svfprintf.o)
 .rodata._tzset_unlocked_r.str1.4
                0x000000000201ee70       0x53 /opt/devkitpro/devkitARM/bin/../lib/gcc/arm-none-eabi/11.2.0/../../../../arm-none-eabi/lib/thumb/libg.a(lib_a-tzset_r.o)
 .rodata.str1.4
                0x000000000201eec3        0x4 /opt/devkitpro/devkitARM/bin/../lib/gcc/arm-none-eabi/11.2.0/../../../../arm-none-eabi/lib/thumb/libg.a(lib_a-tzvars.o)
 .rodata._vfiprintf_r.str1.1
                0x000000000201eec3       0x29 /opt/devkitpro/devkitARM/bin/../lib/gcc/arm-none-eabi/11.2.0/../../../../arm-none-eabi/lib/thumb/libg.a(lib_a-vfiprintf.o)
 *fill*         0x000000000201eec3        0x1 ff
 .rodata.blanks.1
                0x000000000201eec4       0x10 /opt/devkitpro/devkitARM/bin/../lib/gcc/arm-none-eabi/11.2.0/../../../../arm-none-eabi/lib/thumb/libg.a(lib_a-vfiprintf.o)
 .rodata.zeroes.0
                0x000000000201eed4       0x10 /opt/devkitpro/devkitARM/bin/../lib/gcc/arm-none-eabi/11.2.0/../../../../arm-none-eabi/lib/thumb/libg.a(lib_a-vfiprintf.o)
 .rodata._dtoa_r.str1.4
                0x000000000201eee4       0x64 /opt/devkitpro/devkitARM/bin/../lib/gcc/arm-none-eabi/11.2.0/../../../../arm-none-eabi/lib/thumb/libg.a(lib_a-dtoa.o)
 .rodata.__multadd.str1.4
                0x000000000201ef48       0x3d /opt/devkitpro/devkitARM/bin/../lib/gcc/arm-none-eabi/11.2.0/../../../../arm-none-eabi/lib/thumb/libg.a(lib_a-mprec.o)
                                         0x51 (size before relaxing)
 *fill*         0x000000000201ef85        0x3 ff
 .rodata.__mprec_bigtens
                0x000000000201ef88       0x28 /opt/devkitpro/devkitARM/bin/../lib/gcc/arm-none-eabi/11.2.0/../../../../arm-none-eabi/lib/thumb/libg.a(lib_a-mprec.o)
                0x000000000201ef88                __mprec_bigtens
 .rodata.__mprec_tens
                0x000000000201efb0       0xc8 /opt/devkitpro/devkitARM/bin/../lib/gcc/arm-none-eabi/11.2.0/../../../../arm-none-eabi/lib/thumb/libg.a(lib_a-mprec.o)
                0x000000000201efb0                __mprec_tens
 .rodata.p05.0  0x000000000201f078        0xc /opt/devkitpro/devkitARM/bin/../lib/gcc/arm-none-eabi/11.2.0/../../../../arm-none-eabi/lib/thumb/libg.a(lib_a-mprec.o)
 .rodata.__action_table
                0x000000000201f084       0x6c /opt/devkitpro/devkitARM/bin/../lib/gcc/arm-none-eabi/11.2.0/../../../../arm-none-eabi/lib/thumb/libg.a(lib_a-svfiprintf.o)
                0x000000000201f084                __action_table
 .rodata.__chclass
                0x000000000201f0f0      0x100 /opt/devkitpro/devkitARM/bin/../lib/gcc/arm-none-eabi/11.2.0/../../../../arm-none-eabi/lib/thumb/libg.a(lib_a-svfiprintf.o)
                0x000000000201f0f0                __chclass
 .rodata.__state_table
                0x000000000201f1f0       0x6c /opt/devkitpro/devkitARM/bin/../lib/gcc/arm-none-eabi/11.2.0/../../../../arm-none-eabi/lib/thumb/libg.a(lib_a-svfiprintf.o)
                0x000000000201f1f0                __state_table
 .rodata.__assert_func.str1.4
                0x000000000201f25c       0x3f /opt/devkitpro/devkitARM/bin/../lib/gcc/arm-none-eabi/11.2.0/../../../../arm-none-eabi/lib/thumb/libg.a(lib_a-assert.o)
                                         0x43 (size before relaxing)
 *fill*         0x000000000201f29b        0x1 ff
 .rodata.__jp2uc
                0x000000000201f29c       0x20 /opt/devkitpro/devkitARM/bin/../lib/gcc/arm-none-eabi/11.2.0/../../../../arm-none-eabi/lib/thumb/libg.a(lib_a-jp2uc.o)
 .rodata._jp2uc_l.str1.4
                0x000000000201f2bc       0x12 /opt/devkitpro/devkitARM/bin/../lib/gcc/arm-none-eabi/11.2.0/../../../../arm-none-eabi/lib/thumb/libg.a(lib_a-jp2uc.o)
 *fill*         0x000000000201f2ce        0x2 ff
 .rodata.a1     0x000000000201f2d0       0xbc /opt/devkitpro/devkitARM/bin/../lib/gcc/arm-none-eabi/11.2.0/../../../../arm-none-eabi/lib/thumb/libg.a(lib_a-jp2uc.o)
 .rodata.a2     0x000000000201f38c       0xbc /opt/devkitpro/devkitARM/bin/../lib/gcc/arm-none-eabi/11.2.0/../../../../arm-none-eabi/lib/thumb/libg.a(lib_a-jp2uc.o)
 .rodata.a3     0x000000000201f448       0x5b /opt/devkitpro/devkitARM/bin/../lib/gcc/arm-none-eabi/11.2.0/../../../../arm-none-eabi/lib/thumb/libg.a(lib_a-jp2uc.o)
 *fill*         0x000000000201f4a3        0x1 ff
 .rodata.a6     0x000000000201f4a4       0x70 /opt/devkitpro/devkitARM/bin/../lib/gcc/arm-none-eabi/11.2.0/../../../../arm-none-eabi/lib/thumb/libg.a(lib_a-jp2uc.o)
 .rodata.a7     0x000000000201f514       0xa2 /opt/devkitpro/devkitARM/bin/../lib/gcc/arm-none-eabi/11.2.0/../../../../arm-none-eabi/lib/thumb/libg.a(lib_a-jp2uc.o)
 *fill*         0x000000000201f5b6        0x2 ff
 .rodata.a8     0x000000000201f5b8       0x40 /opt/devkitpro/devkitARM/bin/../lib/gcc/arm-none-eabi/11.2.0/../../../../arm-none-eabi/lib/thumb/libg.a(lib_a-jp2uc.o)
 .rodata.b02cf  0x000000000201f5f8     0x172a /opt/devkitpro/devkitARM/bin/../lib/gcc/arm-none-eabi/11.2.0/../../../../arm-none-eabi/lib/thumb/libg.a(lib_a-jp2uc.o)
 *fill*         0x0000000002020d22        0x2 ff
 .rodata.d02f4  0x0000000002020d24     0x1a7c /opt/devkitpro/devkitARM/bin/../lib/gcc/arm-none-eabi/11.2.0/../../../../arm-none-eabi/lib/thumb/libg.a(lib_a-jp2uc.o)
 .rodata.categories
                0x00000000020227a0     0x31e6 /opt/devkitpro/devkitARM/bin/../lib/gcc/arm-none-eabi/11.2.0/../../../../arm-none-eabi/lib/thumb/libg.a(lib_a-categories.o)
 *fill*         0x0000000002025986        0x2 ff
 .rodata.AddDevice.str1.4
                0x0000000002025988        0x8 /opt/devkitpro/devkitARM/bin/../lib/gcc/arm-none-eabi/11.2.0/../../../../arm-none-eabi/lib/thumb/libsysbase.a(iosupport.o)
 .rodata.dotab_stdnull